Archive member included to satisfy reference by file (symbol)

c:/st/stm32cubeide_1.8.0/stm32cubeide/plugins/com.st.stm32cube.ide.mcu.externaltools.gnu-tools-for-stm32.9-2020-q2-update.win32_2.0.0.202105311346/tools/bin/../lib/gcc/arm-none-eabi/9.3.1/../../../../arm-none-eabi/lib/thumb/v7e-m+fp/hard\libc_nano.a(lib_a-errno.o)
                              ./Core/Src/syscalls.o (__errno)
c:/st/stm32cubeide_1.8.0/stm32cubeide/plugins/com.st.stm32cube.ide.mcu.externaltools.gnu-tools-for-stm32.9-2020-q2-update.win32_2.0.0.202105311346/tools/bin/../lib/gcc/arm-none-eabi/9.3.1/../../../../arm-none-eabi/lib/thumb/v7e-m+fp/hard\libc_nano.a(lib_a-exit.o)
                              c:/st/stm32cubeide_1.8.0/stm32cubeide/plugins/com.st.stm32cube.ide.mcu.externaltools.gnu-tools-for-stm32.9-2020-q2-update.win32_2.0.0.202105311346/tools/bin/../lib/gcc/arm-none-eabi/9.3.1/../../../../arm-none-eabi/lib/thumb/v7e-m+fp/hard/crt0.o (exit)
c:/st/stm32cubeide_1.8.0/stm32cubeide/plugins/com.st.stm32cube.ide.mcu.externaltools.gnu-tools-for-stm32.9-2020-q2-update.win32_2.0.0.202105311346/tools/bin/../lib/gcc/arm-none-eabi/9.3.1/../../../../arm-none-eabi/lib/thumb/v7e-m+fp/hard\libc_nano.a(lib_a-impure.o)
                              c:/st/stm32cubeide_1.8.0/stm32cubeide/plugins/com.st.stm32cube.ide.mcu.externaltools.gnu-tools-for-stm32.9-2020-q2-update.win32_2.0.0.202105311346/tools/bin/../lib/gcc/arm-none-eabi/9.3.1/../../../../arm-none-eabi/lib/thumb/v7e-m+fp/hard\libc_nano.a(lib_a-exit.o) (_global_impure_ptr)
c:/st/stm32cubeide_1.8.0/stm32cubeide/plugins/com.st.stm32cube.ide.mcu.externaltools.gnu-tools-for-stm32.9-2020-q2-update.win32_2.0.0.202105311346/tools/bin/../lib/gcc/arm-none-eabi/9.3.1/../../../../arm-none-eabi/lib/thumb/v7e-m+fp/hard\libc_nano.a(lib_a-init.o)
                              c:/st/stm32cubeide_1.8.0/stm32cubeide/plugins/com.st.stm32cube.ide.mcu.externaltools.gnu-tools-for-stm32.9-2020-q2-update.win32_2.0.0.202105311346/tools/bin/../lib/gcc/arm-none-eabi/9.3.1/../../../../arm-none-eabi/lib/thumb/v7e-m+fp/hard/crt0.o (__libc_init_array)
c:/st/stm32cubeide_1.8.0/stm32cubeide/plugins/com.st.stm32cube.ide.mcu.externaltools.gnu-tools-for-stm32.9-2020-q2-update.win32_2.0.0.202105311346/tools/bin/../lib/gcc/arm-none-eabi/9.3.1/../../../../arm-none-eabi/lib/thumb/v7e-m+fp/hard\libc_nano.a(lib_a-memcpy-stub.o)
                              ./Middlewares/ST/BlueNRG-2/hci/bluenrg1_events.o (memcpy)
c:/st/stm32cubeide_1.8.0/stm32cubeide/plugins/com.st.stm32cube.ide.mcu.externaltools.gnu-tools-for-stm32.9-2020-q2-update.win32_2.0.0.202105311346/tools/bin/../lib/gcc/arm-none-eabi/9.3.1/../../../../arm-none-eabi/lib/thumb/v7e-m+fp/hard\libc_nano.a(lib_a-memset.o)
                              c:/st/stm32cubeide_1.8.0/stm32cubeide/plugins/com.st.stm32cube.ide.mcu.externaltools.gnu-tools-for-stm32.9-2020-q2-update.win32_2.0.0.202105311346/tools/bin/../lib/gcc/arm-none-eabi/9.3.1/../../../../arm-none-eabi/lib/thumb/v7e-m+fp/hard/crt0.o (memset)
c:/st/stm32cubeide_1.8.0/stm32cubeide/plugins/com.st.stm32cube.ide.mcu.externaltools.gnu-tools-for-stm32.9-2020-q2-update.win32_2.0.0.202105311346/tools/bin/../lib/gcc/arm-none-eabi/9.3.1/../../../../arm-none-eabi/lib/thumb/v7e-m+fp/hard\libc_nano.a(lib_a-printf.o)
                              ./Core/Src/app_bluenrg.o (printf)
c:/st/stm32cubeide_1.8.0/stm32cubeide/plugins/com.st.stm32cube.ide.mcu.externaltools.gnu-tools-for-stm32.9-2020-q2-update.win32_2.0.0.202105311346/tools/bin/../lib/gcc/arm-none-eabi/9.3.1/../../../../arm-none-eabi/lib/thumb/v7e-m+fp/hard\libc_nano.a(lib_a-rand.o)
                              ./Core/Src/service.o (rand)
c:/st/stm32cubeide_1.8.0/stm32cubeide/plugins/com.st.stm32cube.ide.mcu.externaltools.gnu-tools-for-stm32.9-2020-q2-update.win32_2.0.0.202105311346/tools/bin/../lib/gcc/arm-none-eabi/9.3.1/../../../../arm-none-eabi/lib/thumb/v7e-m+fp/hard\libc_nano.a(lib_a-strlen.o)
                              ./Core/Src/app_bluenrg.o (strlen)
c:/st/stm32cubeide_1.8.0/stm32cubeide/plugins/com.st.stm32cube.ide.mcu.externaltools.gnu-tools-for-stm32.9-2020-q2-update.win32_2.0.0.202105311346/tools/bin/../lib/gcc/arm-none-eabi/9.3.1/../../../../arm-none-eabi/lib/thumb/v7e-m+fp/hard\libc_nano.a(lib_a-assert.o)
                              c:/st/stm32cubeide_1.8.0/stm32cubeide/plugins/com.st.stm32cube.ide.mcu.externaltools.gnu-tools-for-stm32.9-2020-q2-update.win32_2.0.0.202105311346/tools/bin/../lib/gcc/arm-none-eabi/9.3.1/../../../../arm-none-eabi/lib/thumb/v7e-m+fp/hard\libc_nano.a(lib_a-rand.o) (__assert_func)
c:/st/stm32cubeide_1.8.0/stm32cubeide/plugins/com.st.stm32cube.ide.mcu.externaltools.gnu-tools-for-stm32.9-2020-q2-update.win32_2.0.0.202105311346/tools/bin/../lib/gcc/arm-none-eabi/9.3.1/../../../../arm-none-eabi/lib/thumb/v7e-m+fp/hard\libc_nano.a(lib_a-findfp.o)
[...]
Memory Configuration

Name             Origin             Length             Attributes
RAM              0x0000000020000000 0x0000000000020000 xrw
FLASH            0x0000000008000000 0x0000000000080000 xr
*default*        0x0000000000000000 0xffffffffffffffff

Linker script and memory map

LOAD c:/st/stm32cubeide_1.8.0/stm32cubeide/plugins/com.st.stm32cube.ide.mcu.externaltools.gnu-tools-for-stm32.9-2020-q2-update.win32_2.0.0.202105311346/tools/bin/../lib/gcc/arm-none-eabi/9.3.1/thumb/v7e-m+fp/hard/crti.o
LOAD c:/st/stm32cubeide_1.8.0/stm32cubeide/plugins/com.st.stm32cube.ide.mcu.externaltools.gnu-tools-for-stm32.9-2020-q2-update.win32_2.0.0.202105311346/tools/bin/../lib/gcc/arm-none-eabi/9.3.1/thumb/v7e-m+fp/hard/crtbegin.o
LOAD c:/st/stm32cubeide_1.8.0/stm32cubeide/plugins/com.st.stm32cube.ide.mcu.externaltools.gnu-tools-for-stm32.9-2020-q2-update.win32_2.0.0.202105311346/tools/bin/../lib/gcc/arm-none-eabi/9.3.1/../../../../arm-none-eabi/lib/thumb/v7e-m+fp/hard/crt0.o
LOAD ./BlueNRG-2/Target/hci_tl_interface.o
LOAD ./Core/Src/app_bluenrg.o
LOAD ./Core/Src/custom_bus.o
LOAD ./Core/Src/main.o
LOAD ./Core/Src/service.o
LOAD ./Core/Src/stm32f4xx_hal_msp.o
LOAD ./Core/Src/stm32f4xx_it.o
LOAD ./Core/Src/syscalls.o
LOAD ./Core/Src/sysmem.o
LOAD ./Core/Src/system_stm32f4xx.o
LOAD ./Core/Startup/startup_stm32f411retx.o
LOAD ./Drivers/STM32F4xx_HAL_Driver/Src/stm32f4xx_hal.o
LOAD ./Drivers/STM32F4xx_HAL_Driver/Src/stm32f4xx_hal_cortex.o
LOAD ./Drivers/STM32F4xx_HAL_Driver/Src/stm32f4xx_hal_dma.o
LOAD ./Drivers/STM32F4xx_HAL_Driver/Src/stm32f4xx_hal_dma_ex.o
LOAD ./Drivers/STM32F4xx_HAL_Driver/Src/stm32f4xx_hal_exti.o
LOAD ./Drivers/STM32F4xx_HAL_Driver/Src/stm32f4xx_hal_flash.o
LOAD ./Drivers/STM32F4xx_HAL_Driver/Src/stm32f4xx_hal_flash_ex.o
LOAD ./Drivers/STM32F4xx_HAL_Driver/Src/stm32f4xx_hal_flash_ramfunc.o
LOAD ./Drivers/STM32F4xx_HAL_Driver/Src/stm32f4xx_hal_gpio.o
LOAD ./Drivers/STM32F4xx_HAL_Driver/Src/stm32f4xx_hal_pwr.o
LOAD ./Drivers/STM32F4xx_HAL_Driver/Src/stm32f4xx_hal_pwr_ex.o
LOAD ./Drivers/STM32F4xx_HAL_Driver/Src/stm32f4xx_hal_rcc.o
LOAD ./Drivers/STM32F4xx_HAL_Driver/Src/stm32f4xx_hal_rcc_ex.o
LOAD ./Drivers/STM32F4xx_HAL_Driver/Src/stm32f4xx_hal_spi.o
LOAD ./Drivers/STM32F4xx_HAL_Driver/Src/stm32f4xx_hal_tim.o
LOAD ./Drivers/STM32F4xx_HAL_Driver/Src/stm32f4xx_hal_tim_ex.o
LOAD ./Drivers/STM32F4xx_HAL_Driver/Src/stm32f4xx_hal_uart.o
LOAD ./Middlewares/ST/BlueNRG-2/hci/bluenrg1_devConfig.o
LOAD ./Middlewares/ST/BlueNRG-2/hci/bluenrg1_events.o
LOAD ./Middlewares/ST/BlueNRG-2/hci/bluenrg1_events_cb.o
LOAD ./Middlewares/ST/BlueNRG-2/hci/bluenrg1_hci_le.o
LOAD ./Middlewares/ST/BlueNRG-2/hci/controller/bluenrg1_gap_aci.o
LOAD ./Middlewares/ST/BlueNRG-2/hci/controller/bluenrg1_gatt_aci.o
LOAD ./Middlewares/ST/BlueNRG-2/hci/controller/bluenrg1_hal_aci.o
LOAD ./Middlewares/ST/BlueNRG-2/hci/controller/bluenrg1_l2cap_aci.o
LOAD ./Middlewares/ST/BlueNRG-2/hci/hci_tl_patterns/Basic/hci_tl.o
LOAD ./Middlewares/ST/BlueNRG-2/utils/ble_list.o
START GROUP
LOAD c:/st/stm32cubeide_1.8.0/stm32cubeide/plugins/com.st.stm32cube.ide.mcu.externaltools.gnu-tools-for-stm32.9-2020-q2-update.win32_2.0.0.202105311346/tools/bin/../lib/gcc/arm-none-eabi/9.3.1/../../../../arm-none-eabi/lib/thumb/v7e-m+fp/hard\libc_nano.a
LOAD c:/st/stm32cubeide_1.8.0/stm32cubeide/plugins/com.st.stm32cube.ide.mcu.externaltools.gnu-tools-for-stm32.9-2020-q2-update.win32_2.0.0.202105311346/tools/bin/../lib/gcc/arm-none-eabi/9.3.1/../../../../arm-none-eabi/lib/thumb/v7e-m+fp/hard\libm.a
END GROUP
START GROUP
LOAD c:/st/stm32cubeide_1.8.0/stm32cubeide/plugins/com.st.stm32cube.ide.mcu.externaltools.gnu-tools-for-stm32.9-2020-q2-update.win32_2.0.0.202105311346/tools/bin/../lib/gcc/arm-none-eabi/9.3.1/thumb/v7e-m+fp/hard\libgcc.a
LOAD c:/st/stm32cubeide_1.8.0/stm32cubeide/plugins/com.st.stm32cube.ide.mcu.externaltools.gnu-tools-for-stm32.9-2020-q2-update.win32_2.0.0.202105311346/tools/bin/../lib/gcc/arm-none-eabi/9.3.1/../../../../arm-none-eabi/lib/thumb/v7e-m+fp/hard\libc_nano.a
END GROUP
START GROUP
LOAD c:/st/stm32cubeide_1.8.0/stm32cubeide/plugins/com.st.stm32cube.ide.mcu.externaltools.gnu-tools-for-stm32.9-2020-q2-update.win32_2.0.0.202105311346/tools/bin/../lib/gcc/arm-none-eabi/9.3.1/thumb/v7e-m+fp/hard\libgcc.a
LOAD c:/st/stm32cubeide_1.8.0/stm32cubeide/plugins/com.st.stm32cube.ide.mcu.externaltools.gnu-tools-for-stm32.9-2020-q2-update.win32_2.0.0.202105311346/tools/bin/../lib/gcc/arm-none-eabi/9.3.1/../../../../arm-none-eabi/lib/thumb/v7e-m+fp/hard\libc_nano.a
LOAD c:/st/stm32cubeide_1.8.0/stm32cubeide/plugins/com.st.stm32cube.ide.mcu.externaltools.gnu-tools-for-stm32.9-2020-q2-update.win32_2.0.0.202105311346/tools/bin/../lib/gcc/arm-none-eabi/9.3.1/../../../../arm-none-eabi/lib/thumb/v7e-m+fp/hard\libnosys.a
END GROUP
START GROUP
LOAD c:/st/stm32cubeide_1.8.0/stm32cubeide/plugins/com.st.stm32cube.ide.mcu.externaltools.gnu-tools-for-stm32.9-2020-q2-update.win32_2.0.0.202105311346/tools/bin/../lib/gcc/arm-none-eabi/9.3.1/thumb/v7e-m+fp/hard\libgcc.a
LOAD c:/st/stm32cubeide_1.8.0/stm32cubeide/plugins/com.st.stm32cube.ide.mcu.externaltools.gnu-tools-for-stm32.9-2020-q2-update.win32_2.0.0.202105311346/tools/bin/../lib/gcc/arm-none-eabi/9.3.1/../../../../arm-none-eabi/lib/thumb/v7e-m+fp/hard\libc_nano.a
LOAD c:/st/stm32cubeide_1.8.0/stm32cubeide/plugins/com.st.stm32cube.ide.mcu.externaltools.gnu-tools-for-stm32.9-2020-q2-update.win32_2.0.0.202105311346/tools/bin/../lib/gcc/arm-none-eabi/9.3.1/../../../../arm-none-eabi/lib/thumb/v7e-m+fp/hard\libnosys.a
END GROUP
LOAD c:/st/stm32cubeide_1.8.0/stm32cubeide/plugins/com.st.stm32cube.ide.mcu.externaltools.gnu-tools-for-stm32.9-2020-q2-update.win32_2.0.0.202105311346/tools/bin/../lib/gcc/arm-none-eabi/9.3.1/thumb/v7e-m+fp/hard/crtend.o
LOAD c:/st/stm32cubeide_1.8.0/stm32cubeide/plugins/com.st.stm32cube.ide.mcu.externaltools.gnu-tools-for-stm32.9-2020-q2-update.win32_2.0.0.202105311346/tools/bin/../lib/gcc/arm-none-eabi/9.3.1/thumb/v7e-m+fp/hard/crtn.o
                0x0000000020020000                _estack = (ORIGIN (RAM) + LENGTH (RAM))
                0x0000000000000200                _Min_Heap_Size = 0x200
                0x0000000000000400                _Min_Stack_Size = 0x400

.isr_vector     0x0000000008000000      0x198
                0x0000000008000000                . = ALIGN (0x4)
 *(.isr_vector)
 .isr_vector    0x0000000008000000      0x198 ./Core/Startup/startup_stm32f411retx.o
                0x0000000008000000                g_pfnVectors
                0x0000000008000198                . = ALIGN (0x4)

.text           0x00000000080001a0     0x6a9c
                0x00000000080001a0                . = ALIGN (0x4)
 *(.text)
 .text          0x00000000080001a0       0x40 c:/st/stm32cubeide_1.8.0/stm32cubeide/plugins/com.st.stm32cube.ide.mcu.externaltools.gnu-tools-for-stm32.9-2020-q2-update.win32_2.0.0.202105311346/tools/bin/../lib/gcc/arm-none-eabi/9.3.1/thumb/v7e-m+fp/hard/crtbegin.o
 .text          0x00000000080001e0       0x10 c:/st/stm32cubeide_1.8.0/stm32cubeide/plugins/com.st.stm32cube.ide.mcu.externaltools.gnu-tools-for-stm32.9-2020-q2-update.win32_2.0.0.202105311346/tools/bin/../lib/gcc/arm-none-eabi/9.3.1/../../../../arm-none-eabi/lib/thumb/v7e-m+fp/hard\libc_nano.a(lib_a-strlen.o)
                0x00000000080001e0                strlen
 .text          0x00000000080001f0       0xa0 c:/st/stm32cubeide_1.8.0/stm32cubeide/plugins/com.st.stm32cube.ide.mcu.externaltools.gnu-tools-for-stm32.9-2020-q2-update.win32_2.0.0.202105311346/tools/bin/../lib/gcc/arm-none-eabi/9.3.1/../../../../arm-none-eabi/lib/thumb/v7e-m+fp/hard\libc_nano.a(lib_a-memchr.o)
                0x00000000080001f0                memchr
 .text          0x0000000008000290       0x30 c:/st/stm32cubeide_1.8.0/stm32cubeide/plugins/com.st.stm32cube.ide.mcu.externaltools.gnu-tools-for-stm32.9-2020-q2-update.win32_2.0.0.202105311346/tools/bin/../lib/gcc/arm-none-eabi/9.3.1/thumb/v7e-m+fp/hard\libgcc.a(_aeabi_uldivmod.o)
                0x0000000008000290                __aeabi_uldivmod
 .text          0x00000000080002c0      0x2c4 c:/st/stm32cubeide_1.8.0/stm32cubeide/plugins/com.st.stm32cube.ide.mcu.externaltools.gnu-tools-for-stm32.9-2020-q2-update.win32_2.0.0.202105311346/tools/bin/../lib/gcc/arm-none-eabi/9.3.1/thumb/v7e-m+fp/hard\libgcc.a(_udivmoddi4.o)
                0x00000000080002c0                __udivmoddi4
 .text          0x0000000008000584        0x4 c:/st/stm32cubeide_1.8.0/stm32cubeide/plugins/com.st.stm32cube.ide.mcu.externaltools.gnu-tools-for-stm32.9-2020-q2-update.win32_2.0.0.202105311346/tools/bin/../lib/gcc/arm-none-eabi/9.3.1/thumb/v7e-m+fp/hard\libgcc.a(_dvmd_tls.o)
                0x0000000008000584                __aeabi_idiv0
                0x0000000008000584                __aeabi_ldiv0
 *(.text*)
 .text.HCI_TL_SPI_Enable_IRQ
                0x0000000008000588        0xe ./BlueNRG-2/Target/hci_tl_interface.o
 .text.HCI_TL_SPI_Disable_IRQ
                0x0000000008000596        0xe ./BlueNRG-2/Target/hci_tl_interface.o
 .text.HCI_TL_SPI_Init
                0x00000000080005a4       0x98 ./BlueNRG-2/Target/hci_tl_interface.o
                0x00000000080005a4                HCI_TL_SPI_Init
 .text.HCI_TL_SPI_DeInit
                0x000000000800063c       0x28 ./BlueNRG-2/Target/hci_tl_interface.o
                0x000000000800063c                HCI_TL_SPI_DeInit
 .text.HCI_TL_SPI_Reset
                0x0000000008000664       0x3c ./BlueNRG-2/Target/hci_tl_interface.o
                0x0000000008000664                HCI_TL_SPI_Reset
 .text.HCI_TL_SPI_Receive
                0x00000000080006a0       0xe0 ./BlueNRG-2/Target/hci_tl_interface.o
                0x00000000080006a0                HCI_TL_SPI_Receive
 .text.HCI_TL_SPI_Send
                0x0000000008000780      0x118 ./BlueNRG-2/Target/hci_tl_interface.o
                0x0000000008000780                HCI_TL_SPI_Send
 .text.IsDataAvailable
                0x0000000008000898       0x20 ./BlueNRG-2/Target/hci_tl_interface.o
 .text.hci_tl_lowlevel_init
                0x00000000080008b8       0x74 ./BlueNRG-2/Target/hci_tl_interface.o
                0x00000000080008b8                hci_tl_lowlevel_init
 .text.hci_tl_lowlevel_isr
                0x000000000800092c       0x22 ./BlueNRG-2/Target/hci_tl_interface.o
                0x000000000800092c                hci_tl_lowlevel_isr
 *fill*         0x000000000800094e        0x2 
 .text.bluenrg_init
                0x0000000008000950       0xe8 ./Core/Src/app_bluenrg.o
                0x0000000008000950                bluenrg_init
 .text.bluenrg_process
                0x0000000008000a38       0x5c ./Core/Src/app_bluenrg.o
                0x0000000008000a38                bluenrg_process
 .text.BSP_SPI1_Init
                0x0000000008000a94       0x60 ./Core/Src/custom_bus.o
                0x0000000008000a94                BSP_SPI1_Init
 .text.BSP_SPI1_SendRecv
                0x0000000008000af4       0x40 ./Core/Src/custom_bus.o
                0x0000000008000af4                BSP_SPI1_SendRecv
 .text.BSP_GetTick
                0x0000000008000b34        0xe ./Core/Src/custom_bus.o
                0x0000000008000b34                BSP_GetTick
 *fill*         0x0000000008000b42        0x2 
 .text.MX_SPI1_Init
                0x0000000008000b44       0x78 ./Core/Src/custom_bus.o
                0x0000000008000b44                MX_SPI1_Init
 .text.SPI1_MspInit
                0x0000000008000bbc       0xd0 ./Core/Src/custom_bus.o
 .text.__io_putchar
                0x0000000008000c8c       0x24 ./Core/Src/main.o
                0x0000000008000c8c                __io_putchar
 .text.main     0x0000000008000cb0       0x28 ./Core/Src/main.o
                0x0000000008000cb0                main
 .text.SystemClock_Config
                0x0000000008000cd8       0xd0 ./Core/Src/main.o
                0x0000000008000cd8                SystemClock_Config
 .text.MX_USART2_UART_Init
                0x0000000008000da8       0x54 ./Core/Src/main.o
 .text.MX_GPIO_Init
                0x0000000008000dfc      0x11c ./Core/Src/main.o
 .text.Error_Handler
                0x0000000008000f18        0xa ./Core/Src/main.o
                0x0000000008000f18                Error_Handler
 *fill*         0x0000000008000f22        0x2 
 .text.add_siemple_service
                0x0000000008000f24       0x7c ./Core/Src/service.o
                0x0000000008000f24                add_siemple_service
 .text.update_data
                0x0000000008000fa0       0x44 ./Core/Src/service.o
                0x0000000008000fa0                update_data
 .text.Read_Request_CB
                0x0000000008000fe4       0x94 ./Core/Src/service.o
                0x0000000008000fe4                Read_Request_CB
 .text.aci_gatt_read_permit_req_event
                0x0000000008001078       0x22 ./Core/Src/service.o
                0x0000000008001078                aci_gatt_read_permit_req_event
 *fill*         0x000000000800109a        0x2 
 .text.hci_le_connection_complete_event
                0x000000000800109c       0x3c ./Core/Src/service.o
                0x000000000800109c                hci_le_connection_complete_event
 .text.hci_disconnection_complete_event
                0x00000000080010d8       0x44 ./Core/Src/service.o
                0x00000000080010d8                hci_disconnection_complete_event
 .text.APP_UserEvRx
                0x000000000800111c       0xf0 ./Core/Src/service.o
                0x000000000800111c                APP_UserEvRx
 .text.HAL_MspInit
                0x000000000800120c       0x50 ./Core/Src/stm32f4xx_hal_msp.o
                0x000000000800120c                HAL_MspInit
 .text.HAL_UART_MspInit
                0x000000000800125c       0x90 ./Core/Src/stm32f4xx_hal_msp.o
                0x000000000800125c                HAL_UART_MspInit
 .text.NMI_Handler
                0x00000000080012ec        0x6 ./Core/Src/stm32f4xx_it.o
                0x00000000080012ec                NMI_Handler
 .text.HardFault_Handler
                0x00000000080012f2        0x6 ./Core/Src/stm32f4xx_it.o
                0x00000000080012f2                HardFault_Handler
 .text.MemManage_Handler
                0x00000000080012f8        0x6 ./Core/Src/stm32f4xx_it.o
                0x00000000080012f8                MemManage_Handler
 .text.BusFault_Handler
                0x00000000080012fe        0x6 ./Core/Src/stm32f4xx_it.o
                0x00000000080012fe                BusFault_Handler
 .text.UsageFault_Handler
                0x0000000008001304        0x6 ./Core/Src/stm32f4xx_it.o
                0x0000000008001304                UsageFault_Handler
 .text.SVC_Handler
                0x000000000800130a        0xe ./Core/Src/stm32f4xx_it.o
                0x000000000800130a                SVC_Handler
 .text.DebugMon_Handler
                0x0000000008001318        0xe ./Core/Src/stm32f4xx_it.o
                0x0000000008001318                DebugMon_Handler
 .text.PendSV_Handler
                0x0000000008001326        0xe ./Core/Src/stm32f4xx_it.o
                0x0000000008001326                PendSV_Handler
 .text.SysTick_Handler
                0x0000000008001334        0xc ./Core/Src/stm32f4xx_it.o
                0x0000000008001334                SysTick_Handler
 .text.EXTI0_IRQHandler
                0x0000000008001340       0x14 ./Core/Src/stm32f4xx_it.o
                0x0000000008001340                EXTI0_IRQHandler
 .text.EXTI15_10_IRQHandler
                0x0000000008001354       0x10 ./Core/Src/stm32f4xx_it.o
                0x0000000008001354                EXTI15_10_IRQHandler
 .text._getpid  0x0000000008001364       0x10 ./Core/Src/syscalls.o
                0x0000000008001364                _getpid
 .text._kill    0x0000000008001374       0x20 ./Core/Src/syscalls.o
                0x0000000008001374                _kill
 .text._exit    0x0000000008001394       0x14 ./Core/Src/syscalls.o
                0x0000000008001394                _exit
 .text._read    0x00000000080013a8       0x3a ./Core/Src/syscalls.o
                0x00000000080013a8                _read
 .text._write   0x00000000080013e2       0x38 ./Core/Src/syscalls.o
                0x00000000080013e2                _write
 .text._close   0x000000000800141a       0x18 ./Core/Src/syscalls.o
                0x000000000800141a                _close
 .text._fstat   0x0000000008001432       0x20 ./Core/Src/syscalls.o
                0x0000000008001432                _fstat
 .text._isatty  0x0000000008001452       0x16 ./Core/Src/syscalls.o
                0x0000000008001452                _isatty
 .text._lseek   0x0000000008001468       0x1a ./Core/Src/syscalls.o
                0x0000000008001468                _lseek
 *fill*         0x0000000008001482        0x2 
 .text._sbrk    0x0000000008001484       0x6c ./Core/Src/sysmem.o
                0x0000000008001484                _sbrk
 .text.SystemInit
                0x00000000080014f0       0x24 ./Core/Src/system_stm32f4xx.o
                0x00000000080014f0                SystemInit
 .text.Reset_Handler
                0x0000000008001514       0x50 ./Core/Startup/startup_stm32f411retx.o
                0x0000000008001514                Reset_Handler
 .text.Default_Handler
                0x0000000008001564        0x2 ./Core/Startup/startup_stm32f411retx.o
                0x0000000008001564                RTC_Alarm_IRQHandler
                0x0000000008001564                EXTI2_IRQHandler
                0x0000000008001564                SPI4_IRQHandler
                0x0000000008001564                TIM1_CC_IRQHandler
                0x0000000008001564                DMA2_Stream5_IRQHandler
                0x0000000008001564                DMA1_Stream5_IRQHandler
                0x0000000008001564                PVD_IRQHandler
                0x0000000008001564                SDIO_IRQHandler
                0x0000000008001564                TAMP_STAMP_IRQHandler
                0x0000000008001564                EXTI3_IRQHandler
                0x0000000008001564                TIM1_UP_TIM10_IRQHandler
                0x0000000008001564                I2C3_ER_IRQHandler
                0x0000000008001564                I2C2_EV_IRQHandler
                0x0000000008001564                DMA1_Stream2_IRQHandler
                0x0000000008001564                FPU_IRQHandler
                0x0000000008001564                DMA2_Stream2_IRQHandler
                0x0000000008001564                SPI1_IRQHandler
                0x0000000008001564                TIM1_BRK_TIM9_IRQHandler
                0x0000000008001564                DMA2_Stream3_IRQHandler
                0x0000000008001564                USART6_IRQHandler
                0x0000000008001564                DMA2_Stream0_IRQHandler
                0x0000000008001564                TIM4_IRQHandler
                0x0000000008001564                I2C1_EV_IRQHandler
                0x0000000008001564                DMA1_Stream6_IRQHandler
                0x0000000008001564                DMA1_Stream1_IRQHandler
                0x0000000008001564                TIM3_IRQHandler
                0x0000000008001564                RCC_IRQHandler
                0x0000000008001564                Default_Handler
                0x0000000008001564                ADC_IRQHandler
                0x0000000008001564                DMA1_Stream7_IRQHandler
                0x0000000008001564                SPI5_IRQHandler
                0x0000000008001564                TIM5_IRQHandler
                0x0000000008001564                DMA2_Stream7_IRQHandler
                0x0000000008001564                I2C3_EV_IRQHandler
                0x0000000008001564                EXTI9_5_IRQHandler
                0x0000000008001564                RTC_WKUP_IRQHandler
                0x0000000008001564                SPI2_IRQHandler
                0x0000000008001564                DMA1_Stream0_IRQHandler
                0x0000000008001564                EXTI4_IRQHandler
                0x0000000008001564                WWDG_IRQHandler
                0x0000000008001564                TIM2_IRQHandler
                0x0000000008001564                OTG_FS_WKUP_IRQHandler
                0x0000000008001564                TIM1_TRG_COM_TIM11_IRQHandler
                0x0000000008001564                EXTI1_IRQHandler
                0x0000000008001564                USART2_IRQHandler
                0x0000000008001564                I2C2_ER_IRQHandler
                0x0000000008001564                DMA2_Stream1_IRQHandler
                0x0000000008001564                FLASH_IRQHandler
                0x0000000008001564                DMA2_Stream4_IRQHandler
                0x0000000008001564                USART1_IRQHandler
                0x0000000008001564                OTG_FS_IRQHandler
                0x0000000008001564                SPI3_IRQHandler
                0x0000000008001564                DMA1_Stream4_IRQHandler
                0x0000000008001564                I2C1_ER_IRQHandler
                0x0000000008001564                DMA2_Stream6_IRQHandler
                0x0000000008001564                DMA1_Stream3_IRQHandler
 *fill*         0x0000000008001566        0x2 
 .text.HAL_Init
                0x0000000008001568       0x44 ./Drivers/STM32F4xx_HAL_Driver/Src/stm32f4xx_hal.o
                0x0000000008001568                HAL_Init
 .text.HAL_InitTick
                0x00000000080015ac       0x60 ./Drivers/STM32F4xx_HAL_Driver/Src/stm32f4xx_hal.o
                0x00000000080015ac                HAL_InitTick
 .text.HAL_IncTick
                0x000000000800160c       0x28 ./Drivers/STM32F4xx_HAL_Driver/Src/stm32f4xx_hal.o
                0x000000000800160c                HAL_IncTick
 .text.HAL_GetTick
                0x0000000008001634       0x18 ./Drivers/STM32F4xx_HAL_Driver/Src/stm32f4xx_hal.o
                0x0000000008001634                HAL_GetTick
 .text.HAL_Delay
                0x000000000800164c       0x48 ./Drivers/STM32F4xx_HAL_Driver/Src/stm32f4xx_hal.o
                0x000000000800164c                HAL_Delay
 .text.__NVIC_SetPriorityGrouping
                0x0000000008001694       0x48 ./Drivers/STM32F4xx_HAL_Driver/Src/stm32f4xx_hal_cortex.o
 .text.__NVIC_GetPriorityGrouping
                0x00000000080016dc       0x1c ./Drivers/STM32F4xx_HAL_Driver/Src/stm32f4xx_hal_cortex.o
 .text.__NVIC_EnableIRQ
                0x00000000080016f8       0x3c ./Drivers/STM32F4xx_HAL_Driver/Src/stm32f4xx_hal_cortex.o
 .text.__NVIC_DisableIRQ
                0x0000000008001734       0x48 ./Drivers/STM32F4xx_HAL_Driver/Src/stm32f4xx_hal_cortex.o
 .text.__NVIC_SetPriority
                0x000000000800177c       0x54 ./Drivers/STM32F4xx_HAL_Driver/Src/stm32f4xx_hal_cortex.o
 .text.NVIC_EncodePriority
                0x00000000080017d0       0x66 ./Drivers/STM32F4xx_HAL_Driver/Src/stm32f4xx_hal_cortex.o
 *fill*         0x0000000008001836        0x2 
 .text.SysTick_Config
                0x0000000008001838       0x44 ./Drivers/STM32F4xx_HAL_Driver/Src/stm32f4xx_hal_cortex.o
 .text.HAL_NVIC_SetPriorityGrouping
                0x000000000800187c       0x16 ./Drivers/STM32F4xx_HAL_Driver/Src/stm32f4xx_hal_cortex.o
                0x000000000800187c                HAL_NVIC_SetPriorityGrouping
 .text.HAL_NVIC_SetPriority
                0x0000000008001892       0x38 ./Drivers/STM32F4xx_HAL_Driver/Src/stm32f4xx_hal_cortex.o
                0x0000000008001892                HAL_NVIC_SetPriority
 .text.HAL_NVIC_EnableIRQ
                0x00000000080018ca       0x1c ./Drivers/STM32F4xx_HAL_Driver/Src/stm32f4xx_hal_cortex.o
                0x00000000080018ca                HAL_NVIC_EnableIRQ
 .text.HAL_NVIC_DisableIRQ
                0x00000000080018e6       0x1c ./Drivers/STM32F4xx_HAL_Driver/Src/stm32f4xx_hal_cortex.o
                0x00000000080018e6                HAL_NVIC_DisableIRQ
 .text.HAL_SYSTICK_Config
                0x0000000008001902       0x18 ./Drivers/STM32F4xx_HAL_Driver/Src/stm32f4xx_hal_cortex.o
                0x0000000008001902                HAL_SYSTICK_Config
 .text.HAL_EXTI_RegisterCallback
                0x000000000800191a       0x34 ./Drivers/STM32F4xx_HAL_Driver/Src/stm32f4xx_hal_exti.o
                0x000000000800191a                HAL_EXTI_RegisterCallback
 .text.HAL_EXTI_GetHandle
                0x000000000800194e       0x28 ./Drivers/STM32F4xx_HAL_Driver/Src/stm32f4xx_hal_exti.o
                0x000000000800194e                HAL_EXTI_GetHandle
 *fill*         0x0000000008001976        0x2 
 .text.HAL_EXTI_IRQHandler
                0x0000000008001978       0x48 ./Drivers/STM32F4xx_HAL_Driver/Src/stm32f4xx_hal_exti.o
                0x0000000008001978                HAL_EXTI_IRQHandler
 .text.HAL_GPIO_Init
                0x00000000080019c0      0x308 ./Drivers/STM32F4xx_HAL_Driver/Src/stm32f4xx_hal_gpio.o
                0x00000000080019c0                HAL_GPIO_Init
 .text.HAL_GPIO_DeInit
                0x0000000008001cc8      0x1c8 ./Drivers/STM32F4xx_HAL_Driver/Src/stm32f4xx_hal_gpio.o
                0x0000000008001cc8                HAL_GPIO_DeInit
 .text.HAL_GPIO_ReadPin
                0x0000000008001e90       0x30 ./Drivers/STM32F4xx_HAL_Driver/Src/stm32f4xx_hal_gpio.o
                0x0000000008001e90                HAL_GPIO_ReadPin
 .text.HAL_GPIO_WritePin
                0x0000000008001ec0       0x32 ./Drivers/STM32F4xx_HAL_Driver/Src/stm32f4xx_hal_gpio.o
                0x0000000008001ec0                HAL_GPIO_WritePin
 *fill*         0x0000000008001ef2        0x2 
 .text.HAL_GPIO_EXTI_IRQHandler
                0x0000000008001ef4       0x30 ./Drivers/STM32F4xx_HAL_Driver/Src/stm32f4xx_hal_gpio.o
                0x0000000008001ef4                HAL_GPIO_EXTI_IRQHandler
 .text.HAL_GPIO_EXTI_Callback
                0x0000000008001f24       0x16 ./Drivers/STM32F4xx_HAL_Driver/Src/stm32f4xx_hal_gpio.o
                0x0000000008001f24                HAL_GPIO_EXTI_Callback
 *fill*         0x0000000008001f3a        0x2 
 .text.HAL_RCC_OscConfig
                0x0000000008001f3c      0x4f0 ./Drivers/STM32F4xx_HAL_Driver/Src/stm32f4xx_hal_rcc.o
                0x0000000008001f3c                HAL_RCC_OscConfig
 .text.HAL_RCC_ClockConfig
                0x000000000800242c      0x1cc ./Drivers/STM32F4xx_HAL_Driver/Src/stm32f4xx_hal_rcc.o
                0x000000000800242c                HAL_RCC_ClockConfig
 .text.HAL_RCC_GetSysClockFreq
                0x00000000080025f8      0x1c4 ./Drivers/STM32F4xx_HAL_Driver/Src/stm32f4xx_hal_rcc.o
                0x00000000080025f8                HAL_RCC_GetSysClockFreq
 .text.HAL_RCC_GetHCLKFreq
                0x00000000080027bc       0x18 ./Drivers/STM32F4xx_HAL_Driver/Src/stm32f4xx_hal_rcc.o
                0x00000000080027bc                HAL_RCC_GetHCLKFreq
 .text.HAL_RCC_GetPCLK1Freq
                0x00000000080027d4       0x28 ./Drivers/STM32F4xx_HAL_Driver/Src/stm32f4xx_hal_rcc.o
                0x00000000080027d4                HAL_RCC_GetPCLK1Freq
 .text.HAL_RCC_GetPCLK2Freq
                0x00000000080027fc       0x28 ./Drivers/STM32F4xx_HAL_Driver/Src/stm32f4xx_hal_rcc.o
                0x00000000080027fc                HAL_RCC_GetPCLK2Freq
 .text.HAL_SPI_Init
                0x0000000008002824      0x112 ./Drivers/STM32F4xx_HAL_Driver/Src/stm32f4xx_hal_spi.o
                0x0000000008002824                HAL_SPI_Init
 .text.HAL_SPI_MspInit
                0x0000000008002936       0x14 ./Drivers/STM32F4xx_HAL_Driver/Src/stm32f4xx_hal_spi.o
                0x0000000008002936                HAL_SPI_MspInit
 .text.HAL_SPI_TransmitReceive
                0x000000000800294a      0x344 ./Drivers/STM32F4xx_HAL_Driver/Src/stm32f4xx_hal_spi.o
                0x000000000800294a                HAL_SPI_TransmitReceive
 .text.HAL_SPI_GetState
                0x0000000008002c8e       0x1c ./Drivers/STM32F4xx_HAL_Driver/Src/stm32f4xx_hal_spi.o
                0x0000000008002c8e                HAL_SPI_GetState
 *fill*         0x0000000008002caa        0x2 
 .text.SPI_WaitFlagStateUntilTimeout
                0x0000000008002cac      0x110 ./Drivers/STM32F4xx_HAL_Driver/Src/stm32f4xx_hal_spi.o
 .text.SPI_EndRxTxTransaction
                0x0000000008002dbc       0x84 ./Drivers/STM32F4xx_HAL_Driver/Src/stm32f4xx_hal_spi.o
 .text.HAL_UART_Init
                0x0000000008002e40       0x9a ./Drivers/STM32F4xx_HAL_Driver/Src/stm32f4xx_hal_uart.o
                0x0000000008002e40                HAL_UART_Init
 .text.HAL_UART_Transmit
                0x0000000008002eda      0x124 ./Drivers/STM32F4xx_HAL_Driver/Src/stm32f4xx_hal_uart.o
                0x0000000008002eda                HAL_UART_Transmit
 .text.UART_WaitOnFlagUntilTimeout
                0x0000000008002ffe       0xdc ./Drivers/STM32F4xx_HAL_Driver/Src/stm32f4xx_hal_uart.o
 *fill*         0x00000000080030da        0x2 
 .text.UART_SetConfig
                0x00000000080030dc      0x390 ./Drivers/STM32F4xx_HAL_Driver/Src/stm32f4xx_hal_uart.o
 .text.hci_disconnection_complete_event_process
                0x000000000800346c       0x30 ./Middlewares/ST/BlueNRG-2/hci/bluenrg1_events.o
                0x000000000800346c                hci_disconnection_complete_event_process
 .text.hci_encryption_change_event_process
                0x000000000800349c       0x30 ./Middlewares/ST/BlueNRG-2/hci/bluenrg1_events.o
                0x000000000800349c                hci_encryption_change_event_process
 .text.hci_read_remote_version_information_complete_event_process
                0x00000000080034cc       0x3e ./Middlewares/ST/BlueNRG-2/hci/bluenrg1_events.o
                0x00000000080034cc                hci_read_remote_version_information_complete_event_process
 .text.hci_hardware_error_event_process
                0x000000000800350a       0x24 ./Middlewares/ST/BlueNRG-2/hci/bluenrg1_events.o
                0x000000000800350a                hci_hardware_error_event_process
 .text.hci_number_of_completed_packets_event_process
                0x000000000800352e       0xb2 ./Middlewares/ST/BlueNRG-2/hci/bluenrg1_events.o
                0x000000000800352e                hci_number_of_completed_packets_event_process
 .text.hci_data_buffer_overflow_event_process
                0x00000000080035e0       0x24 ./Middlewares/ST/BlueNRG-2/hci/bluenrg1_events.o
                0x00000000080035e0                hci_data_buffer_overflow_event_process
 .text.hci_encryption_key_refresh_complete_event_process
                0x0000000008003604       0x2e ./Middlewares/ST/BlueNRG-2/hci/bluenrg1_events.o
                0x0000000008003604                hci_encryption_key_refresh_complete_event_process
 .text.aci_blue_initialized_event_process
                0x0000000008003632       0x24 ./Middlewares/ST/BlueNRG-2/hci/bluenrg1_events.o
                0x0000000008003632                aci_blue_initialized_event_process
 .text.aci_blue_events_lost_event_process
                0x0000000008003656       0x22 ./Middlewares/ST/BlueNRG-2/hci/bluenrg1_events.o
                0x0000000008003656                aci_blue_events_lost_event_process
 .text.aci_blue_crash_info_event_process
                0x0000000008003678       0x84 ./Middlewares/ST/BlueNRG-2/hci/bluenrg1_events.o
                0x0000000008003678                aci_blue_crash_info_event_process
 .text.aci_hal_end_of_radio_activity_event_process
                0x00000000080036fc       0x2e ./Middlewares/ST/BlueNRG-2/hci/bluenrg1_events.o
                0x00000000080036fc                aci_hal_end_of_radio_activity_event_process
 .text.aci_hal_scan_req_report_event_process
                0x000000000800372a       0x2e ./Middlewares/ST/BlueNRG-2/hci/bluenrg1_events.o
                0x000000000800372a                aci_hal_scan_req_report_event_process
 .text.aci_hal_fw_error_event_process
                0x0000000008003758       0x2c ./Middlewares/ST/BlueNRG-2/hci/bluenrg1_events.o
                0x0000000008003758                aci_hal_fw_error_event_process
 .text.aci_gap_limited_discoverable_event_process
                0x0000000008003784       0x1a ./Middlewares/ST/BlueNRG-2/hci/bluenrg1_events.o
                0x0000000008003784                aci_gap_limited_discoverable_event_process
 .text.aci_gap_pairing_complete_event_process
                0x000000000800379e       0x2e ./Middlewares/ST/BlueNRG-2/hci/bluenrg1_events.o
                0x000000000800379e                aci_gap_pairing_complete_event_process
 .text.aci_gap_pass_key_req_event_process
                0x00000000080037cc       0x26 ./Middlewares/ST/BlueNRG-2/hci/bluenrg1_events.o
                0x00000000080037cc                aci_gap_pass_key_req_event_process
 .text.aci_gap_authorization_req_event_process
                0x00000000080037f2       0x26 ./Middlewares/ST/BlueNRG-2/hci/bluenrg1_events.o
                0x00000000080037f2                aci_gap_authorization_req_event_process
 .text.aci_gap_slave_security_initiated_event_process
                0x0000000008003818       0x1a ./Middlewares/ST/BlueNRG-2/hci/bluenrg1_events.o
                0x0000000008003818                aci_gap_slave_security_initiated_event_process
 .text.aci_gap_bond_lost_event_process
                0x0000000008003832       0x1a ./Middlewares/ST/BlueNRG-2/hci/bluenrg1_events.o
                0x0000000008003832                aci_gap_bond_lost_event_process
 .text.aci_gap_proc_complete_event_process
                0x000000000800384c       0x2e ./Middlewares/ST/BlueNRG-2/hci/bluenrg1_events.o
                0x000000000800384c                aci_gap_proc_complete_event_process
 .text.aci_gap_addr_not_resolved_event_process
                0x000000000800387a       0x26 ./Middlewares/ST/BlueNRG-2/hci/bluenrg1_events.o
                0x000000000800387a                aci_gap_addr_not_resolved_event_process
 .text.aci_gap_numeric_comparison_value_event_process
                0x00000000080038a0       0x2e ./Middlewares/ST/BlueNRG-2/hci/bluenrg1_events.o
                0x00000000080038a0                aci_gap_numeric_comparison_value_event_process
 .text.aci_gap_keypress_notification_event_process
                0x00000000080038ce       0x2c ./Middlewares/ST/BlueNRG-2/hci/bluenrg1_events.o
                0x00000000080038ce                aci_gap_keypress_notification_event_process
 .text.aci_l2cap_connection_update_resp_event_process
                0x00000000080038fa       0x2e ./Middlewares/ST/BlueNRG-2/hci/bluenrg1_events.o
                0x00000000080038fa                aci_l2cap_connection_update_resp_event_process
 .text.aci_l2cap_proc_timeout_event_process
                0x0000000008003928       0x2e ./Middlewares/ST/BlueNRG-2/hci/bluenrg1_events.o
                0x0000000008003928                aci_l2cap_proc_timeout_event_process
 .text.aci_l2cap_connection_update_req_event_process
                0x0000000008003956       0x5c ./Middlewares/ST/BlueNRG-2/hci/bluenrg1_events.o
                0x0000000008003956                aci_l2cap_connection_update_req_event_process
 .text.aci_l2cap_command_reject_event_process
                0x00000000080039b2       0x3c ./Middlewares/ST/BlueNRG-2/hci/bluenrg1_events.o
                0x00000000080039b2                aci_l2cap_command_reject_event_process
 .text.aci_gatt_attribute_modified_event_process
                0x00000000080039ee       0x3e ./Middlewares/ST/BlueNRG-2/hci/bluenrg1_events.o
                0x00000000080039ee                aci_gatt_attribute_modified_event_process
 .text.aci_gatt_proc_timeout_event_process
                0x0000000008003a2c       0x26 ./Middlewares/ST/BlueNRG-2/hci/bluenrg1_events.o
                0x0000000008003a2c                aci_gatt_proc_timeout_event_process
 .text.aci_att_exchange_mtu_resp_event_process
                0x0000000008003a52       0x2e ./Middlewares/ST/BlueNRG-2/hci/bluenrg1_events.o
                0x0000000008003a52                aci_att_exchange_mtu_resp_event_process
 .text.aci_att_find_info_resp_event_process
                0x0000000008003a80       0x30 ./Middlewares/ST/BlueNRG-2/hci/bluenrg1_events.o
                0x0000000008003a80                aci_att_find_info_resp_event_process
 .text.aci_att_find_by_type_value_resp_event_process
                0x0000000008003ab0       0xb8 ./Middlewares/ST/BlueNRG-2/hci/bluenrg1_events.o
                0x0000000008003ab0                aci_att_find_by_type_value_resp_event_process
 .text.aci_att_read_by_type_resp_event_process
                0x0000000008003b68       0x30 ./Middlewares/ST/BlueNRG-2/hci/bluenrg1_events.o
                0x0000000008003b68                aci_att_read_by_type_resp_event_process
 .text.aci_att_read_resp_event_process
                0x0000000008003b98       0x2e ./Middlewares/ST/BlueNRG-2/hci/bluenrg1_events.o
                0x0000000008003b98                aci_att_read_resp_event_process
 .text.aci_att_read_blob_resp_event_process
                0x0000000008003bc6       0x2e ./Middlewares/ST/BlueNRG-2/hci/bluenrg1_events.o
                0x0000000008003bc6                aci_att_read_blob_resp_event_process
 .text.aci_att_read_multiple_resp_event_process
                0x0000000008003bf4       0x2e ./Middlewares/ST/BlueNRG-2/hci/bluenrg1_events.o
                0x0000000008003bf4                aci_att_read_multiple_resp_event_process
 .text.aci_att_read_by_group_type_resp_event_process
                0x0000000008003c22       0x30 ./Middlewares/ST/BlueNRG-2/hci/bluenrg1_events.o
                0x0000000008003c22                aci_att_read_by_group_type_resp_event_process
 .text.aci_att_prepare_write_resp_event_process
                0x0000000008003c52       0x3c ./Middlewares/ST/BlueNRG-2/hci/bluenrg1_events.o
                0x0000000008003c52                aci_att_prepare_write_resp_event_process
 .text.aci_att_exec_write_resp_event_process
                0x0000000008003c8e       0x26 ./Middlewares/ST/BlueNRG-2/hci/bluenrg1_events.o
                0x0000000008003c8e                aci_att_exec_write_resp_event_process
 .text.aci_gatt_indication_event_process
                0x0000000008003cb4       0x32 ./Middlewares/ST/BlueNRG-2/hci/bluenrg1_events.o
                0x0000000008003cb4                aci_gatt_indication_event_process
 .text.aci_gatt_notification_event_process
                0x0000000008003ce6       0x32 ./Middlewares/ST/BlueNRG-2/hci/bluenrg1_events.o
                0x0000000008003ce6                aci_gatt_notification_event_process
 .text.aci_gatt_proc_complete_event_process
                0x0000000008003d18       0x2c ./Middlewares/ST/BlueNRG-2/hci/bluenrg1_events.o
                0x0000000008003d18                aci_gatt_proc_complete_event_process
 .text.aci_gatt_error_resp_event_process
                0x0000000008003d44       0x34 ./Middlewares/ST/BlueNRG-2/hci/bluenrg1_events.o
                0x0000000008003d44                aci_gatt_error_resp_event_process
 .text.aci_gatt_disc_read_char_by_uuid_resp_event_process
                0x0000000008003d78       0x32 ./Middlewares/ST/BlueNRG-2/hci/bluenrg1_events.o
                0x0000000008003d78                aci_gatt_disc_read_char_by_uuid_resp_event_process
 .text.aci_gatt_write_permit_req_event_process
                0x0000000008003daa       0x32 ./Middlewares/ST/BlueNRG-2/hci/bluenrg1_events.o
                0x0000000008003daa                aci_gatt_write_permit_req_event_process
 .text.aci_gatt_read_permit_req_event_process
                0x0000000008003ddc       0x32 ./Middlewares/ST/BlueNRG-2/hci/bluenrg1_events.o
                0x0000000008003ddc                aci_gatt_read_permit_req_event_process
 .text.aci_gatt_read_multi_permit_req_event_process
                0x0000000008003e0e       0x8c ./Middlewares/ST/BlueNRG-2/hci/bluenrg1_events.o
                0x0000000008003e0e                aci_gatt_read_multi_permit_req_event_process
 .text.aci_gatt_tx_pool_available_event_process
                0x0000000008003e9a       0x2e ./Middlewares/ST/BlueNRG-2/hci/bluenrg1_events.o
                0x0000000008003e9a                aci_gatt_tx_pool_available_event_process
 .text.aci_gatt_server_confirmation_event_process
                0x0000000008003ec8       0x26 ./Middlewares/ST/BlueNRG-2/hci/bluenrg1_events.o
                0x0000000008003ec8                aci_gatt_server_confirmation_event_process
 .text.aci_gatt_prepare_write_permit_req_event_process
                0x0000000008003eee       0x3c ./Middlewares/ST/BlueNRG-2/hci/bluenrg1_events.o
                0x0000000008003eee                aci_gatt_prepare_write_permit_req_event_process
 .text.hci_le_connection_complete_event_process
                0x0000000008003f2a       0x68 ./Middlewares/ST/BlueNRG-2/hci/bluenrg1_events.o
                0x0000000008003f2a                hci_le_connection_complete_event_process
 .text.hci_le_advertising_report_event_process
                0x0000000008003f92      0x1c4 ./Middlewares/ST/BlueNRG-2/hci/bluenrg1_events.o
                0x0000000008003f92                hci_le_advertising_report_event_process
 .text.hci_le_connection_update_complete_event_process
                0x0000000008004156       0x46 ./Middlewares/ST/BlueNRG-2/hci/bluenrg1_events.o
                0x0000000008004156                hci_le_connection_update_complete_event_process
 .text.hci_le_read_remote_used_features_complete_event_process
                0x000000000800419c       0x30 ./Middlewares/ST/BlueNRG-2/hci/bluenrg1_events.o
                0x000000000800419c                hci_le_read_remote_used_features_complete_event_process
 .text.hci_le_long_term_key_request_event_process
                0x00000000080041cc       0x30 ./Middlewares/ST/BlueNRG-2/hci/bluenrg1_events.o
                0x00000000080041cc                hci_le_long_term_key_request_event_process
 .text.hci_le_data_length_change_event_process
                0x00000000080041fc       0x40 ./Middlewares/ST/BlueNRG-2/hci/bluenrg1_events.o
                0x00000000080041fc                hci_le_data_length_change_event_process
 .text.hci_le_read_local_p256_public_key_complete_event_process
                0x000000000800423c       0x2a ./Middlewares/ST/BlueNRG-2/hci/bluenrg1_events.o
                0x000000000800423c                hci_le_read_local_p256_public_key_complete_event_process
 .text.hci_le_generate_dhkey_complete_event_process
                0x0000000008004266       0x2a ./Middlewares/ST/BlueNRG-2/hci/bluenrg1_events.o
                0x0000000008004266                hci_le_generate_dhkey_complete_event_process
 .text.hci_le_enhanced_connection_complete_event_process
                0x0000000008004290       0x7c ./Middlewares/ST/BlueNRG-2/hci/bluenrg1_events.o
                0x0000000008004290                hci_le_enhanced_connection_complete_event_process
 .text.hci_le_direct_advertising_report_event_process
                0x000000000800430c      0x166 ./Middlewares/ST/BlueNRG-2/hci/bluenrg1_events.o
                0x000000000800430c                hci_le_direct_advertising_report_event_process
 .text.hci_encryption_change_event
                0x0000000008004472       0x1e ./Middlewares/ST/BlueNRG-2/hci/bluenrg1_events_cb.o
                0x0000000008004472                hci_encryption_change_event
 .text.hci_read_remote_version_information_complete_event
                0x0000000008004490       0x28 ./Middlewares/ST/BlueNRG-2/hci/bluenrg1_events_cb.o
                0x0000000008004490                hci_read_remote_version_information_complete_event
 .text.hci_hardware_error_event
                0x00000000080044b8       0x16 ./Middlewares/ST/BlueNRG-2/hci/bluenrg1_events_cb.o
                0x00000000080044b8                hci_hardware_error_event
 .text.hci_number_of_completed_packets_event
                0x00000000080044ce       0x18 ./Middlewares/ST/BlueNRG-2/hci/bluenrg1_events_cb.o
                0x00000000080044ce                hci_number_of_completed_packets_event
 .text.hci_data_buffer_overflow_event
                0x00000000080044e6       0x16 ./Middlewares/ST/BlueNRG-2/hci/bluenrg1_events_cb.o
                0x00000000080044e6                hci_data_buffer_overflow_event
 .text.hci_encryption_key_refresh_complete_event
                0x00000000080044fc       0x1c ./Middlewares/ST/BlueNRG-2/hci/bluenrg1_events_cb.o
                0x00000000080044fc                hci_encryption_key_refresh_complete_event
 .text.hci_le_advertising_report_event
                0x0000000008004518       0x18 ./Middlewares/ST/BlueNRG-2/hci/bluenrg1_events_cb.o
                0x0000000008004518                hci_le_advertising_report_event
 .text.hci_le_connection_update_complete_event
                0x0000000008004530       0x28 ./Middlewares/ST/BlueNRG-2/hci/bluenrg1_events_cb.o
                0x0000000008004530                hci_le_connection_update_complete_event
 .text.hci_le_read_remote_used_features_complete_event
                0x0000000008004558       0x1c ./Middlewares/ST/BlueNRG-2/hci/bluenrg1_events_cb.o
                0x0000000008004558                hci_le_read_remote_used_features_complete_event
 .text.hci_le_long_term_key_request_event
                0x0000000008004574       0x1c ./Middlewares/ST/BlueNRG-2/hci/bluenrg1_events_cb.o
                0x0000000008004574                hci_le_long_term_key_request_event
 .text.hci_le_data_length_change_event
                0x0000000008004590       0x28 ./Middlewares/ST/BlueNRG-2/hci/bluenrg1_events_cb.o
                0x0000000008004590                hci_le_data_length_change_event
 .text.hci_le_read_local_p256_public_key_complete_event
                0x00000000080045b8       0x18 ./Middlewares/ST/BlueNRG-2/hci/bluenrg1_events_cb.o
                0x00000000080045b8                hci_le_read_local_p256_public_key_complete_event
 .text.hci_le_generate_dhkey_complete_event
                0x00000000080045d0       0x18 ./Middlewares/ST/BlueNRG-2/hci/bluenrg1_events_cb.o
                0x00000000080045d0                hci_le_generate_dhkey_complete_event
 .text.hci_le_enhanced_connection_complete_event
                0x00000000080045e8       0x28 ./Middlewares/ST/BlueNRG-2/hci/bluenrg1_events_cb.o
                0x00000000080045e8                hci_le_enhanced_connection_complete_event
 .text.hci_le_direct_advertising_report_event
                0x0000000008004610       0x18 ./Middlewares/ST/BlueNRG-2/hci/bluenrg1_events_cb.o
                0x0000000008004610                hci_le_direct_advertising_report_event
 .text.aci_gap_limited_discoverable_event
                0x0000000008004628        0xe ./Middlewares/ST/BlueNRG-2/hci/bluenrg1_events_cb.o
                0x0000000008004628                aci_gap_limited_discoverable_event
 .text.aci_gap_pairing_complete_event
                0x0000000008004636       0x1e ./Middlewares/ST/BlueNRG-2/hci/bluenrg1_events_cb.o
                0x0000000008004636                aci_gap_pairing_complete_event
 .text.aci_gap_pass_key_req_event
                0x0000000008004654       0x16 ./Middlewares/ST/BlueNRG-2/hci/bluenrg1_events_cb.o
                0x0000000008004654                aci_gap_pass_key_req_event
 .text.aci_gap_authorization_req_event
                0x000000000800466a       0x16 ./Middlewares/ST/BlueNRG-2/hci/bluenrg1_events_cb.o
                0x000000000800466a                aci_gap_authorization_req_event
 .text.aci_gap_slave_security_initiated_event
                0x0000000008004680        0xe ./Middlewares/ST/BlueNRG-2/hci/bluenrg1_events_cb.o
                0x0000000008004680                aci_gap_slave_security_initiated_event
 .text.aci_gap_bond_lost_event
                0x000000000800468e        0xe ./Middlewares/ST/BlueNRG-2/hci/bluenrg1_events_cb.o
                0x000000000800468e                aci_gap_bond_lost_event
 .text.aci_gap_proc_complete_event
                0x000000000800469c       0x20 ./Middlewares/ST/BlueNRG-2/hci/bluenrg1_events_cb.o
                0x000000000800469c                aci_gap_proc_complete_event
 .text.aci_gap_addr_not_resolved_event
                0x00000000080046bc       0x16 ./Middlewares/ST/BlueNRG-2/hci/bluenrg1_events_cb.o
                0x00000000080046bc                aci_gap_addr_not_resolved_event
 .text.aci_gap_numeric_comparison_value_event
                0x00000000080046d2       0x18 ./Middlewares/ST/BlueNRG-2/hci/bluenrg1_events_cb.o
                0x00000000080046d2                aci_gap_numeric_comparison_value_event
 .text.aci_gap_keypress_notification_event
                0x00000000080046ea       0x1c ./Middlewares/ST/BlueNRG-2/hci/bluenrg1_events_cb.o
                0x00000000080046ea                aci_gap_keypress_notification_event
 .text.aci_gatt_attribute_modified_event
                0x0000000008004706       0x28 ./Middlewares/ST/BlueNRG-2/hci/bluenrg1_events_cb.o
                0x0000000008004706                aci_gatt_attribute_modified_event
 .text.aci_gatt_proc_timeout_event
                0x000000000800472e       0x16 ./Middlewares/ST/BlueNRG-2/hci/bluenrg1_events_cb.o
                0x000000000800472e                aci_gatt_proc_timeout_event
 .text.aci_att_exchange_mtu_resp_event
                0x0000000008004744       0x1c ./Middlewares/ST/BlueNRG-2/hci/bluenrg1_events_cb.o
                0x0000000008004744                aci_att_exchange_mtu_resp_event
 .text.aci_att_find_info_resp_event
                0x0000000008004760       0x20 ./Middlewares/ST/BlueNRG-2/hci/bluenrg1_events_cb.o
                0x0000000008004760                aci_att_find_info_resp_event
 .text.aci_att_find_by_type_value_resp_event
                0x0000000008004780       0x1c ./Middlewares/ST/BlueNRG-2/hci/bluenrg1_events_cb.o
                0x0000000008004780                aci_att_find_by_type_value_resp_event
 .text.aci_att_read_by_type_resp_event
                0x000000000800479c       0x20 ./Middlewares/ST/BlueNRG-2/hci/bluenrg1_events_cb.o
                0x000000000800479c                aci_att_read_by_type_resp_event
 .text.aci_att_read_resp_event
                0x00000000080047bc       0x1c ./Middlewares/ST/BlueNRG-2/hci/bluenrg1_events_cb.o
                0x00000000080047bc                aci_att_read_resp_event
 .text.aci_att_read_blob_resp_event
                0x00000000080047d8       0x1c ./Middlewares/ST/BlueNRG-2/hci/bluenrg1_events_cb.o
                0x00000000080047d8                aci_att_read_blob_resp_event
 .text.aci_att_read_multiple_resp_event
                0x00000000080047f4       0x1c ./Middlewares/ST/BlueNRG-2/hci/bluenrg1_events_cb.o
                0x00000000080047f4                aci_att_read_multiple_resp_event
 .text.aci_att_read_by_group_type_resp_event
                0x0000000008004810       0x20 ./Middlewares/ST/BlueNRG-2/hci/bluenrg1_events_cb.o
                0x0000000008004810                aci_att_read_by_group_type_resp_event
 .text.aci_att_prepare_write_resp_event
                0x0000000008004830       0x28 ./Middlewares/ST/BlueNRG-2/hci/bluenrg1_events_cb.o
                0x0000000008004830                aci_att_prepare_write_resp_event
 .text.aci_att_exec_write_resp_event
                0x0000000008004858       0x16 ./Middlewares/ST/BlueNRG-2/hci/bluenrg1_events_cb.o
                0x0000000008004858                aci_att_exec_write_resp_event
 .text.aci_gatt_indication_event
                0x000000000800486e       0x20 ./Middlewares/ST/BlueNRG-2/hci/bluenrg1_events_cb.o
                0x000000000800486e                aci_gatt_indication_event
 .text.aci_gatt_notification_event
                0x000000000800488e       0x20 ./Middlewares/ST/BlueNRG-2/hci/bluenrg1_events_cb.o
                0x000000000800488e                aci_gatt_notification_event
 .text.aci_gatt_proc_complete_event
                0x00000000080048ae       0x1c ./Middlewares/ST/BlueNRG-2/hci/bluenrg1_events_cb.o
                0x00000000080048ae                aci_gatt_proc_complete_event
 .text.aci_gatt_error_resp_event
                0x00000000080048ca       0x28 ./Middlewares/ST/BlueNRG-2/hci/bluenrg1_events_cb.o
                0x00000000080048ca                aci_gatt_error_resp_event
 .text.aci_gatt_disc_read_char_by_uuid_resp_event
                0x00000000080048f2       0x20 ./Middlewares/ST/BlueNRG-2/hci/bluenrg1_events_cb.o
                0x00000000080048f2                aci_gatt_disc_read_char_by_uuid_resp_event
 .text.aci_gatt_write_permit_req_event
                0x0000000008004912       0x20 ./Middlewares/ST/BlueNRG-2/hci/bluenrg1_events_cb.o
                0x0000000008004912                aci_gatt_write_permit_req_event
 .text.aci_gatt_read_multi_permit_req_event
                0x0000000008004932       0x1c ./Middlewares/ST/BlueNRG-2/hci/bluenrg1_events_cb.o
                0x0000000008004932                aci_gatt_read_multi_permit_req_event
 .text.aci_gatt_tx_pool_available_event
                0x000000000800494e       0x1c ./Middlewares/ST/BlueNRG-2/hci/bluenrg1_events_cb.o
                0x000000000800494e                aci_gatt_tx_pool_available_event
 .text.aci_gatt_server_confirmation_event
                0x000000000800496a       0x16 ./Middlewares/ST/BlueNRG-2/hci/bluenrg1_events_cb.o
                0x000000000800496a                aci_gatt_server_confirmation_event
 .text.aci_gatt_prepare_write_permit_req_event
                0x0000000008004980       0x28 ./Middlewares/ST/BlueNRG-2/hci/bluenrg1_events_cb.o
                0x0000000008004980                aci_gatt_prepare_write_permit_req_event
 .text.aci_l2cap_connection_update_resp_event
                0x00000000080049a8       0x1c ./Middlewares/ST/BlueNRG-2/hci/bluenrg1_events_cb.o
                0x00000000080049a8                aci_l2cap_connection_update_resp_event
 .text.aci_l2cap_proc_timeout_event
                0x00000000080049c4       0x1c ./Middlewares/ST/BlueNRG-2/hci/bluenrg1_events_cb.o
                0x00000000080049c4                aci_l2cap_proc_timeout_event
 .text.aci_l2cap_connection_update_req_event
                0x00000000080049e0       0x28 ./Middlewares/ST/BlueNRG-2/hci/bluenrg1_events_cb.o
                0x00000000080049e0                aci_l2cap_connection_update_req_event
 .text.aci_l2cap_command_reject_event
                0x0000000008004a08       0x28 ./Middlewares/ST/BlueNRG-2/hci/bluenrg1_events_cb.o
                0x0000000008004a08                aci_l2cap_command_reject_event
 .text.aci_blue_initialized_event
                0x0000000008004a30       0x16 ./Middlewares/ST/BlueNRG-2/hci/bluenrg1_events_cb.o
                0x0000000008004a30                aci_blue_initialized_event
 .text.aci_blue_events_lost_event
                0x0000000008004a46       0x14 ./Middlewares/ST/BlueNRG-2/hci/bluenrg1_events_cb.o
                0x0000000008004a46                aci_blue_events_lost_event
 .text.aci_blue_crash_info_event
                0x0000000008004a5a       0x1c ./Middlewares/ST/BlueNRG-2/hci/bluenrg1_events_cb.o
                0x0000000008004a5a                aci_blue_crash_info_event
 .text.aci_hal_end_of_radio_activity_event
                0x0000000008004a76       0x1c ./Middlewares/ST/BlueNRG-2/hci/bluenrg1_events_cb.o
                0x0000000008004a76                aci_hal_end_of_radio_activity_event
 .text.aci_hal_scan_req_report_event
                0x0000000008004a92       0x1c ./Middlewares/ST/BlueNRG-2/hci/bluenrg1_events_cb.o
                0x0000000008004a92                aci_hal_scan_req_report_event
 .text.aci_hal_fw_error_event
                0x0000000008004aae       0x1c ./Middlewares/ST/BlueNRG-2/hci/bluenrg1_events_cb.o
                0x0000000008004aae                aci_hal_fw_error_event
 .text.hci_reset
                0x0000000008004aca       0x52 ./Middlewares/ST/BlueNRG-2/hci/bluenrg1_hci_le.o
                0x0000000008004aca                hci_reset
 .text.aci_gap_set_discoverable
                0x0000000008004b1c      0x1ca ./Middlewares/ST/BlueNRG-2/hci/controller/bluenrg1_gap_aci.o
                0x0000000008004b1c                aci_gap_set_discoverable
 .text.aci_gap_init
                0x0000000008004ce6      0x116 ./Middlewares/ST/BlueNRG-2/hci/controller/bluenrg1_gap_aci.o
                0x0000000008004ce6                aci_gap_init
 .text.aci_gatt_init
                0x0000000008004dfc       0x54 ./Middlewares/ST/BlueNRG-2/hci/controller/bluenrg1_gatt_aci.o
                0x0000000008004dfc                aci_gatt_init
 .text.aci_gatt_add_service
                0x0000000008004e50      0x15e ./Middlewares/ST/BlueNRG-2/hci/controller/bluenrg1_gatt_aci.o
                0x0000000008004e50                aci_gatt_add_service
 .text.aci_gatt_add_char
                0x0000000008004fae      0x1d4 ./Middlewares/ST/BlueNRG-2/hci/controller/bluenrg1_gatt_aci.o
                0x0000000008004fae                aci_gatt_add_char
 .text.aci_gatt_update_char_value
                0x0000000008005182      0x11c ./Middlewares/ST/BlueNRG-2/hci/controller/bluenrg1_gatt_aci.o
                0x0000000008005182                aci_gatt_update_char_value
 .text.aci_gatt_allow_read
                0x000000000800529e       0xa4 ./Middlewares/ST/BlueNRG-2/hci/controller/bluenrg1_gatt_aci.o
                0x000000000800529e                aci_gatt_allow_read
 .text.aci_hal_write_config_data
                0x0000000008005342       0xe0 ./Middlewares/ST/BlueNRG-2/hci/controller/bluenrg1_hal_aci.o
                0x0000000008005342                aci_hal_write_config_data
 .text.verify_packet
                0x0000000008005422       0x40 ./Middlewares/ST/BlueNRG-2/hci/hci_tl_patterns/Basic/hci_tl.o
 *fill*         0x0000000008005462        0x2 
 .text.send_cmd
                0x0000000008005464       0x80 ./Middlewares/ST/BlueNRG-2/hci/hci_tl_patterns/Basic/hci_tl.o
 .text.move_list
                0x00000000080054e4       0x38 ./Middlewares/ST/BlueNRG-2/hci/hci_tl_patterns/Basic/hci_tl.o
 .text.free_event_list
                0x000000000800551c       0x3c ./Middlewares/ST/BlueNRG-2/hci/hci_tl_patterns/Basic/hci_tl.o
 .text.hci_init
                0x0000000008005558       0x84 ./Middlewares/ST/BlueNRG-2/hci/hci_tl_patterns/Basic/hci_tl.o
                0x0000000008005558                hci_init
 .text.hci_register_io_bus
                0x00000000080055dc       0x40 ./Middlewares/ST/BlueNRG-2/hci/hci_tl_patterns/Basic/hci_tl.o
                0x00000000080055dc                hci_register_io_bus
 .text.hci_send_req
                0x000000000800561c      0x234 ./Middlewares/ST/BlueNRG-2/hci/hci_tl_patterns/Basic/hci_tl.o
                0x000000000800561c                hci_send_req
 .text.hci_user_evt_proc
                0x0000000008005850       0x58 ./Middlewares/ST/BlueNRG-2/hci/hci_tl_patterns/Basic/hci_tl.o
                0x0000000008005850                hci_user_evt_proc
 .text.hci_notify_asynch_evt
                0x00000000080058a8       0x9c ./Middlewares/ST/BlueNRG-2/hci/hci_tl_patterns/Basic/hci_tl.o
                0x00000000080058a8                hci_notify_asynch_evt
 .text.list_init_head
                0x0000000008005944       0x20 ./Middlewares/ST/BlueNRG-2/utils/ble_list.o
                0x0000000008005944                list_init_head
 .text.list_is_empty
                0x0000000008005964       0x44 ./Middlewares/ST/BlueNRG-2/utils/ble_list.o
                0x0000000008005964                list_is_empty
 .text.list_insert_head
                0x00000000080059a8       0x4c ./Middlewares/ST/BlueNRG-2/utils/ble_list.o
                0x00000000080059a8                list_insert_head
 .text.list_insert_tail
                0x00000000080059f4       0x4c ./Middlewares/ST/BlueNRG-2/utils/ble_list.o
                0x00000000080059f4                list_insert_tail
 .text.list_remove_node
                0x0000000008005a40       0x42 ./Middlewares/ST/BlueNRG-2/utils/ble_list.o
                0x0000000008005a40                list_remove_node
 .text.list_remove_head
                0x0000000008005a82       0x4e ./Middlewares/ST/BlueNRG-2/utils/ble_list.o
                0x0000000008005a82                list_remove_head
 .text.list_remove_tail
                0x0000000008005ad0       0x4e ./Middlewares/ST/BlueNRG-2/utils/ble_list.o
                0x0000000008005ad0                list_remove_tail
 .text.list_get_size
                0x0000000008005b1e       0x50 ./Middlewares/ST/BlueNRG-2/utils/ble_list.o
                0x0000000008005b1e                list_get_size
 *fill*         0x0000000008005b6e        0x2 
 .text.__errno  0x0000000008005b70        0xc c:/st/stm32cubeide_1.8.0/stm32cubeide/plugins/com.st.stm32cube.ide.mcu.externaltools.gnu-tools-for-stm32.9-2020-q2-update.win32_2.0.0.202105311346/tools/bin/../lib/gcc/arm-none-eabi/9.3.1/../../../../arm-none-eabi/lib/thumb/v7e-m+fp/hard\libc_nano.a(lib_a-errno.o)
                0x0000000008005b70                __errno
 .text.__libc_init_array
                0x0000000008005b7c       0x48 c:/st/stm32cubeide_1.8.0/stm32cubeide/plugins/com.st.stm32cube.ide.mcu.externaltools.gnu-tools-for-stm32.9-2020-q2-update.win32_2.0.0.202105311346/tools/bin/../lib/gcc/arm-none-eabi/9.3.1/../../../../arm-none-eabi/lib/thumb/v7e-m+fp/hard\libc_nano.a(lib_a-init.o)
                0x0000000008005b7c                __libc_init_array
 .text.memcpy   0x0000000008005bc4       0x1c c:/st/stm32cubeide_1.8.0/stm32cubeide/plugins/com.st.stm32cube.ide.mcu.externaltools.gnu-tools-for-stm32.9-2020-q2-update.win32_2.0.0.202105311346/tools/bin/../lib/gcc/arm-none-eabi/9.3.1/../../../../arm-none-eabi/lib/thumb/v7e-m+fp/hard\libc_nano.a(lib_a-memcpy-stub.o)
                0x0000000008005bc4                memcpy
 .text.memset   0x0000000008005be0       0x10 c:/st/stm32cubeide_1.8.0/stm32cubeide/plugins/com.st.stm32cube.ide.mcu.externaltools.gnu-tools-for-stm32.9-2020-q2-update.win32_2.0.0.202105311346/tools/bin/../lib/gcc/arm-none-eabi/9.3.1/../../../../arm-none-eabi/lib/thumb/v7e-m+fp/hard\libc_nano.a(lib_a-memset.o)
                0x0000000008005be0                memset
 .text.printf   0x0000000008005bf0       0x30 c:/st/stm32cubeide_1.8.0/stm32cubeide/plugins/com.st.stm32cube.ide.mcu.externaltools.gnu-tools-for-stm32.9-2020-q2-update.win32_2.0.0.202105311346/tools/bin/../lib/gcc/arm-none-eabi/9.3.1/../../../../arm-none-eabi/lib/thumb/v7e-m+fp/hard\libc_nano.a(lib_a-printf.o)
                0x0000000008005bf0                iprintf
                0x0000000008005bf0                printf
 .text.rand     0x0000000008005c20       0x80 c:/st/stm32cubeide_1.8.0/stm32cubeide/plugins/com.st.stm32cube.ide.mcu.externaltools.gnu-tools-for-stm32.9-2020-q2-update.win32_2.0.0.202105311346/tools/bin/../lib/gcc/arm-none-eabi/9.3.1/../../../../arm-none-eabi/lib/thumb/v7e-m+fp/hard\libc_nano.a(lib_a-rand.o)
                0x0000000008005c20                rand
 .text.__assert_func
                0x0000000008005ca0       0x3c c:/st/stm32cubeide_1.8.0/stm32cubeide/plugins/com.st.stm32cube.ide.mcu.externaltools.gnu-tools-for-stm32.9-2020-q2-update.win32_2.0.0.202105311346/tools/bin/../lib/gcc/arm-none-eabi/9.3.1/../../../../arm-none-eabi/lib/thumb/v7e-m+fp/hard\libc_nano.a(lib_a-assert.o)
                0x0000000008005ca0                __assert_func
 .text.std      0x0000000008005cdc       0x48 c:/st/stm32cubeide_1.8.0/stm32cubeide/plugins/com.st.stm32cube.ide.mcu.externaltools.gnu-tools-for-stm32.9-2020-q2-update.win32_2.0.0.202105311346/tools/bin/../lib/gcc/arm-none-eabi/9.3.1/../../../../arm-none-eabi/lib/thumb/v7e-m+fp/hard\libc_nano.a(lib_a-findfp.o)
 .text._cleanup_r
                0x0000000008005d24        0xc c:/st/stm32cubeide_1.8.0/stm32cubeide/plugins/com.st.stm32cube.ide.mcu.externaltools.gnu-tools-for-stm32.9-2020-q2-update.win32_2.0.0.202105311346/tools/bin/../lib/gcc/arm-none-eabi/9.3.1/../../../../arm-none-eabi/lib/thumb/v7e-m+fp/hard\libc_nano.a(lib_a-findfp.o)
                0x0000000008005d24                _cleanup_r
 .text.__sfmoreglue
                0x0000000008005d30       0x2c c:/st/stm32cubeide_1.8.0/stm32cubeide/plugins/com.st.stm32cube.ide.mcu.externaltools.gnu-tools-for-stm32.9-2020-q2-update.win32_2.0.0.202105311346/tools/bin/../lib/gcc/arm-none-eabi/9.3.1/../../../../arm-none-eabi/lib/thumb/v7e-m+fp/hard\libc_nano.a(lib_a-findfp.o)
                0x0000000008005d30                __sfmoreglue
 .text.__sfp_lock_acquire
                0x0000000008005d5c        0xc c:/st/stm32cubeide_1.8.0/stm32cubeide/plugins/com.st.stm32cube.ide.mcu.externaltools.gnu-tools-for-stm32.9-2020-q2-update.win32_2.0.0.202105311346/tools/bin/../lib/gcc/arm-none-eabi/9.3.1/../../../../arm-none-eabi/lib/thumb/v7e-m+fp/hard\libc_nano.a(lib_a-findfp.o)
                0x0000000008005d5c                __sfp_lock_acquire
 .text.__sfp_lock_release
                0x0000000008005d68        0xc c:/st/stm32cubeide_1.8.0/stm32cubeide/plugins/com.st.stm32cube.ide.mcu.externaltools.gnu-tools-for-stm32.9-2020-q2-update.win32_2.0.0.202105311346/tools/bin/../lib/gcc/arm-none-eabi/9.3.1/../../../../arm-none-eabi/lib/thumb/v7e-m+fp/hard\libc_nano.a(lib_a-findfp.o)
                0x0000000008005d68                __sfp_lock_release
 .text.__sinit_lock_acquire
                0x0000000008005d74        0xc c:/st/stm32cubeide_1.8.0/stm32cubeide/plugins/com.st.stm32cube.ide.mcu.externaltools.gnu-tools-for-stm32.9-2020-q2-update.win32_2.0.0.202105311346/tools/bin/../lib/gcc/arm-none-eabi/9.3.1/../../../../arm-none-eabi/lib/thumb/v7e-m+fp/hard\libc_nano.a(lib_a-findfp.o)
                0x0000000008005d74                __sinit_lock_acquire
 .text.__sinit_lock_release
                0x0000000008005d80        0xc c:/st/stm32cubeide_1.8.0/stm32cubeide/plugins/com.st.stm32cube.ide.mcu.externaltools.gnu-tools-for-stm32.9-2020-q2-update.win32_2.0.0.202105311346/tools/bin/../lib/gcc/arm-none-eabi/9.3.1/../../../../arm-none-eabi/lib/thumb/v7e-m+fp/hard\libc_nano.a(lib_a-findfp.o)
                0x0000000008005d80                __sinit_lock_release
 .text.__sinit  0x0000000008005d8c       0x70 c:/st/stm32cubeide_1.8.0/stm32cubeide/plugins/com.st.stm32cube.ide.mcu.externaltools.gnu-tools-for-stm32.9-2020-q2-update.win32_2.0.0.202105311346/tools/bin/../lib/gcc/arm-none-eabi/9.3.1/../../../../arm-none-eabi/lib/thumb/v7e-m+fp/hard\libc_nano.a(lib_a-findfp.o)
                0x0000000008005d8c                __sinit
 .text.__sfp    0x0000000008005dfc       0x8c c:/st/stm32cubeide_1.8.0/stm32cubeide/plugins/com.st.stm32cube.ide.mcu.externaltools.gnu-tools-for-stm32.9-2020-q2-update.win32_2.0.0.202105311346/tools/bin/../lib/gcc/arm-none-eabi/9.3.1/../../../../arm-none-eabi/lib/thumb/v7e-m+fp/hard\libc_nano.a(lib_a-findfp.o)
                0x0000000008005dfc                __sfp
 .text.fprintf  0x0000000008005e88       0x24 c:/st/stm32cubeide_1.8.0/stm32cubeide/plugins/com.st.stm32cube.ide.mcu.externaltools.gnu-tools-for-stm32.9-2020-q2-update.win32_2.0.0.202105311346/tools/bin/../lib/gcc/arm-none-eabi/9.3.1/../../../../arm-none-eabi/lib/thumb/v7e-m+fp/hard\libc_nano.a(lib_a-fprintf.o)
                0x0000000008005e88                fiprintf
                0x0000000008005e88                fprintf
 .text._fwalk_reent
                0x0000000008005eac       0x3e c:/st/stm32cubeide_1.8.0/stm32cubeide/plugins/com.st.stm32cube.ide.mcu.externaltools.gnu-tools-for-stm32.9-2020-q2-update.win32_2.0.0.202105311346/tools/bin/../lib/gcc/arm-none-eabi/9.3.1/../../../../arm-none-eabi/lib/thumb/v7e-m+fp/hard\libc_nano.a(lib_a-fwalk.o)
                0x0000000008005eac                _fwalk_reent
 .text.__retarget_lock_init_recursive
                0x0000000008005eea        0x2 c:/st/stm32cubeide_1.8.0/stm32cubeide/plugins/com.st.stm32cube.ide.mcu.externaltools.gnu-tools-for-stm32.9-2020-q2-update.win32_2.0.0.202105311346/tools/bin/../lib/gcc/arm-none-eabi/9.3.1/../../../../arm-none-eabi/lib/thumb/v7e-m+fp/hard\libc_nano.a(lib_a-lock.o)
                0x0000000008005eea                __retarget_lock_init_recursive
 .text.__retarget_lock_acquire_recursive
                0x0000000008005eec        0x2 c:/st/stm32cubeide_1.8.0/stm32cubeide/plugins/com.st.stm32cube.ide.mcu.externaltools.gnu-tools-for-stm32.9-2020-q2-update.win32_2.0.0.202105311346/tools/bin/../lib/gcc/arm-none-eabi/9.3.1/../../../../arm-none-eabi/lib/thumb/v7e-m+fp/hard\libc_nano.a(lib_a-lock.o)
                0x0000000008005eec                __retarget_lock_acquire_recursive
 .text.__retarget_lock_release_recursive
                0x0000000008005eee        0x2 c:/st/stm32cubeide_1.8.0/stm32cubeide/plugins/com.st.stm32cube.ide.mcu.externaltools.gnu-tools-for-stm32.9-2020-q2-update.win32_2.0.0.202105311346/tools/bin/../lib/gcc/arm-none-eabi/9.3.1/../../../../arm-none-eabi/lib/thumb/v7e-m+fp/hard\libc_nano.a(lib_a-lock.o)
                0x0000000008005eee                __retarget_lock_release_recursive
 .text.malloc   0x0000000008005ef0       0x10 c:/st/stm32cubeide_1.8.0/stm32cubeide/plugins/com.st.stm32cube.ide.mcu.externaltools.gnu-tools-for-stm32.9-2020-q2-update.win32_2.0.0.202105311346/tools/bin/../lib/gcc/arm-none-eabi/9.3.1/../../../../arm-none-eabi/lib/thumb/v7e-m+fp/hard\libc_nano.a(lib_a-malloc.o)
                0x0000000008005ef0                malloc
 .text._free_r  0x0000000008005f00       0xa0 c:/st/stm32cubeide_1.8.0/stm32cubeide/plugins/com.st.stm32cube.ide.mcu.externaltools.gnu-tools-for-stm32.9-2020-q2-update.win32_2.0.0.202105311346/tools/bin/../lib/gcc/arm-none-eabi/9.3.1/../../../../arm-none-eabi/lib/thumb/v7e-m+fp/hard\libc_nano.a(lib_a-nano-freer.o)
                0x0000000008005f00                _free_r
 .text._malloc_r
                0x0000000008005fa0       0xb4 c:/st/stm32cubeide_1.8.0/stm32cubeide/plugins/com.st.stm32cube.ide.mcu.externaltools.gnu-tools-for-stm32.9-2020-q2-update.win32_2.0.0.202105311346/tools/bin/../lib/gcc/arm-none-eabi/9.3.1/../../../../arm-none-eabi/lib/thumb/v7e-m+fp/hard\libc_nano.a(lib_a-nano-mallocr.o)
                0x0000000008005fa0                _malloc_r
 .text.__sfputc_r
                0x0000000008006054       0x2e c:/st/stm32cubeide_1.8.0/stm32cubeide/plugins/com.st.stm32cube.ide.mcu.externaltools.gnu-tools-for-stm32.9-2020-q2-update.win32_2.0.0.202105311346/tools/bin/../lib/gcc/arm-none-eabi/9.3.1/../../../../arm-none-eabi/lib/thumb/v7e-m+fp/hard\libc_nano.a(lib_a-nano-vfprintf.o)
 .text.__sfputs_r
                0x0000000008006082       0x24 c:/st/stm32cubeide_1.8.0/stm32cubeide/plugins/com.st.stm32cube.ide.mcu.externaltools.gnu-tools-for-stm32.9-2020-q2-update.win32_2.0.0.202105311346/tools/bin/../lib/gcc/arm-none-eabi/9.3.1/../../../../arm-none-eabi/lib/thumb/v7e-m+fp/hard\libc_nano.a(lib_a-nano-vfprintf.o)
                0x0000000008006082                __sfputs_r
 *fill*         0x00000000080060a6        0x2 
 .text._vfprintf_r
                0x00000000080060a8      0x260 c:/st/stm32cubeide_1.8.0/stm32cubeide/plugins/com.st.stm32cube.ide.mcu.externaltools.gnu-tools-for-stm32.9-2020-q2-update.win32_2.0.0.202105311346/tools/bin/../lib/gcc/arm-none-eabi/9.3.1/../../../../arm-none-eabi/lib/thumb/v7e-m+fp/hard\libc_nano.a(lib_a-nano-vfprintf.o)
                0x00000000080060a8                _vfprintf_r
                0x00000000080060a8                _vfiprintf_r
 .text._printf_common
                0x0000000008006308       0xda c:/st/stm32cubeide_1.8.0/stm32cubeide/plugins/com.st.stm32cube.ide.mcu.externaltools.gnu-tools-for-stm32.9-2020-q2-update.win32_2.0.0.202105311346/tools/bin/../lib/gcc/arm-none-eabi/9.3.1/../../../../arm-none-eabi/lib/thumb/v7e-m+fp/hard\libc_nano.a(lib_a-nano-vfprintf_i.o)
                0x0000000008006308                _printf_common
 *fill*         0x00000000080063e2        0x2 
 .text._printf_i
                0x00000000080063e4      0x24c c:/st/stm32cubeide_1.8.0/stm32cubeide/plugins/com.st.stm32cube.ide.mcu.externaltools.gnu-tools-for-stm32.9-2020-q2-update.win32_2.0.0.202105311346/tools/bin/../lib/gcc/arm-none-eabi/9.3.1/../../../../arm-none-eabi/lib/thumb/v7e-m+fp/hard\libc_nano.a(lib_a-nano-vfprintf_i.o)
                0x00000000080063e4                _printf_i
 .text._sbrk_r  0x0000000008006630       0x20 c:/st/stm32cubeide_1.8.0/stm32cubeide/plugins/com.st.stm32cube.ide.mcu.externaltools.gnu-tools-for-stm32.9-2020-q2-update.win32_2.0.0.202105311346/tools/bin/../lib/gcc/arm-none-eabi/9.3.1/../../../../arm-none-eabi/lib/thumb/v7e-m+fp/hard\libc_nano.a(lib_a-sbrkr.o)
                0x0000000008006630                _sbrk_r
 .text.__sread  0x0000000008006650       0x22 c:/st/stm32cubeide_1.8.0/stm32cubeide/plugins/com.st.stm32cube.ide.mcu.externaltools.gnu-tools-for-stm32.9-2020-q2-update.win32_2.0.0.202105311346/tools/bin/../lib/gcc/arm-none-eabi/9.3.1/../../../../arm-none-eabi/lib/thumb/v7e-m+fp/hard\libc_nano.a(lib_a-stdio.o)
                0x0000000008006650                __sread
 .text.__swrite
                0x0000000008006672       0x38 c:/st/stm32cubeide_1.8.0/stm32cubeide/plugins/com.st.stm32cube.ide.mcu.externaltools.gnu-tools-for-stm32.9-2020-q2-update.win32_2.0.0.202105311346/tools/bin/../lib/gcc/arm-none-eabi/9.3.1/../../../../arm-none-eabi/lib/thumb/v7e-m+fp/hard\libc_nano.a(lib_a-stdio.o)
                0x0000000008006672                __swrite
 .text.__sseek  0x00000000080066aa       0x24 c:/st/stm32cubeide_1.8.0/stm32cubeide/plugins/com.st.stm32cube.ide.mcu.externaltools.gnu-tools-for-stm32.9-2020-q2-update.win32_2.0.0.202105311346/tools/bin/../lib/gcc/arm-none-eabi/9.3.1/../../../../arm-none-eabi/lib/thumb/v7e-m+fp/hard\libc_nano.a(lib_a-stdio.o)
                0x00000000080066aa                __sseek
 .text.__sclose
                0x00000000080066ce        0x8 c:/st/stm32cubeide_1.8.0/stm32cubeide/plugins/com.st.stm32cube.ide.mcu.externaltools.gnu-tools-for-stm32.9-2020-q2-update.win32_2.0.0.202105311346/tools/bin/../lib/gcc/arm-none-eabi/9.3.1/../../../../arm-none-eabi/lib/thumb/v7e-m+fp/hard\libc_nano.a(lib_a-stdio.o)
                0x00000000080066ce                __sclose
 *fill*         0x00000000080066d6        0x2 
 .text.__swbuf_r
                0x00000000080066d8       0xa4 c:/st/stm32cubeide_1.8.0/stm32cubeide/plugins/com.st.stm32cube.ide.mcu.externaltools.gnu-tools-for-stm32.9-2020-q2-update.win32_2.0.0.202105311346/tools/bin/../lib/gcc/arm-none-eabi/9.3.1/../../../../arm-none-eabi/lib/thumb/v7e-m+fp/hard\libc_nano.a(lib_a-wbuf.o)
                0x00000000080066d8                __swbuf_r
 .text._write_r
                0x000000000800677c       0x24 c:/st/stm32cubeide_1.8.0/stm32cubeide/plugins/com.st.stm32cube.ide.mcu.externaltools.gnu-tools-for-stm32.9-2020-q2-update.win32_2.0.0.202105311346/tools/bin/../lib/gcc/arm-none-eabi/9.3.1/../../../../arm-none-eabi/lib/thumb/v7e-m+fp/hard\libc_nano.a(lib_a-writer.o)
                0x000000000800677c                _write_r
 .text.__swsetup_r
                0x00000000080067a0       0xdc c:/st/stm32cubeide_1.8.0/stm32cubeide/plugins/com.st.stm32cube.ide.mcu.externaltools.gnu-tools-for-stm32.9-2020-q2-update.win32_2.0.0.202105311346/tools/bin/../lib/gcc/arm-none-eabi/9.3.1/../../../../arm-none-eabi/lib/thumb/v7e-m+fp/hard\libc_nano.a(lib_a-wsetup.o)
                0x00000000080067a0                __swsetup_r
 .text.abort    0x000000000800687c        0xe c:/st/stm32cubeide_1.8.0/stm32cubeide/plugins/com.st.stm32cube.ide.mcu.externaltools.gnu-tools-for-stm32.9-2020-q2-update.win32_2.0.0.202105311346/tools/bin/../lib/gcc/arm-none-eabi/9.3.1/../../../../arm-none-eabi/lib/thumb/v7e-m+fp/hard\libc_nano.a(lib_a-abort.o)
                0x000000000800687c                abort
 *fill*         0x000000000800688a        0x2 
 .text._close_r
                0x000000000800688c       0x20 c:/st/stm32cubeide_1.8.0/stm32cubeide/plugins/com.st.stm32cube.ide.mcu.externaltools.gnu-tools-for-stm32.9-2020-q2-update.win32_2.0.0.202105311346/tools/bin/../lib/gcc/arm-none-eabi/9.3.1/../../../../arm-none-eabi/lib/thumb/v7e-m+fp/hard\libc_nano.a(lib_a-closer.o)
                0x000000000800688c                _close_r
 .text.__sflush_r
                0x00000000080068ac      0x10c c:/st/stm32cubeide_1.8.0/stm32cubeide/plugins/com.st.stm32cube.ide.mcu.externaltools.gnu-tools-for-stm32.9-2020-q2-update.win32_2.0.0.202105311346/tools/bin/../lib/gcc/arm-none-eabi/9.3.1/../../../../arm-none-eabi/lib/thumb/v7e-m+fp/hard\libc_nano.a(lib_a-fflush.o)
                0x00000000080068ac                __sflush_r
 .text._fflush_r
                0x00000000080069b8       0x78 c:/st/stm32cubeide_1.8.0/stm32cubeide/plugins/com.st.stm32cube.ide.mcu.externaltools.gnu-tools-for-stm32.9-2020-q2-update.win32_2.0.0.202105311346/tools/bin/../lib/gcc/arm-none-eabi/9.3.1/../../../../arm-none-eabi/lib/thumb/v7e-m+fp/hard\libc_nano.a(lib_a-fflush.o)
                0x00000000080069b8                _fflush_r
 .text._lseek_r
                0x0000000008006a30       0x24 c:/st/stm32cubeide_1.8.0/stm32cubeide/plugins/com.st.stm32cube.ide.mcu.externaltools.gnu-tools-for-stm32.9-2020-q2-update.win32_2.0.0.202105311346/tools/bin/../lib/gcc/arm-none-eabi/9.3.1/../../../../arm-none-eabi/lib/thumb/v7e-m+fp/hard\libc_nano.a(lib_a-lseekr.o)
                0x0000000008006a30                _lseek_r
 .text.__swhatbuf_r
                0x0000000008006a54       0x48 c:/st/stm32cubeide_1.8.0/stm32cubeide/plugins/com.st.stm32cube.ide.mcu.externaltools.gnu-tools-for-stm32.9-2020-q2-update.win32_2.0.0.202105311346/tools/bin/../lib/gcc/arm-none-eabi/9.3.1/../../../../arm-none-eabi/lib/thumb/v7e-m+fp/hard\libc_nano.a(lib_a-makebuf.o)
                0x0000000008006a54                __swhatbuf_r
 .text.__smakebuf_r
                0x0000000008006a9c       0x80 c:/st/stm32cubeide_1.8.0/stm32cubeide/plugins/com.st.stm32cube.ide.mcu.externaltools.gnu-tools-for-stm32.9-2020-q2-update.win32_2.0.0.202105311346/tools/bin/../lib/gcc/arm-none-eabi/9.3.1/../../../../arm-none-eabi/lib/thumb/v7e-m+fp/hard\libc_nano.a(lib_a-makebuf.o)
                0x0000000008006a9c                __smakebuf_r
 .text.__malloc_lock
                0x0000000008006b1c        0xc c:/st/stm32cubeide_1.8.0/stm32cubeide/plugins/com.st.stm32cube.ide.mcu.externaltools.gnu-tools-for-stm32.9-2020-q2-update.win32_2.0.0.202105311346/tools/bin/../lib/gcc/arm-none-eabi/9.3.1/../../../../arm-none-eabi/lib/thumb/v7e-m+fp/hard\libc_nano.a(lib_a-mlock.o)
                0x0000000008006b1c                __malloc_lock
 .text.__malloc_unlock
                0x0000000008006b28        0xc c:/st/stm32cubeide_1.8.0/stm32cubeide/plugins/com.st.stm32cube.ide.mcu.externaltools.gnu-tools-for-stm32.9-2020-q2-update.win32_2.0.0.202105311346/tools/bin/../lib/gcc/arm-none-eabi/9.3.1/../../../../arm-none-eabi/lib/thumb/v7e-m+fp/hard\libc_nano.a(lib_a-mlock.o)
                0x0000000008006b28                __malloc_unlock
 .text._read_r  0x0000000008006b34       0x24 c:/st/stm32cubeide_1.8.0/stm32cubeide/plugins/com.st.stm32cube.ide.mcu.externaltools.gnu-tools-for-stm32.9-2020-q2-update.win32_2.0.0.202105311346/tools/bin/../lib/gcc/arm-none-eabi/9.3.1/../../../../arm-none-eabi/lib/thumb/v7e-m+fp/hard\libc_nano.a(lib_a-readr.o)
                0x0000000008006b34                _read_r
 .text._raise_r
                0x0000000008006b58       0x50 c:/st/stm32cubeide_1.8.0/stm32cubeide/plugins/com.st.stm32cube.ide.mcu.externaltools.gnu-tools-for-stm32.9-2020-q2-update.win32_2.0.0.202105311346/tools/bin/../lib/gcc/arm-none-eabi/9.3.1/../../../../arm-none-eabi/lib/thumb/v7e-m+fp/hard\libc_nano.a(lib_a-signal.o)
                0x0000000008006b58                _raise_r
 .text.raise    0x0000000008006ba8       0x10 c:/st/stm32cubeide_1.8.0/stm32cubeide/plugins/com.st.stm32cube.ide.mcu.externaltools.gnu-tools-for-stm32.9-2020-q2-update.win32_2.0.0.202105311346/tools/bin/../lib/gcc/arm-none-eabi/9.3.1/../../../../arm-none-eabi/lib/thumb/v7e-m+fp/hard\libc_nano.a(lib_a-signal.o)
                0x0000000008006ba8                raise
 .text._kill_r  0x0000000008006bb8       0x24 c:/st/stm32cubeide_1.8.0/stm32cubeide/plugins/com.st.stm32cube.ide.mcu.externaltools.gnu-tools-for-stm32.9-2020-q2-update.win32_2.0.0.202105311346/tools/bin/../lib/gcc/arm-none-eabi/9.3.1/../../../../arm-none-eabi/lib/thumb/v7e-m+fp/hard\libc_nano.a(lib_a-signalr.o)
                0x0000000008006bb8                _kill_r
 .text._getpid_r
                0x0000000008006bdc        0x4 c:/st/stm32cubeide_1.8.0/stm32cubeide/plugins/com.st.stm32cube.ide.mcu.externaltools.gnu-tools-for-stm32.9-2020-q2-update.win32_2.0.0.202105311346/tools/bin/../lib/gcc/arm-none-eabi/9.3.1/../../../../arm-none-eabi/lib/thumb/v7e-m+fp/hard\libc_nano.a(lib_a-signalr.o)
                0x0000000008006bdc                _getpid_r
 .text._fstat_r
                0x0000000008006be0       0x24 c:/st/stm32cubeide_1.8.0/stm32cubeide/plugins/com.st.stm32cube.ide.mcu.externaltools.gnu-tools-for-stm32.9-2020-q2-update.win32_2.0.0.202105311346/tools/bin/../lib/gcc/arm-none-eabi/9.3.1/../../../../arm-none-eabi/lib/thumb/v7e-m+fp/hard\libc_nano.a(lib_a-fstatr.o)
                0x0000000008006be0                _fstat_r
 .text._isatty_r
                0x0000000008006c04       0x20 c:/st/stm32cubeide_1.8.0/stm32cubeide/plugins/com.st.stm32cube.ide.mcu.externaltools.gnu-tools-for-stm32.9-2020-q2-update.win32_2.0.0.202105311346/tools/bin/../lib/gcc/arm-none-eabi/9.3.1/../../../../arm-none-eabi/lib/thumb/v7e-m+fp/hard\libc_nano.a(lib_a-isattyr.o)
                0x0000000008006c04                _isatty_r
 *(.glue_7)
 .glue_7        0x0000000008006c24        0x0 linker stubs
 *(.glue_7t)
 .glue_7t       0x0000000008006c24        0x0 linker stubs
 *(.eh_frame)
 .eh_frame      0x0000000008006c24        0x0 c:/st/stm32cubeide_1.8.0/stm32cubeide/plugins/com.st.stm32cube.ide.mcu.externaltools.gnu-tools-for-stm32.9-2020-q2-update.win32_2.0.0.202105311346/tools/bin/../lib/gcc/arm-none-eabi/9.3.1/thumb/v7e-m+fp/hard/crtbegin.o
 *(.init)
 .init          0x0000000008006c24        0x4 c:/st/stm32cubeide_1.8.0/stm32cubeide/plugins/com.st.stm32cube.ide.mcu.externaltools.gnu-tools-for-stm32.9-2020-q2-update.win32_2.0.0.202105311346/tools/bin/../lib/gcc/arm-none-eabi/9.3.1/thumb/v7e-m+fp/hard/crti.o
                0x0000000008006c24                _init
 .init          0x0000000008006c28        0x8 c:/st/stm32cubeide_1.8.0/stm32cubeide/plugins/com.st.stm32cube.ide.mcu.externaltools.gnu-tools-for-stm32.9-2020-q2-update.win32_2.0.0.202105311346/tools/bin/../lib/gcc/arm-none-eabi/9.3.1/thumb/v7e-m+fp/hard/crtn.o
 *(.fini)
 .fini          0x0000000008006c30        0x4 c:/st/stm32cubeide_1.8.0/stm32cubeide/plugins/com.st.stm32cube.ide.mcu.externaltools.gnu-tools-for-stm32.9-2020-q2-update.win32_2.0.0.202105311346/tools/bin/../lib/gcc/arm-none-eabi/9.3.1/thumb/v7e-m+fp/hard/crti.o
                0x0000000008006c30                _fini
 .fini          0x0000000008006c34        0x8 c:/st/stm32cubeide_1.8.0/stm32cubeide/plugins/com.st.stm32cube.ide.mcu.externaltools.gnu-tools-for-stm32.9-2020-q2-update.win32_2.0.0.202105311346/tools/bin/../lib/gcc/arm-none-eabi/9.3.1/thumb/v7e-m+fp/hard/crtn.o
                0x0000000008006c3c                . = ALIGN (0x4)
                0x0000000008006c3c                _etext = .

.vfp11_veneer   0x0000000008006c3c        0x0
 .vfp11_veneer  0x0000000008006c3c        0x0 linker stubs

.v4_bx          0x0000000008006c3c        0x0
 .v4_bx         0x0000000008006c3c        0x0 linker stubs

.iplt           0x0000000008006c3c        0x0
 .iplt          0x0000000008006c3c        0x0 c:/st/stm32cubeide_1.8.0/stm32cubeide/plugins/com.st.stm32cube.ide.mcu.externaltools.gnu-tools-for-stm32.9-2020-q2-update.win32_2.0.0.202105311346/tools/bin/../lib/gcc/arm-none-eabi/9.3.1/thumb/v7e-m+fp/hard/crtbegin.o

.rodata         0x0000000008006c3c      0x468
                0x0000000008006c3c                . = ALIGN (0x4)
 *(.rodata)
 .rodata        0x0000000008006c3c        0xd ./BlueNRG-2/Target/hci_tl_interface.o
 *fill*         0x0000000008006c49        0x3 
 .rodata        0x0000000008006c4c       0xb9 ./Core/Src/app_bluenrg.o
 *fill*         0x0000000008006d05        0x3 
 .rodata        0x0000000008006d08       0x1f ./Core/Src/main.o
 *fill*         0x0000000008006d27        0x1 
 .rodata        0x0000000008006d28       0x38 ./Core/Src/service.o
 *(.rodata*)
 .rodata.AHBPrescTable
                0x0000000008006d60       0x10 ./Core/Src/system_stm32f4xx.o
                0x0000000008006d60                AHBPrescTable
 .rodata.APBPrescTable
                0x0000000008006d70        0x8 ./Core/Src/system_stm32f4xx.o
                0x0000000008006d70                APBPrescTable
 .rodata.hci_events_table
                0x0000000008006d78       0x38 ./Middlewares/ST/BlueNRG-2/hci/bluenrg1_events.o
                0x0000000008006d78                hci_events_table
 .rodata.hci_le_meta_events_table
                0x0000000008006db0       0x50 ./Middlewares/ST/BlueNRG-2/hci/bluenrg1_events.o
                0x0000000008006db0                hci_le_meta_events_table
 .rodata.hci_vendor_specific_events_table
                0x0000000008006e00      0x158 ./Middlewares/ST/BlueNRG-2/hci/bluenrg1_events.o
                0x0000000008006e00                hci_vendor_specific_events_table
 .rodata._global_impure_ptr
                0x0000000008006f58        0x4 c:/st/stm32cubeide_1.8.0/stm32cubeide/plugins/com.st.stm32cube.ide.mcu.externaltools.gnu-tools-for-stm32.9-2020-q2-update.win32_2.0.0.202105311346/tools/bin/../lib/gcc/arm-none-eabi/9.3.1/../../../../arm-none-eabi/lib/thumb/v7e-m+fp/hard\libc_nano.a(lib_a-impure.o)
                0x0000000008006f58                _global_impure_ptr
 .rodata.srand.str1.1
                0x0000000008006f5c       0x76 c:/st/stm32cubeide_1.8.0/stm32cubeide/plugins/com.st.stm32cube.ide.mcu.externaltools.gnu-tools-for-stm32.9-2020-q2-update.win32_2.0.0.202105311346/tools/bin/../lib/gcc/arm-none-eabi/9.3.1/../../../../arm-none-eabi/lib/thumb/v7e-m+fp/hard\libc_nano.a(lib_a-rand.o)
 .rodata.__assert_func.str1.1
                0x0000000008006fd2       0x3c c:/st/stm32cubeide_1.8.0/stm32cubeide/plugins/com.st.stm32cube.ide.mcu.externaltools.gnu-tools-for-stm32.9-2020-q2-update.win32_2.0.0.202105311346/tools/bin/../lib/gcc/arm-none-eabi/9.3.1/../../../../arm-none-eabi/lib/thumb/v7e-m+fp/hard\libc_nano.a(lib_a-assert.o)
                                         0x3d (size before relaxing)
 *fill*         0x000000000800700e        0x2 
 .rodata.__sf_fake_stderr
                0x0000000008007010       0x20 c:/st/stm32cubeide_1.8.0/stm32cubeide/plugins/com.st.stm32cube.ide.mcu.externaltools.gnu-tools-for-stm32.9-2020-q2-update.win32_2.0.0.202105311346/tools/bin/../lib/gcc/arm-none-eabi/9.3.1/../../../../arm-none-eabi/lib/thumb/v7e-m+fp/hard\libc_nano.a(lib_a-findfp.o)
                0x0000000008007010                __sf_fake_stderr
 .rodata.__sf_fake_stdin
                0x0000000008007030       0x20 c:/st/stm32cubeide_1.8.0/stm32cubeide/plugins/com.st.stm32cube.ide.mcu.externaltools.gnu-tools-for-stm32.9-2020-q2-update.win32_2.0.0.202105311346/tools/bin/../lib/gcc/arm-none-eabi/9.3.1/../../../../arm-none-eabi/lib/thumb/v7e-m+fp/hard\libc_nano.a(lib_a-findfp.o)
                0x0000000008007030                __sf_fake_stdin
 .rodata.__sf_fake_stdout
                0x0000000008007050       0x20 c:/st/stm32cubeide_1.8.0/stm32cubeide/plugins/com.st.stm32cube.ide.mcu.externaltools.gnu-tools-for-stm32.9-2020-q2-update.win32_2.0.0.202105311346/tools/bin/../lib/gcc/arm-none-eabi/9.3.1/../../../../arm-none-eabi/lib/thumb/v7e-m+fp/hard\libc_nano.a(lib_a-findfp.o)
                0x0000000008007050                __sf_fake_stdout
 .rodata._vfprintf_r.str1.1
                0x0000000008007070       0x11 c:/st/stm32cubeide_1.8.0/stm32cubeide/plugins/com.st.stm32cube.ide.mcu.externaltools.gnu-tools-for-stm32.9-2020-q2-update.win32_2.0.0.202105311346/tools/bin/../lib/gcc/arm-none-eabi/9.3.1/../../../../arm-none-eabi/lib/thumb/v7e-m+fp/hard\libc_nano.a(lib_a-nano-vfprintf.o)
 .rodata._printf_i.str1.1
                0x0000000008007081       0x22 c:/st/stm32cubeide_1.8.0/stm32cubeide/plugins/com.st.stm32cube.ide.mcu.externaltools.gnu-tools-for-stm32.9-2020-q2-update.win32_2.0.0.202105311346/tools/bin/../lib/gcc/arm-none-eabi/9.3.1/../../../../arm-none-eabi/lib/thumb/v7e-m+fp/hard\libc_nano.a(lib_a-nano-vfprintf_i.o)
                0x00000000080070a4                . = ALIGN (0x4)
 *fill*         0x00000000080070a3        0x1 

.ARM.extab      0x00000000080070a4        0x0
                0x00000000080070a4                . = ALIGN (0x4)
 *(.ARM.extab* .gnu.linkonce.armextab.*)
                0x00000000080070a4                . = ALIGN (0x4)

.ARM            0x00000000080070a4        0x8
                0x00000000080070a4                . = ALIGN (0x4)
                0x00000000080070a4                __exidx_start = .
 *(.ARM.exidx*)
 .ARM.exidx     0x00000000080070a4        0x8 c:/st/stm32cubeide_1.8.0/stm32cubeide/plugins/com.st.stm32cube.ide.mcu.externaltools.gnu-tools-for-stm32.9-2020-q2-update.win32_2.0.0.202105311346/tools/bin/../lib/gcc/arm-none-eabi/9.3.1/thumb/v7e-m+fp/hard\libgcc.a(_udivmoddi4.o)
                0x00000000080070ac                __exidx_end = .
                0x00000000080070ac                . = ALIGN (0x4)

.rel.dyn        0x00000000080070ac        0x0
 .rel.iplt      0x00000000080070ac        0x0 c:/st/stm32cubeide_1.8.0/stm32cubeide/plugins/com.st.stm32cube.ide.mcu.externaltools.gnu-tools-for-stm32.9-2020-q2-update.win32_2.0.0.202105311346/tools/bin/../lib/gcc/arm-none-eabi/9.3.1/thumb/v7e-m+fp/hard/crtbegin.o

.preinit_array  0x00000000080070ac        0x0
                0x00000000080070ac                . = ALIGN (0x4)
                0x00000000080070ac                PROVIDE (__preinit_array_start = .)
 *(.preinit_array*)
                0x00000000080070ac                PROVIDE (__preinit_array_end = .)
                0x00000000080070ac                . = ALIGN (0x4)

.init_array     0x00000000080070ac        0x4
                0x00000000080070ac                . = ALIGN (0x4)
                0x00000000080070ac                PROVIDE (__init_array_start = .)
 *(SORT_BY_NAME(.init_array.*))
 *(.init_array*)
 .init_array    0x00000000080070ac        0x4 c:/st/stm32cubeide_1.8.0/stm32cubeide/plugins/com.st.stm32cube.ide.mcu.externaltools.gnu-tools-for-stm32.9-2020-q2-update.win32_2.0.0.202105311346/tools/bin/../lib/gcc/arm-none-eabi/9.3.1/thumb/v7e-m+fp/hard/crtbegin.o
                0x00000000080070b0                PROVIDE (__init_array_end = .)
                0x00000000080070b0                . = ALIGN (0x4)

.fini_array     0x00000000080070b0        0x4
                0x00000000080070b0                . = ALIGN (0x4)
                [!provide]                        PROVIDE (__fini_array_start = .)
 *(SORT_BY_NAME(.fini_array.*))
 *(.fini_array*)
 .fini_array    0x00000000080070b0        0x4 c:/st/stm32cubeide_1.8.0/stm32cubeide/plugins/com.st.stm32cube.ide.mcu.externaltools.gnu-tools-for-stm32.9-2020-q2-update.win32_2.0.0.202105311346/tools/bin/../lib/gcc/arm-none-eabi/9.3.1/thumb/v7e-m+fp/hard/crtbegin.o
                [!provide]                        PROVIDE (__fini_array_end = .)
                0x00000000080070b4                . = ALIGN (0x4)
                0x00000000080070b4                _sidata = LOADADDR (.data)

.data           0x0000000020000000       0x9c load address 0x00000000080070b4
                0x0000000020000000                . = ALIGN (0x4)
                0x0000000020000000                _sdata = .
 *(.data)
 *(.data*)
 .data.SERVER_BDARR
                0x0000000020000000        0x6 ./Core/Src/app_bluenrg.o
                0x0000000020000000                SERVER_BDARR
 *fill*         0x0000000020000006        0x2 
 .data.SERVICE_UUID
                0x0000000020000008       0x10 ./Core/Src/service.o
                0x0000000020000008                SERVICE_UUID
 .data.CHAR_UUID
                0x0000000020000018       0x10 ./Core/Src/service.o
                0x0000000020000018                CHAR_UUID
 .data.set_connectable
                0x0000000020000028        0x1 ./Core/Src/service.o
                0x0000000020000028                set_connectable
 *fill*         0x0000000020000029        0x3 
 .data.SystemCoreClock
                0x000000002000002c        0x4 ./Core/Src/system_stm32f4xx.o
                0x000000002000002c                SystemCoreClock
 .data.uwTickPrio
                0x0000000020000030        0x4 ./Drivers/STM32F4xx_HAL_Driver/Src/stm32f4xx_hal.o
                0x0000000020000030                uwTickPrio
 .data.uwTickFreq
                0x0000000020000034        0x1 ./Drivers/STM32F4xx_HAL_Driver/Src/stm32f4xx_hal.o
                0x0000000020000034                uwTickFreq
 *fill*         0x0000000020000035        0x3 
 .data._impure_ptr
                0x0000000020000038        0x4 c:/st/stm32cubeide_1.8.0/stm32cubeide/plugins/com.st.stm32cube.ide.mcu.externaltools.gnu-tools-for-stm32.9-2020-q2-update.win32_2.0.0.202105311346/tools/bin/../lib/gcc/arm-none-eabi/9.3.1/../../../../arm-none-eabi/lib/thumb/v7e-m+fp/hard\libc_nano.a(lib_a-impure.o)
                0x0000000020000038                _impure_ptr
 .data.impure_data
                0x000000002000003c       0x60 c:/st/stm32cubeide_1.8.0/stm32cubeide/plugins/com.st.stm32cube.ide.mcu.externaltools.gnu-tools-for-stm32.9-2020-q2-update.win32_2.0.0.202105311346/tools/bin/../lib/gcc/arm-none-eabi/9.3.1/../../../../arm-none-eabi/lib/thumb/v7e-m+fp/hard\libc_nano.a(lib_a-impure.o)
 *(.RamFunc)
 *(.RamFunc*)
                0x000000002000009c                . = ALIGN (0x4)
                0x000000002000009c                _edata = .

.igot.plt       0x000000002000009c        0x0 load address 0x0000000008007150
 .igot.plt      0x000000002000009c        0x0 c:/st/stm32cubeide_1.8.0/stm32cubeide/plugins/com.st.stm32cube.ide.mcu.externaltools.gnu-tools-for-stm32.9-2020-q2-update.win32_2.0.0.202105311346/tools/bin/../lib/gcc/arm-none-eabi/9.3.1/thumb/v7e-m+fp/hard/crtbegin.o
                0x000000002000009c                . = ALIGN (0x4)

.bss            0x000000002000009c      0x794 load address 0x0000000008007150
                0x000000002000009c                _sbss = .
                0x000000002000009c                __bss_start__ = _sbss
 *(.bss)
 .bss           0x000000002000009c       0x1c c:/st/stm32cubeide_1.8.0/stm32cubeide/plugins/com.st.stm32cube.ide.mcu.externaltools.gnu-tools-for-stm32.9-2020-q2-update.win32_2.0.0.202105311346/tools/bin/../lib/gcc/arm-none-eabi/9.3.1/thumb/v7e-m+fp/hard/crtbegin.o
 *(.bss*)
 .bss.read_char_buf.8222
                0x00000000200000b8       0xff ./BlueNRG-2/Target/hci_tl_interface.o
 *fill*         0x00000000200001b7        0x1 
 .bss.SPI1InitCounter
                0x00000000200001b8        0x4 ./Core/Src/custom_bus.o
 .bss.connected
                0x00000000200001bc        0x1 ./Core/Src/service.o