Archive member included to satisfy reference by file (symbol)

c:/st/stm32cubeide_1.8.0/stm32cubeide/plugins/com.st.stm32cube.ide.mcu.externaltools.gnu-tools-for-stm32.9-2020-q2-update.win32_2.0.0.202105311346/tools/bin/../lib/gcc/arm-none-eabi/9.3.1/../../../../arm-none-eabi/lib/thumb/v7e-m+fp/hard\libc_nano.a(lib_a-errno.o)
                              ./Core/Src/syscalls.o (__errno)
c:/st/stm32cubeide_1.8.0/stm32cubeide/plugins/com.st.stm32cube.ide.mcu.externaltools.gnu-tools-for-stm32.9-2020-q2-update.win32_2.0.0.202105311346/tools/bin/../lib/gcc/arm-none-eabi/9.3.1/../../../../arm-none-eabi/lib/thumb/v7e-m+fp/hard\libc_nano.a(lib_a-exit.o)
                              c:/st/stm32cubeide_1.8.0/stm32cubeide/plugins/com.st.stm32cube.ide.mcu.externaltools.gnu-tools-for-stm32.9-2020-q2-update.win32_2.0.0.202105311346/tools/bin/../lib/gcc/arm-none-eabi/9.3.1/../../../../arm-none-eabi/lib/thumb/v7e-m+fp/hard/crt0.o (exit)
c:/st/stm32cubeide_1.8.0/stm32cubeide/plugins/com.st.stm32cube.ide.mcu.externaltools.gnu-tools-for-stm32.9-2020-q2-update.win32_2.0.0.202105311346/tools/bin/../lib/gcc/arm-none-eabi/9.3.1/../../../../arm-none-eabi/lib/thumb/v7e-m+fp/hard\libc_nano.a(lib_a-impure.o)
                              c:/st/stm32cubeide_1.8.0/stm32cubeide/plugins/com.st.stm32cube.ide.mcu.externaltools.gnu-tools-for-stm32.9-2020-q2-update.win32_2.0.0.202105311346/tools/bin/../lib/gcc/arm-none-eabi/9.3.1/../../../../arm-none-eabi/lib/thumb/v7e-m+fp/hard\libc_nano.a(lib_a-exit.o) (_global_impure_ptr)
c:/st/stm32cubeide_1.8.0/stm32cubeide/plugins/com.st.stm32cube.ide.mcu.externaltools.gnu-tools-for-stm32.9-2020-q2-update.win32_2.0.0.202105311346/tools/bin/../lib/gcc/arm-none-eabi/9.3.1/../../../../arm-none-eabi/lib/thumb/v7e-m+fp/hard\libc_nano.a(lib_a-init.o)
                              c:/st/stm32cubeide_1.8.0/stm32cubeide/plugins/com.st.stm32cube.ide.mcu.externaltools.gnu-tools-for-stm32.9-2020-q2-update.win32_2.0.0.202105311346/tools/bin/../lib/gcc/arm-none-eabi/9.3.1/../../../../arm-none-eabi/lib/thumb/v7e-m+fp/hard/crt0.o (__libc_init_array)
c:/st/stm32cubeide_1.8.0/stm32cubeide/plugins/com.st.stm32cube.ide.mcu.externaltools.gnu-tools-for-stm32.9-2020-q2-update.win32_2.0.0.202105311346/tools/bin/../lib/gcc/arm-none-eabi/9.3.1/../../../../arm-none-eabi/lib/thumb/v7e-m+fp/hard\libc_nano.a(lib_a-memcpy-stub.o)
                              ./Middlewares/ST/BlueNRG-2/hci/bluenrg1_events.o (memcpy)
c:/st/stm32cubeide_1.8.0/stm32cubeide/plugins/com.st.stm32cube.ide.mcu.externaltools.gnu-tools-for-stm32.9-2020-q2-update.win32_2.0.0.202105311346/tools/bin/../lib/gcc/arm-none-eabi/9.3.1/../../../../arm-none-eabi/lib/thumb/v7e-m+fp/hard\libc_nano.a(lib_a-memset.o)
                              c:/st/stm32cubeide_1.8.0/stm32cubeide/plugins/com.st.stm32cube.ide.mcu.externaltools.gnu-tools-for-stm32.9-2020-q2-update.win32_2.0.0.202105311346/tools/bin/../lib/gcc/arm-none-eabi/9.3.1/../../../../arm-none-eabi/lib/thumb/v7e-m+fp/hard/crt0.o (memset)
c:/st/stm32cubeide_1.8.0/stm32cubeide/plugins/com.st.stm32cube.ide.mcu.externaltools.gnu-tools-for-stm32.9-2020-q2-update.win32_2.0.0.202105311346/tools/bin/../lib/gcc/arm-none-eabi/9.3.1/../../../../arm-none-eabi/lib/thumb/v7e-m+fp/hard\libc_nano.a(lib_a-printf.o)
                              ./Core/Src/app_bluenrg.o (printf)
c:/st/stm32cubeide_1.8.0/stm32cubeide/plugins/com.st.stm32cube.ide.mcu.externaltools.gnu-tools-for-stm32.9-2020-q2-update.win32_2.0.0.202105311346/tools/bin/../lib/gcc/arm-none-eabi/9.3.1/../../../../arm-none-eabi/lib/thumb/v7e-m+fp/hard\libc_nano.a(lib_a-strlen.o)
                              ./Core/Src/app_bluenrg.o (strlen)
c:/st/stm32cubeide_1.8.0/stm32cubeide/plugins/com.st.stm32cube.ide.mcu.externaltools.gnu-tools-for-stm32.9-2020-q2-update.win32_2.0.0.202105311346/tools/bin/../lib/gcc/arm-none-eabi/9.3.1/../../../../arm-none-eabi/lib/thumb/v7e-m+fp/hard\libc_nano.a(lib_a-findfp.o)
                              c:/st/stm32cubeide_1.8.0/stm32cubeide/plugins/com.st.stm32cube.ide.mcu.externaltools.gnu-tools-for-stm32.9-2020-q2-update.win32_2.0.0.202105311346/tools/bin/../lib/gcc/arm-none-eabi/9.3.1/../../../../arm-none-eabi/lib/thumb/v7e-m+fp/hard\libc_nano.a(lib_a-printf.o) (__sinit)
c:/st/stm32cubeide_1.8.0/stm32cubeide/plugins/com.st.stm32cube.ide.mcu.externaltools.gnu-tools-for-stm32.9-2020-q2-update.win32_2.0.0.202105311346/tools/bin/../lib/gcc/arm-none-eabi/9.3.1/../../../../arm-none-eabi/lib/thumb/v7e-m+fp/hard\libc_nano.a(lib_a-fwalk.o)
                              c:/st/stm32cubeide_1.8.0/stm32cubeide/plugins/com.st.stm32cube.ide.mcu.externaltools.gnu-tools-for-stm32.9-2020-q2-update.win32_2.0.0.202105311346/tools/bin/../lib/gcc/arm-none-eabi/9.3.1/../../../../arm-none-eabi/lib/thumb/v7e-m+fp/hard\libc_nano.a(lib_a-findfp.o) (_fwalk)
[...]
Memory Configuration

Name             Origin             Length             Attributes
RAM              0x0000000020000000 0x0000000000020000 xrw
FLASH            0x0000000008000000 0x0000000000080000 xr
*default*        0x0000000000000000 0xffffffffffffffff

Linker script and memory map

LOAD c:/st/stm32cubeide_1.8.0/stm32cubeide/plugins/com.st.stm32cube.ide.mcu.externaltools.gnu-tools-for-stm32.9-2020-q2-update.win32_2.0.0.202105311346/tools/bin/../lib/gcc/arm-none-eabi/9.3.1/thumb/v7e-m+fp/hard/crti.o
LOAD c:/st/stm32cubeide_1.8.0/stm32cubeide/plugins/com.st.stm32cube.ide.mcu.externaltools.gnu-tools-for-stm32.9-2020-q2-update.win32_2.0.0.202105311346/tools/bin/../lib/gcc/arm-none-eabi/9.3.1/thumb/v7e-m+fp/hard/crtbegin.o
LOAD c:/st/stm32cubeide_1.8.0/stm32cubeide/plugins/com.st.stm32cube.ide.mcu.externaltools.gnu-tools-for-stm32.9-2020-q2-update.win32_2.0.0.202105311346/tools/bin/../lib/gcc/arm-none-eabi/9.3.1/../../../../arm-none-eabi/lib/thumb/v7e-m+fp/hard/crt0.o
LOAD ./BlueNRG-2/Target/hci_tl_interface.o
LOAD ./Core/Src/app_bluenrg.o
LOAD ./Core/Src/custom_bus.o
LOAD ./Core/Src/main.o
LOAD ./Core/Src/stm32f4xx_hal_msp.o
LOAD ./Core/Src/stm32f4xx_it.o
LOAD ./Core/Src/syscalls.o
LOAD ./Core/Src/sysmem.o
LOAD ./Core/Src/system_stm32f4xx.o
LOAD ./Core/Startup/startup_stm32f411retx.o
LOAD ./Drivers/STM32F4xx_HAL_Driver/Src/stm32f4xx_hal.o
LOAD ./Drivers/STM32F4xx_HAL_Driver/Src/stm32f4xx_hal_cortex.o
LOAD ./Drivers/STM32F4xx_HAL_Driver/Src/stm32f4xx_hal_dma.o
LOAD ./Drivers/STM32F4xx_HAL_Driver/Src/stm32f4xx_hal_dma_ex.o
LOAD ./Drivers/STM32F4xx_HAL_Driver/Src/stm32f4xx_hal_exti.o
LOAD ./Drivers/STM32F4xx_HAL_Driver/Src/stm32f4xx_hal_flash.o
LOAD ./Drivers/STM32F4xx_HAL_Driver/Src/stm32f4xx_hal_flash_ex.o
LOAD ./Drivers/STM32F4xx_HAL_Driver/Src/stm32f4xx_hal_flash_ramfunc.o
LOAD ./Drivers/STM32F4xx_HAL_Driver/Src/stm32f4xx_hal_gpio.o
LOAD ./Drivers/STM32F4xx_HAL_Driver/Src/stm32f4xx_hal_pwr.o
LOAD ./Drivers/STM32F4xx_HAL_Driver/Src/stm32f4xx_hal_pwr_ex.o
LOAD ./Drivers/STM32F4xx_HAL_Driver/Src/stm32f4xx_hal_rcc.o
LOAD ./Drivers/STM32F4xx_HAL_Driver/Src/stm32f4xx_hal_rcc_ex.o
LOAD ./Drivers/STM32F4xx_HAL_Driver/Src/stm32f4xx_hal_spi.o
LOAD ./Drivers/STM32F4xx_HAL_Driver/Src/stm32f4xx_hal_tim.o
LOAD ./Drivers/STM32F4xx_HAL_Driver/Src/stm32f4xx_hal_tim_ex.o
LOAD ./Drivers/STM32F4xx_HAL_Driver/Src/stm32f4xx_hal_uart.o
LOAD ./Middlewares/ST/BlueNRG-2/hci/bluenrg1_devConfig.o
LOAD ./Middlewares/ST/BlueNRG-2/hci/bluenrg1_events.o
LOAD ./Middlewares/ST/BlueNRG-2/hci/bluenrg1_events_cb.o
LOAD ./Middlewares/ST/BlueNRG-2/hci/bluenrg1_hci_le.o
LOAD ./Middlewares/ST/BlueNRG-2/hci/controller/bluenrg1_gap_aci.o
LOAD ./Middlewares/ST/BlueNRG-2/hci/controller/bluenrg1_gatt_aci.o
LOAD ./Middlewares/ST/BlueNRG-2/hci/controller/bluenrg1_hal_aci.o
LOAD ./Middlewares/ST/BlueNRG-2/hci/controller/bluenrg1_l2cap_aci.o
LOAD ./Middlewares/ST/BlueNRG-2/hci/hci_tl_patterns/Basic/hci_tl.o
LOAD ./Middlewares/ST/BlueNRG-2/utils/ble_list.o
START GROUP
LOAD c:/st/stm32cubeide_1.8.0/stm32cubeide/plugins/com.st.stm32cube.ide.mcu.externaltools.gnu-tools-for-stm32.9-2020-q2-update.win32_2.0.0.202105311346/tools/bin/../lib/gcc/arm-none-eabi/9.3.1/../../../../arm-none-eabi/lib/thumb/v7e-m+fp/hard\libc_nano.a
LOAD c:/st/stm32cubeide_1.8.0/stm32cubeide/plugins/com.st.stm32cube.ide.mcu.externaltools.gnu-tools-for-stm32.9-2020-q2-update.win32_2.0.0.202105311346/tools/bin/../lib/gcc/arm-none-eabi/9.3.1/../../../../arm-none-eabi/lib/thumb/v7e-m+fp/hard\libm.a
END GROUP
START GROUP
LOAD c:/st/stm32cubeide_1.8.0/stm32cubeide/plugins/com.st.stm32cube.ide.mcu.externaltools.gnu-tools-for-stm32.9-2020-q2-update.win32_2.0.0.202105311346/tools/bin/../lib/gcc/arm-none-eabi/9.3.1/thumb/v7e-m+fp/hard\libgcc.a
LOAD c:/st/stm32cubeide_1.8.0/stm32cubeide/plugins/com.st.stm32cube.ide.mcu.externaltools.gnu-tools-for-stm32.9-2020-q2-update.win32_2.0.0.202105311346/tools/bin/../lib/gcc/arm-none-eabi/9.3.1/../../../../arm-none-eabi/lib/thumb/v7e-m+fp/hard\libc_nano.a
END GROUP
START GROUP
LOAD c:/st/stm32cubeide_1.8.0/stm32cubeide/plugins/com.st.stm32cube.ide.mcu.externaltools.gnu-tools-for-stm32.9-2020-q2-update.win32_2.0.0.202105311346/tools/bin/../lib/gcc/arm-none-eabi/9.3.1/thumb/v7e-m+fp/hard\libgcc.a
LOAD c:/st/stm32cubeide_1.8.0/stm32cubeide/plugins/com.st.stm32cube.ide.mcu.externaltools.gnu-tools-for-stm32.9-2020-q2-update.win32_2.0.0.202105311346/tools/bin/../lib/gcc/arm-none-eabi/9.3.1/../../../../arm-none-eabi/lib/thumb/v7e-m+fp/hard\libc_nano.a
LOAD c:/st/stm32cubeide_1.8.0/stm32cubeide/plugins/com.st.stm32cube.ide.mcu.externaltools.gnu-tools-for-stm32.9-2020-q2-update.win32_2.0.0.202105311346/tools/bin/../lib/gcc/arm-none-eabi/9.3.1/../../../../arm-none-eabi/lib/thumb/v7e-m+fp/hard\libnosys.a
END GROUP
START GROUP
LOAD c:/st/stm32cubeide_1.8.0/stm32cubeide/plugins/com.st.stm32cube.ide.mcu.externaltools.gnu-tools-for-stm32.9-2020-q2-update.win32_2.0.0.202105311346/tools/bin/../lib/gcc/arm-none-eabi/9.3.1/thumb/v7e-m+fp/hard\libgcc.a
LOAD c:/st/stm32cubeide_1.8.0/stm32cubeide/plugins/com.st.stm32cube.ide.mcu.externaltools.gnu-tools-for-stm32.9-2020-q2-update.win32_2.0.0.202105311346/tools/bin/../lib/gcc/arm-none-eabi/9.3.1/../../../../arm-none-eabi/lib/thumb/v7e-m+fp/hard\libc_nano.a
LOAD c:/st/stm32cubeide_1.8.0/stm32cubeide/plugins/com.st.stm32cube.ide.mcu.externaltools.gnu-tools-for-stm32.9-2020-q2-update.win32_2.0.0.202105311346/tools/bin/../lib/gcc/arm-none-eabi/9.3.1/../../../../arm-none-eabi/lib/thumb/v7e-m+fp/hard\libnosys.a
END GROUP
LOAD c:/st/stm32cubeide_1.8.0/stm32cubeide/plugins/com.st.stm32cube.ide.mcu.externaltools.gnu-tools-for-stm32.9-2020-q2-update.win32_2.0.0.202105311346/tools/bin/../lib/gcc/arm-none-eabi/9.3.1/thumb/v7e-m+fp/hard/crtend.o
LOAD c:/st/stm32cubeide_1.8.0/stm32cubeide/plugins/com.st.stm32cube.ide.mcu.externaltools.gnu-tools-for-stm32.9-2020-q2-update.win32_2.0.0.202105311346/tools/bin/../lib/gcc/arm-none-eabi/9.3.1/thumb/v7e-m+fp/hard/crtn.o
                0x0000000020020000                _estack = (ORIGIN (RAM) + LENGTH (RAM))
                0x0000000000000200                _Min_Heap_Size = 0x200
                0x0000000000000400                _Min_Stack_Size = 0x400

.isr_vector     0x0000000008000000      0x198
                0x0000000008000000                . = ALIGN (0x4)
 *(.isr_vector)
 .isr_vector    0x0000000008000000      0x198 ./Core/Startup/startup_stm32f411retx.o
                0x0000000008000000                g_pfnVectors
                0x0000000008000198                . = ALIGN (0x4)

.text           0x00000000080001a0     0x4b3c
                0x00000000080001a0                . = ALIGN (0x4)
 *(.text)
 .text          0x00000000080001a0       0x40 c:/st/stm32cubeide_1.8.0/stm32cubeide/plugins/com.st.stm32cube.ide.mcu.externaltools.gnu-tools-for-stm32.9-2020-q2-update.win32_2.0.0.202105311346/tools/bin/../lib/gcc/arm-none-eabi/9.3.1/thumb/v7e-m+fp/hard/crtbegin.o
 .text          0x00000000080001e0       0x10 c:/st/stm32cubeide_1.8.0/stm32cubeide/plugins/com.st.stm32cube.ide.mcu.externaltools.gnu-tools-for-stm32.9-2020-q2-update.win32_2.0.0.202105311346/tools/bin/../lib/gcc/arm-none-eabi/9.3.1/../../../../arm-none-eabi/lib/thumb/v7e-m+fp/hard\libc_nano.a(lib_a-strlen.o)
                0x00000000080001e0                strlen
 .text          0x00000000080001f0       0xa0 c:/st/stm32cubeide_1.8.0/stm32cubeide/plugins/com.st.stm32cube.ide.mcu.externaltools.gnu-tools-for-stm32.9-2020-q2-update.win32_2.0.0.202105311346/tools/bin/../lib/gcc/arm-none-eabi/9.3.1/../../../../arm-none-eabi/lib/thumb/v7e-m+fp/hard\libc_nano.a(lib_a-memchr.o)
                0x00000000080001f0                memchr
 .text          0x0000000008000290       0x30 c:/st/stm32cubeide_1.8.0/stm32cubeide/plugins/com.st.stm32cube.ide.mcu.externaltools.gnu-tools-for-stm32.9-2020-q2-update.win32_2.0.0.202105311346/tools/bin/../lib/gcc/arm-none-eabi/9.3.1/thumb/v7e-m+fp/hard\libgcc.a(_aeabi_uldivmod.o)
                0x0000000008000290                __aeabi_uldivmod
 .text          0x00000000080002c0      0x2c4 c:/st/stm32cubeide_1.8.0/stm32cubeide/plugins/com.st.stm32cube.ide.mcu.externaltools.gnu-tools-for-stm32.9-2020-q2-update.win32_2.0.0.202105311346/tools/bin/../lib/gcc/arm-none-eabi/9.3.1/thumb/v7e-m+fp/hard\libgcc.a(_udivmoddi4.o)
                0x00000000080002c0                __udivmoddi4
 .text          0x0000000008000584        0x4 c:/st/stm32cubeide_1.8.0/stm32cubeide/plugins/com.st.stm32cube.ide.mcu.externaltools.gnu-tools-for-stm32.9-2020-q2-update.win32_2.0.0.202105311346/tools/bin/../lib/gcc/arm-none-eabi/9.3.1/thumb/v7e-m+fp/hard\libgcc.a(_dvmd_tls.o)
                0x0000000008000584                __aeabi_idiv0
                0x0000000008000584                __aeabi_ldiv0
 *(.text*)
 .text.HCI_TL_SPI_Enable_IRQ
                0x0000000008000588        0xe ./BlueNRG-2/Target/hci_tl_interface.o
 .text.HCI_TL_SPI_Disable_IRQ
                0x0000000008000596        0xe ./BlueNRG-2/Target/hci_tl_interface.o
 .text.HCI_TL_SPI_Init
                0x00000000080005a4       0x98 ./BlueNRG-2/Target/hci_tl_interface.o
                0x00000000080005a4                HCI_TL_SPI_Init
 .text.HCI_TL_SPI_DeInit
                0x000000000800063c       0x28 ./BlueNRG-2/Target/hci_tl_interface.o
                0x000000000800063c                HCI_TL_SPI_DeInit
 .text.HCI_TL_SPI_Reset
                0x0000000008000664       0x3c ./BlueNRG-2/Target/hci_tl_interface.o
                0x0000000008000664                HCI_TL_SPI_Reset
 .text.HCI_TL_SPI_Receive
                0x00000000080006a0       0xe0 ./BlueNRG-2/Target/hci_tl_interface.o
                0x00000000080006a0                HCI_TL_SPI_Receive
 .text.HCI_TL_SPI_Send
                0x0000000008000780      0x118 ./BlueNRG-2/Target/hci_tl_interface.o
                0x0000000008000780                HCI_TL_SPI_Send
 .text.IsDataAvailable
                0x0000000008000898       0x20 ./BlueNRG-2/Target/hci_tl_interface.o
 .text.hci_tl_lowlevel_init
                0x00000000080008b8       0x74 ./BlueNRG-2/Target/hci_tl_interface.o
                0x00000000080008b8                hci_tl_lowlevel_init
 .text.hci_tl_lowlevel_isr
                0x000000000800092c       0x22 ./BlueNRG-2/Target/hci_tl_interface.o
                0x000000000800092c                hci_tl_lowlevel_isr
 *fill*         0x000000000800094e        0x2 
 .text.bluenrg_init
                0x0000000008000950       0xcc ./Core/Src/app_bluenrg.o
                0x0000000008000950                bluenrg_init
 .text.bluenrg_process
                0x0000000008000a1c       0x58 ./Core/Src/app_bluenrg.o
                0x0000000008000a1c                bluenrg_process
 .text.BSP_SPI1_Init
                0x0000000008000a74       0x60 ./Core/Src/custom_bus.o
                0x0000000008000a74                BSP_SPI1_Init
 .text.BSP_SPI1_SendRecv
                0x0000000008000ad4       0x40 ./Core/Src/custom_bus.o
                0x0000000008000ad4                BSP_SPI1_SendRecv
 .text.BSP_GetTick
                0x0000000008000b14        0xe ./Core/Src/custom_bus.o
                0x0000000008000b14                BSP_GetTick
 *fill*         0x0000000008000b22        0x2 
 .text.MX_SPI1_Init
                0x0000000008000b24       0x78 ./Core/Src/custom_bus.o
                0x0000000008000b24                MX_SPI1_Init
 .text.SPI1_MspInit
                0x0000000008000b9c       0xd0 ./Core/Src/custom_bus.o
 .text.__io_putchar
                0x0000000008000c6c       0x24 ./Core/Src/main.o
                0x0000000008000c6c                __io_putchar
 .text.main     0x0000000008000c90       0x28 ./Core/Src/main.o
                0x0000000008000c90                main
 .text.SystemClock_Config
                0x0000000008000cb8       0xd0 ./Core/Src/main.o
                0x0000000008000cb8                SystemClock_Config
 .text.MX_USART2_UART_Init
                0x0000000008000d88       0x54 ./Core/Src/main.o
 .text.MX_GPIO_Init
                0x0000000008000ddc      0x11c ./Core/Src/main.o
 .text.Error_Handler
                0x0000000008000ef8        0xa ./Core/Src/main.o
                0x0000000008000ef8                Error_Handler
 *fill*         0x0000000008000f02        0x2 
 .text.HAL_MspInit
                0x0000000008000f04       0x50 ./Core/Src/stm32f4xx_hal_msp.o
                0x0000000008000f04                HAL_MspInit
 .text.HAL_UART_MspInit
                0x0000000008000f54       0x90 ./Core/Src/stm32f4xx_hal_msp.o
                0x0000000008000f54                HAL_UART_MspInit
 .text.NMI_Handler
                0x0000000008000fe4        0x6 ./Core/Src/stm32f4xx_it.o
                0x0000000008000fe4                NMI_Handler
 .text.HardFault_Handler
                0x0000000008000fea        0x6 ./Core/Src/stm32f4xx_it.o
                0x0000000008000fea                HardFault_Handler
 .text.MemManage_Handler
                0x0000000008000ff0        0x6 ./Core/Src/stm32f4xx_it.o
                0x0000000008000ff0                MemManage_Handler
 .text.BusFault_Handler
                0x0000000008000ff6        0x6 ./Core/Src/stm32f4xx_it.o
                0x0000000008000ff6                BusFault_Handler
 .text.UsageFault_Handler
                0x0000000008000ffc        0x6 ./Core/Src/stm32f4xx_it.o
                0x0000000008000ffc                UsageFault_Handler
 .text.SVC_Handler
                0x0000000008001002        0xe ./Core/Src/stm32f4xx_it.o
                0x0000000008001002                SVC_Handler
 .text.DebugMon_Handler
                0x0000000008001010        0xe ./Core/Src/stm32f4xx_it.o
                0x0000000008001010                DebugMon_Handler
 .text.PendSV_Handler
                0x000000000800101e        0xe ./Core/Src/stm32f4xx_it.o
                0x000000000800101e                PendSV_Handler
 .text.SysTick_Handler
                0x000000000800102c        0xc ./Core/Src/stm32f4xx_it.o
                0x000000000800102c                SysTick_Handler
 .text.EXTI0_IRQHandler
                0x0000000008001038       0x14 ./Core/Src/stm32f4xx_it.o
                0x0000000008001038                EXTI0_IRQHandler
 .text.EXTI15_10_IRQHandler
                0x000000000800104c       0x10 ./Core/Src/stm32f4xx_it.o
                0x000000000800104c                EXTI15_10_IRQHandler
 .text._read    0x000000000800105c       0x3a ./Core/Src/syscalls.o
                0x000000000800105c                _read
 .text._write   0x0000000008001096       0x38 ./Core/Src/syscalls.o
                0x0000000008001096                _write
 .text._close   0x00000000080010ce       0x18 ./Core/Src/syscalls.o
                0x00000000080010ce                _close
 .text._fstat   0x00000000080010e6       0x20 ./Core/Src/syscalls.o
                0x00000000080010e6                _fstat
 .text._isatty  0x0000000008001106       0x16 ./Core/Src/syscalls.o
                0x0000000008001106                _isatty
 .text._lseek   0x000000000800111c       0x1a ./Core/Src/syscalls.o
                0x000000000800111c                _lseek
 *fill*         0x0000000008001136        0x2 
 .text._sbrk    0x0000000008001138       0x6c ./Core/Src/sysmem.o
                0x0000000008001138                _sbrk
 .text.SystemInit
                0x00000000080011a4       0x24 ./Core/Src/system_stm32f4xx.o
                0x00000000080011a4                SystemInit
 .text.Reset_Handler
                0x00000000080011c8       0x50 ./Core/Startup/startup_stm32f411retx.o
                0x00000000080011c8                Reset_Handler
 .text.Default_Handler
                0x0000000008001218        0x2 ./Core/Startup/startup_stm32f411retx.o
                0x0000000008001218                RTC_Alarm_IRQHandler
                0x0000000008001218                EXTI2_IRQHandler
                0x0000000008001218                SPI4_IRQHandler
                0x0000000008001218                TIM1_CC_IRQHandler
                0x0000000008001218                DMA2_Stream5_IRQHandler
                0x0000000008001218                DMA1_Stream5_IRQHandler
                0x0000000008001218                PVD_IRQHandler
                0x0000000008001218                SDIO_IRQHandler
                0x0000000008001218                TAMP_STAMP_IRQHandler
                0x0000000008001218                EXTI3_IRQHandler
                0x0000000008001218                TIM1_UP_TIM10_IRQHandler
                0x0000000008001218                I2C3_ER_IRQHandler
                0x0000000008001218                I2C2_EV_IRQHandler
                0x0000000008001218                DMA1_Stream2_IRQHandler
                0x0000000008001218                FPU_IRQHandler
                0x0000000008001218                DMA2_Stream2_IRQHandler
                0x0000000008001218                SPI1_IRQHandler
                0x0000000008001218                TIM1_BRK_TIM9_IRQHandler
                0x0000000008001218                DMA2_Stream3_IRQHandler
                0x0000000008001218                USART6_IRQHandler
                0x0000000008001218                DMA2_Stream0_IRQHandler
                0x0000000008001218                TIM4_IRQHandler
                0x0000000008001218                I2C1_EV_IRQHandler
                0x0000000008001218                DMA1_Stream6_IRQHandler
                0x0000000008001218                DMA1_Stream1_IRQHandler
                0x0000000008001218                TIM3_IRQHandler
                0x0000000008001218                RCC_IRQHandler
                0x0000000008001218                Default_Handler
                0x0000000008001218                ADC_IRQHandler
                0x0000000008001218                DMA1_Stream7_IRQHandler
                0x0000000008001218                SPI5_IRQHandler
                0x0000000008001218                TIM5_IRQHandler
                0x0000000008001218                DMA2_Stream7_IRQHandler
                0x0000000008001218                I2C3_EV_IRQHandler
                0x0000000008001218                EXTI9_5_IRQHandler
                0x0000000008001218                RTC_WKUP_IRQHandler
                0x0000000008001218                SPI2_IRQHandler
                0x0000000008001218                DMA1_Stream0_IRQHandler
                0x0000000008001218                EXTI4_IRQHandler
                0x0000000008001218                WWDG_IRQHandler
                0x0000000008001218                TIM2_IRQHandler
                0x0000000008001218                OTG_FS_WKUP_IRQHandler
                0x0000000008001218                TIM1_TRG_COM_TIM11_IRQHandler
                0x0000000008001218                EXTI1_IRQHandler
                0x0000000008001218                USART2_IRQHandler
                0x0000000008001218                I2C2_ER_IRQHandler
                0x0000000008001218                DMA2_Stream1_IRQHandler
                0x0000000008001218                FLASH_IRQHandler
                0x0000000008001218                DMA2_Stream4_IRQHandler
                0x0000000008001218                USART1_IRQHandler
                0x0000000008001218                OTG_FS_IRQHandler
                0x0000000008001218                SPI3_IRQHandler
                0x0000000008001218                DMA1_Stream4_IRQHandler
                0x0000000008001218                I2C1_ER_IRQHandler
                0x0000000008001218                DMA2_Stream6_IRQHandler
                0x0000000008001218                DMA1_Stream3_IRQHandler
 *fill*         0x000000000800121a        0x2 
 .text.HAL_Init
                0x000000000800121c       0x44 ./Drivers/STM32F4xx_HAL_Driver/Src/stm32f4xx_hal.o
                0x000000000800121c                HAL_Init
 .text.HAL_InitTick
                0x0000000008001260       0x60 ./Drivers/STM32F4xx_HAL_Driver/Src/stm32f4xx_hal.o
                0x0000000008001260                HAL_InitTick
 .text.HAL_IncTick
                0x00000000080012c0       0x28 ./Drivers/STM32F4xx_HAL_Driver/Src/stm32f4xx_hal.o
                0x00000000080012c0                HAL_IncTick
 .text.HAL_GetTick
                0x00000000080012e8       0x18 ./Drivers/STM32F4xx_HAL_Driver/Src/stm32f4xx_hal.o
                0x00000000080012e8                HAL_GetTick
 .text.HAL_Delay
                0x0000000008001300       0x48 ./Drivers/STM32F4xx_HAL_Driver/Src/stm32f4xx_hal.o
                0x0000000008001300                HAL_Delay
 .text.__NVIC_SetPriorityGrouping
                0x0000000008001348       0x48 ./Drivers/STM32F4xx_HAL_Driver/Src/stm32f4xx_hal_cortex.o
 .text.__NVIC_GetPriorityGrouping
                0x0000000008001390       0x1c ./Drivers/STM32F4xx_HAL_Driver/Src/stm32f4xx_hal_cortex.o
 .text.__NVIC_EnableIRQ
                0x00000000080013ac       0x3c ./Drivers/STM32F4xx_HAL_Driver/Src/stm32f4xx_hal_cortex.o
 .text.__NVIC_DisableIRQ
                0x00000000080013e8       0x48 ./Drivers/STM32F4xx_HAL_Driver/Src/stm32f4xx_hal_cortex.o
 .text.__NVIC_SetPriority
                0x0000000008001430       0x54 ./Drivers/STM32F4xx_HAL_Driver/Src/stm32f4xx_hal_cortex.o
 .text.NVIC_EncodePriority
                0x0000000008001484       0x66 ./Drivers/STM32F4xx_HAL_Driver/Src/stm32f4xx_hal_cortex.o
 *fill*         0x00000000080014ea        0x2 
 .text.SysTick_Config
                0x00000000080014ec       0x44 ./Drivers/STM32F4xx_HAL_Driver/Src/stm32f4xx_hal_cortex.o
 .text.HAL_NVIC_SetPriorityGrouping
                0x0000000008001530       0x16 ./Drivers/STM32F4xx_HAL_Driver/Src/stm32f4xx_hal_cortex.o
                0x0000000008001530                HAL_NVIC_SetPriorityGrouping
 .text.HAL_NVIC_SetPriority
                0x0000000008001546       0x38 ./Drivers/STM32F4xx_HAL_Driver/Src/stm32f4xx_hal_cortex.o
                0x0000000008001546                HAL_NVIC_SetPriority
 .text.HAL_NVIC_EnableIRQ
                0x000000000800157e       0x1c ./Drivers/STM32F4xx_HAL_Driver/Src/stm32f4xx_hal_cortex.o
                0x000000000800157e                HAL_NVIC_EnableIRQ
 .text.HAL_NVIC_DisableIRQ
                0x000000000800159a       0x1c ./Drivers/STM32F4xx_HAL_Driver/Src/stm32f4xx_hal_cortex.o
                0x000000000800159a                HAL_NVIC_DisableIRQ
 .text.HAL_SYSTICK_Config
                0x00000000080015b6       0x18 ./Drivers/STM32F4xx_HAL_Driver/Src/stm32f4xx_hal_cortex.o
                0x00000000080015b6                HAL_SYSTICK_Config
 .text.HAL_EXTI_RegisterCallback
                0x00000000080015ce       0x34 ./Drivers/STM32F4xx_HAL_Driver/Src/stm32f4xx_hal_exti.o
                0x00000000080015ce                HAL_EXTI_RegisterCallback
 .text.HAL_EXTI_GetHandle
                0x0000000008001602       0x28 ./Drivers/STM32F4xx_HAL_Driver/Src/stm32f4xx_hal_exti.o
                0x0000000008001602                HAL_EXTI_GetHandle
 *fill*         0x000000000800162a        0x2 
 .text.HAL_EXTI_IRQHandler
                0x000000000800162c       0x48 ./Drivers/STM32F4xx_HAL_Driver/Src/stm32f4xx_hal_exti.o
                0x000000000800162c                HAL_EXTI_IRQHandler
 .text.HAL_GPIO_Init
                0x0000000008001674      0x308 ./Drivers/STM32F4xx_HAL_Driver/Src/stm32f4xx_hal_gpio.o
                0x0000000008001674                HAL_GPIO_Init
 .text.HAL_GPIO_DeInit
                0x000000000800197c      0x1c8 ./Drivers/STM32F4xx_HAL_Driver/Src/stm32f4xx_hal_gpio.o
                0x000000000800197c                HAL_GPIO_DeInit
 .text.HAL_GPIO_ReadPin
                0x0000000008001b44       0x30 ./Drivers/STM32F4xx_HAL_Driver/Src/stm32f4xx_hal_gpio.o
                0x0000000008001b44                HAL_GPIO_ReadPin
 .text.HAL_GPIO_WritePin
                0x0000000008001b74       0x32 ./Drivers/STM32F4xx_HAL_Driver/Src/stm32f4xx_hal_gpio.o
                0x0000000008001b74                HAL_GPIO_WritePin
 *fill*         0x0000000008001ba6        0x2 
 .text.HAL_GPIO_EXTI_IRQHandler
                0x0000000008001ba8       0x30 ./Drivers/STM32F4xx_HAL_Driver/Src/stm32f4xx_hal_gpio.o
                0x0000000008001ba8                HAL_GPIO_EXTI_IRQHandler
 .text.HAL_GPIO_EXTI_Callback
                0x0000000008001bd8       0x16 ./Drivers/STM32F4xx_HAL_Driver/Src/stm32f4xx_hal_gpio.o
                0x0000000008001bd8                HAL_GPIO_EXTI_Callback
 *fill*         0x0000000008001bee        0x2 
 .text.HAL_RCC_OscConfig
                0x0000000008001bf0      0x4f0 ./Drivers/STM32F4xx_HAL_Driver/Src/stm32f4xx_hal_rcc.o
                0x0000000008001bf0                HAL_RCC_OscConfig
 .text.HAL_RCC_ClockConfig
                0x00000000080020e0      0x1cc ./Drivers/STM32F4xx_HAL_Driver/Src/stm32f4xx_hal_rcc.o
                0x00000000080020e0                HAL_RCC_ClockConfig
 .text.HAL_RCC_GetSysClockFreq
                0x00000000080022ac      0x1c4 ./Drivers/STM32F4xx_HAL_Driver/Src/stm32f4xx_hal_rcc.o
                0x00000000080022ac                HAL_RCC_GetSysClockFreq
 .text.HAL_RCC_GetHCLKFreq
                0x0000000008002470       0x18 ./Drivers/STM32F4xx_HAL_Driver/Src/stm32f4xx_hal_rcc.o
                0x0000000008002470                HAL_RCC_GetHCLKFreq
 .text.HAL_RCC_GetPCLK1Freq
                0x0000000008002488       0x28 ./Drivers/STM32F4xx_HAL_Driver/Src/stm32f4xx_hal_rcc.o
                0x0000000008002488                HAL_RCC_GetPCLK1Freq
 .text.HAL_RCC_GetPCLK2Freq
                0x00000000080024b0       0x28 ./Drivers/STM32F4xx_HAL_Driver/Src/stm32f4xx_hal_rcc.o
                0x00000000080024b0                HAL_RCC_GetPCLK2Freq
 .text.HAL_SPI_Init
                0x00000000080024d8      0x112 ./Drivers/STM32F4xx_HAL_Driver/Src/stm32f4xx_hal_spi.o
                0x00000000080024d8                HAL_SPI_Init
 .text.HAL_SPI_MspInit
                0x00000000080025ea       0x14 ./Drivers/STM32F4xx_HAL_Driver/Src/stm32f4xx_hal_spi.o
                0x00000000080025ea                HAL_SPI_MspInit
 .text.HAL_SPI_TransmitReceive
                0x00000000080025fe      0x344 ./Drivers/STM32F4xx_HAL_Driver/Src/stm32f4xx_hal_spi.o
                0x00000000080025fe                HAL_SPI_TransmitReceive
 .text.HAL_SPI_GetState
                0x0000000008002942       0x1c ./Drivers/STM32F4xx_HAL_Driver/Src/stm32f4xx_hal_spi.o
                0x0000000008002942                HAL_SPI_GetState
 *fill*         0x000000000800295e        0x2 
 .text.SPI_WaitFlagStateUntilTimeout
                0x0000000008002960      0x110 ./Drivers/STM32F4xx_HAL_Driver/Src/stm32f4xx_hal_spi.o
 .text.SPI_EndRxTxTransaction
                0x0000000008002a70       0x84 ./Drivers/STM32F4xx_HAL_Driver/Src/stm32f4xx_hal_spi.o
 .text.HAL_UART_Init
                0x0000000008002af4       0x9a ./Drivers/STM32F4xx_HAL_Driver/Src/stm32f4xx_hal_uart.o
                0x0000000008002af4                HAL_UART_Init
 .text.HAL_UART_Transmit
                0x0000000008002b8e      0x124 ./Drivers/STM32F4xx_HAL_Driver/Src/stm32f4xx_hal_uart.o
                0x0000000008002b8e                HAL_UART_Transmit
 .text.UART_WaitOnFlagUntilTimeout
                0x0000000008002cb2       0xdc ./Drivers/STM32F4xx_HAL_Driver/Src/stm32f4xx_hal_uart.o
 *fill*         0x0000000008002d8e        0x2 
 .text.UART_SetConfig
                0x0000000008002d90      0x390 ./Drivers/STM32F4xx_HAL_Driver/Src/stm32f4xx_hal_uart.o
 .text.hci_reset
                0x0000000008003120       0x52 ./Middlewares/ST/BlueNRG-2/hci/bluenrg1_hci_le.o
                0x0000000008003120                hci_reset
 .text.aci_gap_set_discoverable
                0x0000000008003172      0x1ca ./Middlewares/ST/BlueNRG-2/hci/controller/bluenrg1_gap_aci.o
                0x0000000008003172                aci_gap_set_discoverable
 .text.aci_gap_init
                0x000000000800333c      0x116 ./Middlewares/ST/BlueNRG-2/hci/controller/bluenrg1_gap_aci.o
                0x000000000800333c                aci_gap_init
 .text.aci_gatt_init
                0x0000000008003452       0x54 ./Middlewares/ST/BlueNRG-2/hci/controller/bluenrg1_gatt_aci.o
                0x0000000008003452                aci_gatt_init
 .text.aci_gatt_update_char_value
                0x00000000080034a6      0x11c ./Middlewares/ST/BlueNRG-2/hci/controller/bluenrg1_gatt_aci.o
                0x00000000080034a6                aci_gatt_update_char_value
 .text.aci_hal_write_config_data
                0x00000000080035c2       0xe0 ./Middlewares/ST/BlueNRG-2/hci/controller/bluenrg1_hal_aci.o
                0x00000000080035c2                aci_hal_write_config_data
 .text.verify_packet
                0x00000000080036a2       0x40 ./Middlewares/ST/BlueNRG-2/hci/hci_tl_patterns/Basic/hci_tl.o
 *fill*         0x00000000080036e2        0x2 
 .text.send_cmd
                0x00000000080036e4       0x80 ./Middlewares/ST/BlueNRG-2/hci/hci_tl_patterns/Basic/hci_tl.o
 .text.move_list
                0x0000000008003764       0x38 ./Middlewares/ST/BlueNRG-2/hci/hci_tl_patterns/Basic/hci_tl.o
 .text.free_event_list
                0x000000000800379c       0x3c ./Middlewares/ST/BlueNRG-2/hci/hci_tl_patterns/Basic/hci_tl.o
 .text.hci_init
                0x00000000080037d8       0x84 ./Middlewares/ST/BlueNRG-2/hci/hci_tl_patterns/Basic/hci_tl.o
                0x00000000080037d8                hci_init
 .text.hci_register_io_bus
                0x000000000800385c       0x40 ./Middlewares/ST/BlueNRG-2/hci/hci_tl_patterns/Basic/hci_tl.o
                0x000000000800385c                hci_register_io_bus
 .text.hci_send_req
                0x000000000800389c      0x234 ./Middlewares/ST/BlueNRG-2/hci/hci_tl_patterns/Basic/hci_tl.o
                0x000000000800389c                hci_send_req
 .text.hci_notify_asynch_evt
                0x0000000008003ad0       0x9c ./Middlewares/ST/BlueNRG-2/hci/hci_tl_patterns/Basic/hci_tl.o
                0x0000000008003ad0                hci_notify_asynch_evt
 .text.list_init_head
                0x0000000008003b6c       0x20 ./Middlewares/ST/BlueNRG-2/utils/ble_list.o
                0x0000000008003b6c                list_init_head
 .text.list_is_empty
                0x0000000008003b8c       0x44 ./Middlewares/ST/BlueNRG-2/utils/ble_list.o
                0x0000000008003b8c                list_is_empty
 .text.list_insert_head
                0x0000000008003bd0       0x4c ./Middlewares/ST/BlueNRG-2/utils/ble_list.o
                0x0000000008003bd0                list_insert_head
 .text.list_insert_tail
                0x0000000008003c1c       0x4c ./Middlewares/ST/BlueNRG-2/utils/ble_list.o
                0x0000000008003c1c                list_insert_tail
 .text.list_remove_node
                0x0000000008003c68       0x42 ./Middlewares/ST/BlueNRG-2/utils/ble_list.o
                0x0000000008003c68                list_remove_node
 .text.list_remove_head
                0x0000000008003caa       0x4e ./Middlewares/ST/BlueNRG-2/utils/ble_list.o
                0x0000000008003caa                list_remove_head
 .text.list_remove_tail
                0x0000000008003cf8       0x4e ./Middlewares/ST/BlueNRG-2/utils/ble_list.o
                0x0000000008003cf8                list_remove_tail
 .text.list_get_size
                0x0000000008003d46       0x50 ./Middlewares/ST/BlueNRG-2/utils/ble_list.o
                0x0000000008003d46                list_get_size
 *fill*         0x0000000008003d96        0x2 
 .text.__errno  0x0000000008003d98        0xc c:/st/stm32cubeide_1.8.0/stm32cubeide/plugins/com.st.stm32cube.ide.mcu.externaltools.gnu-tools-for-stm32.9-2020-q2-update.win32_2.0.0.202105311346/tools/bin/../lib/gcc/arm-none-eabi/9.3.1/../../../../arm-none-eabi/lib/thumb/v7e-m+fp/hard\libc_nano.a(lib_a-errno.o)
                0x0000000008003d98                __errno
 .text.__libc_init_array
                0x0000000008003da4       0x48 c:/st/stm32cubeide_1.8.0/stm32cubeide/plugins/com.st.stm32cube.ide.mcu.externaltools.gnu-tools-for-stm32.9-2020-q2-update.win32_2.0.0.202105311346/tools/bin/../lib/gcc/arm-none-eabi/9.3.1/../../../../arm-none-eabi/lib/thumb/v7e-m+fp/hard\libc_nano.a(lib_a-init.o)
                0x0000000008003da4                __libc_init_array
 .text.memcpy   0x0000000008003dec       0x1c c:/st/stm32cubeide_1.8.0/stm32cubeide/plugins/com.st.stm32cube.ide.mcu.externaltools.gnu-tools-for-stm32.9-2020-q2-update.win32_2.0.0.202105311346/tools/bin/../lib/gcc/arm-none-eabi/9.3.1/../../../../arm-none-eabi/lib/thumb/v7e-m+fp/hard\libc_nano.a(lib_a-memcpy-stub.o)
                0x0000000008003dec                memcpy
 .text.memset   0x0000000008003e08       0x10 c:/st/stm32cubeide_1.8.0/stm32cubeide/plugins/com.st.stm32cube.ide.mcu.externaltools.gnu-tools-for-stm32.9-2020-q2-update.win32_2.0.0.202105311346/tools/bin/../lib/gcc/arm-none-eabi/9.3.1/../../../../arm-none-eabi/lib/thumb/v7e-m+fp/hard\libc_nano.a(lib_a-memset.o)
                0x0000000008003e08                memset
 .text.printf   0x0000000008003e18       0x30 c:/st/stm32cubeide_1.8.0/stm32cubeide/plugins/com.st.stm32cube.ide.mcu.externaltools.gnu-tools-for-stm32.9-2020-q2-update.win32_2.0.0.202105311346/tools/bin/../lib/gcc/arm-none-eabi/9.3.1/../../../../arm-none-eabi/lib/thumb/v7e-m+fp/hard\libc_nano.a(lib_a-printf.o)
                0x0000000008003e18                iprintf
                0x0000000008003e18                printf
 .text.std      0x0000000008003e48       0x48 c:/st/stm32cubeide_1.8.0/stm32cubeide/plugins/com.st.stm32cube.ide.mcu.externaltools.gnu-tools-for-stm32.9-2020-q2-update.win32_2.0.0.202105311346/tools/bin/../lib/gcc/arm-none-eabi/9.3.1/../../../../arm-none-eabi/lib/thumb/v7e-m+fp/hard\libc_nano.a(lib_a-findfp.o)
 .text._cleanup_r
                0x0000000008003e90        0xc c:/st/stm32cubeide_1.8.0/stm32cubeide/plugins/com.st.stm32cube.ide.mcu.externaltools.gnu-tools-for-stm32.9-2020-q2-update.win32_2.0.0.202105311346/tools/bin/../lib/gcc/arm-none-eabi/9.3.1/../../../../arm-none-eabi/lib/thumb/v7e-m+fp/hard\libc_nano.a(lib_a-findfp.o)
                0x0000000008003e90                _cleanup_r
 .text.__sfmoreglue
                0x0000000008003e9c       0x2c c:/st/stm32cubeide_1.8.0/stm32cubeide/plugins/com.st.stm32cube.ide.mcu.externaltools.gnu-tools-for-stm32.9-2020-q2-update.win32_2.0.0.202105311346/tools/bin/../lib/gcc/arm-none-eabi/9.3.1/../../../../arm-none-eabi/lib/thumb/v7e-m+fp/hard\libc_nano.a(lib_a-findfp.o)
                0x0000000008003e9c                __sfmoreglue
 .text.__sfp_lock_acquire
                0x0000000008003ec8        0xc c:/st/stm32cubeide_1.8.0/stm32cubeide/plugins/com.st.stm32cube.ide.mcu.externaltools.gnu-tools-for-stm32.9-2020-q2-update.win32_2.0.0.202105311346/tools/bin/../lib/gcc/arm-none-eabi/9.3.1/../../../../arm-none-eabi/lib/thumb/v7e-m+fp/hard\libc_nano.a(lib_a-findfp.o)
                0x0000000008003ec8                __sfp_lock_acquire
 .text.__sfp_lock_release
                0x0000000008003ed4        0xc c:/st/stm32cubeide_1.8.0/stm32cubeide/plugins/com.st.stm32cube.ide.mcu.externaltools.gnu-tools-for-stm32.9-2020-q2-update.win32_2.0.0.202105311346/tools/bin/../lib/gcc/arm-none-eabi/9.3.1/../../../../arm-none-eabi/lib/thumb/v7e-m+fp/hard\libc_nano.a(lib_a-findfp.o)
                0x0000000008003ed4                __sfp_lock_release
 .text.__sinit_lock_acquire
                0x0000000008003ee0        0xc c:/st/stm32cubeide_1.8.0/stm32cubeide/plugins/com.st.stm32cube.ide.mcu.externaltools.gnu-tools-for-stm32.9-2020-q2-update.win32_2.0.0.202105311346/tools/bin/../lib/gcc/arm-none-eabi/9.3.1/../../../../arm-none-eabi/lib/thumb/v7e-m+fp/hard\libc_nano.a(lib_a-findfp.o)
                0x0000000008003ee0                __sinit_lock_acquire
 .text.__sinit_lock_release
                0x0000000008003eec        0xc c:/st/stm32cubeide_1.8.0/stm32cubeide/plugins/com.st.stm32cube.ide.mcu.externaltools.gnu-tools-for-stm32.9-2020-q2-update.win32_2.0.0.202105311346/tools/bin/../lib/gcc/arm-none-eabi/9.3.1/../../../../arm-none-eabi/lib/thumb/v7e-m+fp/hard\libc_nano.a(lib_a-findfp.o)
                0x0000000008003eec                __sinit_lock_release
 .text.__sinit  0x0000000008003ef8       0x70 c:/st/stm32cubeide_1.8.0/stm32cubeide/plugins/com.st.stm32cube.ide.mcu.externaltools.gnu-tools-for-stm32.9-2020-q2-update.win32_2.0.0.202105311346/tools/bin/../lib/gcc/arm-none-eabi/9.3.1/../../../../arm-none-eabi/lib/thumb/v7e-m+fp/hard\libc_nano.a(lib_a-findfp.o)
                0x0000000008003ef8                __sinit
 .text.__sfp    0x0000000008003f68       0x8c c:/st/stm32cubeide_1.8.0/stm32cubeide/plugins/com.st.stm32cube.ide.mcu.externaltools.gnu-tools-for-stm32.9-2020-q2-update.win32_2.0.0.202105311346/tools/bin/../lib/gcc/arm-none-eabi/9.3.1/../../../../arm-none-eabi/lib/thumb/v7e-m+fp/hard\libc_nano.a(lib_a-findfp.o)
                0x0000000008003f68                __sfp
 .text._fwalk_reent
                0x0000000008003ff4       0x3e c:/st/stm32cubeide_1.8.0/stm32cubeide/plugins/com.st.stm32cube.ide.mcu.externaltools.gnu-tools-for-stm32.9-2020-q2-update.win32_2.0.0.202105311346/tools/bin/../lib/gcc/arm-none-eabi/9.3.1/../../../../arm-none-eabi/lib/thumb/v7e-m+fp/hard\libc_nano.a(lib_a-fwalk.o)
                0x0000000008003ff4                _fwalk_reent
 .text.__retarget_lock_init_recursive
                0x0000000008004032        0x2 c:/st/stm32cubeide_1.8.0/stm32cubeide/plugins/com.st.stm32cube.ide.mcu.externaltools.gnu-tools-for-stm32.9-2020-q2-update.win32_2.0.0.202105311346/tools/bin/../lib/gcc/arm-none-eabi/9.3.1/../../../../arm-none-eabi/lib/thumb/v7e-m+fp/hard\libc_nano.a(lib_a-lock.o)
                0x0000000008004032                __retarget_lock_init_recursive
 .text.__retarget_lock_acquire_recursive
                0x0000000008004034        0x2 c:/st/stm32cubeide_1.8.0/stm32cubeide/plugins/com.st.stm32cube.ide.mcu.externaltools.gnu-tools-for-stm32.9-2020-q2-update.win32_2.0.0.202105311346/tools/bin/../lib/gcc/arm-none-eabi/9.3.1/../../../../arm-none-eabi/lib/thumb/v7e-m+fp/hard\libc_nano.a(lib_a-lock.o)
                0x0000000008004034                __retarget_lock_acquire_recursive
 .text.__retarget_lock_release_recursive
                0x0000000008004036        0x2 c:/st/stm32cubeide_1.8.0/stm32cubeide/plugins/com.st.stm32cube.ide.mcu.externaltools.gnu-tools-for-stm32.9-2020-q2-update.win32_2.0.0.202105311346/tools/bin/../lib/gcc/arm-none-eabi/9.3.1/../../../../arm-none-eabi/lib/thumb/v7e-m+fp/hard\libc_nano.a(lib_a-lock.o)
                0x0000000008004036                __retarget_lock_release_recursive
 .text._malloc_r
                0x0000000008004038       0xb4 c:/st/stm32cubeide_1.8.0/stm32cubeide/plugins/com.st.stm32cube.ide.mcu.externaltools.gnu-tools-for-stm32.9-2020-q2-update.win32_2.0.0.202105311346/tools/bin/../lib/gcc/arm-none-eabi/9.3.1/../../../../arm-none-eabi/lib/thumb/v7e-m+fp/hard\libc_nano.a(lib_a-nano-mallocr.o)
                0x0000000008004038                _malloc_r
 .text.__sfputc_r
                0x00000000080040ec       0x2e c:/st/stm32cubeide_1.8.0/stm32cubeide/plugins/com.st.stm32cube.ide.mcu.externaltools.gnu-tools-for-stm32.9-2020-q2-update.win32_2.0.0.202105311346/tools/bin/../lib/gcc/arm-none-eabi/9.3.1/../../../../arm-none-eabi/lib/thumb/v7e-m+fp/hard\libc_nano.a(lib_a-nano-vfprintf.o)
 .text.__sfputs_r
                0x000000000800411a       0x24 c:/st/stm32cubeide_1.8.0/stm32cubeide/plugins/com.st.stm32cube.ide.mcu.externaltools.gnu-tools-for-stm32.9-2020-q2-update.win32_2.0.0.202105311346/tools/bin/../lib/gcc/arm-none-eabi/9.3.1/../../../../arm-none-eabi/lib/thumb/v7e-m+fp/hard\libc_nano.a(lib_a-nano-vfprintf.o)
                0x000000000800411a                __sfputs_r
 *fill*         0x000000000800413e        0x2 
 .text._vfprintf_r
                0x0000000008004140      0x260 c:/st/stm32cubeide_1.8.0/stm32cubeide/plugins/com.st.stm32cube.ide.mcu.externaltools.gnu-tools-for-stm32.9-2020-q2-update.win32_2.0.0.202105311346/tools/bin/../lib/gcc/arm-none-eabi/9.3.1/../../../../arm-none-eabi/lib/thumb/v7e-m+fp/hard\libc_nano.a(lib_a-nano-vfprintf.o)
                0x0000000008004140                _vfprintf_r
                0x0000000008004140                _vfiprintf_r
 .text._printf_common
                0x00000000080043a0       0xda c:/st/stm32cubeide_1.8.0/stm32cubeide/plugins/com.st.stm32cube.ide.mcu.externaltools.gnu-tools-for-stm32.9-2020-q2-update.win32_2.0.0.202105311346/tools/bin/../lib/gcc/arm-none-eabi/9.3.1/../../../../arm-none-eabi/lib/thumb/v7e-m+fp/hard\libc_nano.a(lib_a-nano-vfprintf_i.o)
                0x00000000080043a0                _printf_common
 *fill*         0x000000000800447a        0x2 
 .text._printf_i
                0x000000000800447c      0x24c c:/st/stm32cubeide_1.8.0/stm32cubeide/plugins/com.st.stm32cube.ide.mcu.externaltools.gnu-tools-for-stm32.9-2020-q2-update.win32_2.0.0.202105311346/tools/bin/../lib/gcc/arm-none-eabi/9.3.1/../../../../arm-none-eabi/lib/thumb/v7e-m+fp/hard\libc_nano.a(lib_a-nano-vfprintf_i.o)
                0x000000000800447c                _printf_i
 .text._sbrk_r  0x00000000080046c8       0x20 c:/st/stm32cubeide_1.8.0/stm32cubeide/plugins/com.st.stm32cube.ide.mcu.externaltools.gnu-tools-for-stm32.9-2020-q2-update.win32_2.0.0.202105311346/tools/bin/../lib/gcc/arm-none-eabi/9.3.1/../../../../arm-none-eabi/lib/thumb/v7e-m+fp/hard\libc_nano.a(lib_a-sbrkr.o)
                0x00000000080046c8                _sbrk_r
 .text.__sread  0x00000000080046e8       0x22 c:/st/stm32cubeide_1.8.0/stm32cubeide/plugins/com.st.stm32cube.ide.mcu.externaltools.gnu-tools-for-stm32.9-2020-q2-update.win32_2.0.0.202105311346/tools/bin/../lib/gcc/arm-none-eabi/9.3.1/../../../../arm-none-eabi/lib/thumb/v7e-m+fp/hard\libc_nano.a(lib_a-stdio.o)
                0x00000000080046e8                __sread
 .text.__swrite
                0x000000000800470a       0x38 c:/st/stm32cubeide_1.8.0/stm32cubeide/plugins/com.st.stm32cube.ide.mcu.externaltools.gnu-tools-for-stm32.9-2020-q2-update.win32_2.0.0.202105311346/tools/bin/../lib/gcc/arm-none-eabi/9.3.1/../../../../arm-none-eabi/lib/thumb/v7e-m+fp/hard\libc_nano.a(lib_a-stdio.o)
                0x000000000800470a                __swrite
 .text.__sseek  0x0000000008004742       0x24 c:/st/stm32cubeide_1.8.0/stm32cubeide/plugins/com.st.stm32cube.ide.mcu.externaltools.gnu-tools-for-stm32.9-2020-q2-update.win32_2.0.0.202105311346/tools/bin/../lib/gcc/arm-none-eabi/9.3.1/../../../../arm-none-eabi/lib/thumb/v7e-m+fp/hard\libc_nano.a(lib_a-stdio.o)
                0x0000000008004742                __sseek
 .text.__sclose
                0x0000000008004766        0x8 c:/st/stm32cubeide_1.8.0/stm32cubeide/plugins/com.st.stm32cube.ide.mcu.externaltools.gnu-tools-for-stm32.9-2020-q2-update.win32_2.0.0.202105311346/tools/bin/../lib/gcc/arm-none-eabi/9.3.1/../../../../arm-none-eabi/lib/thumb/v7e-m+fp/hard\libc_nano.a(lib_a-stdio.o)
                0x0000000008004766                __sclose
 *fill*         0x000000000800476e        0x2 
 .text.__swbuf_r
                0x0000000008004770       0xa4 c:/st/stm32cubeide_1.8.0/stm32cubeide/plugins/com.st.stm32cube.ide.mcu.externaltools.gnu-tools-for-stm32.9-2020-q2-update.win32_2.0.0.202105311346/tools/bin/../lib/gcc/arm-none-eabi/9.3.1/../../../../arm-none-eabi/lib/thumb/v7e-m+fp/hard\libc_nano.a(lib_a-wbuf.o)
                0x0000000008004770                __swbuf_r
 .text._write_r
                0x0000000008004814       0x24 c:/st/stm32cubeide_1.8.0/stm32cubeide/plugins/com.st.stm32cube.ide.mcu.externaltools.gnu-tools-for-stm32.9-2020-q2-update.win32_2.0.0.202105311346/tools/bin/../lib/gcc/arm-none-eabi/9.3.1/../../../../arm-none-eabi/lib/thumb/v7e-m+fp/hard\libc_nano.a(lib_a-writer.o)
                0x0000000008004814                _write_r
 .text.__swsetup_r
                0x0000000008004838       0xdc c:/st/stm32cubeide_1.8.0/stm32cubeide/plugins/com.st.stm32cube.ide.mcu.externaltools.gnu-tools-for-stm32.9-2020-q2-update.win32_2.0.0.202105311346/tools/bin/../lib/gcc/arm-none-eabi/9.3.1/../../../../arm-none-eabi/lib/thumb/v7e-m+fp/hard\libc_nano.a(lib_a-wsetup.o)
                0x0000000008004838                __swsetup_r
 .text._close_r
                0x0000000008004914       0x20 c:/st/stm32cubeide_1.8.0/stm32cubeide/plugins/com.st.stm32cube.ide.mcu.externaltools.gnu-tools-for-stm32.9-2020-q2-update.win32_2.0.0.202105311346/tools/bin/../lib/gcc/arm-none-eabi/9.3.1/../../../../arm-none-eabi/lib/thumb/v7e-m+fp/hard\libc_nano.a(lib_a-closer.o)
                0x0000000008004914                _close_r
 .text.__sflush_r
                0x0000000008004934      0x10c c:/st/stm32cubeide_1.8.0/stm32cubeide/plugins/com.st.stm32cube.ide.mcu.externaltools.gnu-tools-for-stm32.9-2020-q2-update.win32_2.0.0.202105311346/tools/bin/../lib/gcc/arm-none-eabi/9.3.1/../../../../arm-none-eabi/lib/thumb/v7e-m+fp/hard\libc_nano.a(lib_a-fflush.o)
                0x0000000008004934                __sflush_r
 .text._fflush_r
                0x0000000008004a40       0x78 c:/st/stm32cubeide_1.8.0/stm32cubeide/plugins/com.st.stm32cube.ide.mcu.externaltools.gnu-tools-for-stm32.9-2020-q2-update.win32_2.0.0.202105311346/tools/bin/../lib/gcc/arm-none-eabi/9.3.1/../../../../arm-none-eabi/lib/thumb/v7e-m+fp/hard\libc_nano.a(lib_a-fflush.o)
                0x0000000008004a40                _fflush_r
 .text._lseek_r
                0x0000000008004ab8       0x24 c:/st/stm32cubeide_1.8.0/stm32cubeide/plugins/com.st.stm32cube.ide.mcu.externaltools.gnu-tools-for-stm32.9-2020-q2-update.win32_2.0.0.202105311346/tools/bin/../lib/gcc/arm-none-eabi/9.3.1/../../../../arm-none-eabi/lib/thumb/v7e-m+fp/hard\libc_nano.a(lib_a-lseekr.o)
                0x0000000008004ab8                _lseek_r
 .text.__swhatbuf_r
                0x0000000008004adc       0x48 c:/st/stm32cubeide_1.8.0/stm32cubeide/plugins/com.st.stm32cube.ide.mcu.externaltools.gnu-tools-for-stm32.9-2020-q2-update.win32_2.0.0.202105311346/tools/bin/../lib/gcc/arm-none-eabi/9.3.1/../../../../arm-none-eabi/lib/thumb/v7e-m+fp/hard\libc_nano.a(lib_a-makebuf.o)
                0x0000000008004adc                __swhatbuf_r
 .text.__smakebuf_r
                0x0000000008004b24       0x80 c:/st/stm32cubeide_1.8.0/stm32cubeide/plugins/com.st.stm32cube.ide.mcu.externaltools.gnu-tools-for-stm32.9-2020-q2-update.win32_2.0.0.202105311346/tools/bin/../lib/gcc/arm-none-eabi/9.3.1/../../../../arm-none-eabi/lib/thumb/v7e-m+fp/hard\libc_nano.a(lib_a-makebuf.o)
                0x0000000008004b24                __smakebuf_r
 .text.__malloc_lock
                0x0000000008004ba4        0xc c:/st/stm32cubeide_1.8.0/stm32cubeide/plugins/com.st.stm32cube.ide.mcu.externaltools.gnu-tools-for-stm32.9-2020-q2-update.win32_2.0.0.202105311346/tools/bin/../lib/gcc/arm-none-eabi/9.3.1/../../../../arm-none-eabi/lib/thumb/v7e-m+fp/hard\libc_nano.a(lib_a-mlock.o)
                0x0000000008004ba4                __malloc_lock
 .text.__malloc_unlock
                0x0000000008004bb0        0xc c:/st/stm32cubeide_1.8.0/stm32cubeide/plugins/com.st.stm32cube.ide.mcu.externaltools.gnu-tools-for-stm32.9-2020-q2-update.win32_2.0.0.202105311346/tools/bin/../lib/gcc/arm-none-eabi/9.3.1/../../../../arm-none-eabi/lib/thumb/v7e-m+fp/hard\libc_nano.a(lib_a-mlock.o)
                0x0000000008004bb0                __malloc_unlock
 .text._free_r  0x0000000008004bbc       0xa0 c:/st/stm32cubeide_1.8.0/stm32cubeide/plugins/com.st.stm32cube.ide.mcu.externaltools.gnu-tools-for-stm32.9-2020-q2-update.win32_2.0.0.202105311346/tools/bin/../lib/gcc/arm-none-eabi/9.3.1/../../../../arm-none-eabi/lib/thumb/v7e-m+fp/hard\libc_nano.a(lib_a-nano-freer.o)
                0x0000000008004bbc                _free_r
 .text._read_r  0x0000000008004c5c       0x24 c:/st/stm32cubeide_1.8.0/stm32cubeide/plugins/com.st.stm32cube.ide.mcu.externaltools.gnu-tools-for-stm32.9-2020-q2-update.win32_2.0.0.202105311346/tools/bin/../lib/gcc/arm-none-eabi/9.3.1/../../../../arm-none-eabi/lib/thumb/v7e-m+fp/hard\libc_nano.a(lib_a-readr.o)
                0x0000000008004c5c                _read_r
 .text._fstat_r
                0x0000000008004c80       0x24 c:/st/stm32cubeide_1.8.0/stm32cubeide/plugins/com.st.stm32cube.ide.mcu.externaltools.gnu-tools-for-stm32.9-2020-q2-update.win32_2.0.0.202105311346/tools/bin/../lib/gcc/arm-none-eabi/9.3.1/../../../../arm-none-eabi/lib/thumb/v7e-m+fp/hard\libc_nano.a(lib_a-fstatr.o)
                0x0000000008004c80                _fstat_r
 .text._isatty_r
                0x0000000008004ca4       0x20 c:/st/stm32cubeide_1.8.0/stm32cubeide/plugins/com.st.stm32cube.ide.mcu.externaltools.gnu-tools-for-stm32.9-2020-q2-update.win32_2.0.0.202105311346/tools/bin/../lib/gcc/arm-none-eabi/9.3.1/../../../../arm-none-eabi/lib/thumb/v7e-m+fp/hard\libc_nano.a(lib_a-isattyr.o)
                0x0000000008004ca4                _isatty_r
 *(.glue_7)
 .glue_7        0x0000000008004cc4        0x0 linker stubs
 *(.glue_7t)
 .glue_7t       0x0000000008004cc4        0x0 linker stubs
 *(.eh_frame)
 .eh_frame      0x0000000008004cc4        0x0 c:/st/stm32cubeide_1.8.0/stm32cubeide/plugins/com.st.stm32cube.ide.mcu.externaltools.gnu-tools-for-stm32.9-2020-q2-update.win32_2.0.0.202105311346/tools/bin/../lib/gcc/arm-none-eabi/9.3.1/thumb/v7e-m+fp/hard/crtbegin.o
 *(.init)
 .init          0x0000000008004cc4        0x4 c:/st/stm32cubeide_1.8.0/stm32cubeide/plugins/com.st.stm32cube.ide.mcu.externaltools.gnu-tools-for-stm32.9-2020-q2-update.win32_2.0.0.202105311346/tools/bin/../lib/gcc/arm-none-eabi/9.3.1/thumb/v7e-m+fp/hard/crti.o
                0x0000000008004cc4                _init
 .init          0x0000000008004cc8        0x8 c:/st/stm32cubeide_1.8.0/stm32cubeide/plugins/com.st.stm32cube.ide.mcu.externaltools.gnu-tools-for-stm32.9-2020-q2-update.win32_2.0.0.202105311346/tools/bin/../lib/gcc/arm-none-eabi/9.3.1/thumb/v7e-m+fp/hard/crtn.o
 *(.fini)
 .fini          0x0000000008004cd0        0x4 c:/st/stm32cubeide_1.8.0/stm32cubeide/plugins/com.st.stm32cube.ide.mcu.externaltools.gnu-tools-for-stm32.9-2020-q2-update.win32_2.0.0.202105311346/tools/bin/../lib/gcc/arm-none-eabi/9.3.1/thumb/v7e-m+fp/hard/crti.o
                0x0000000008004cd0                _fini
 .fini          0x0000000008004cd4        0x8 c:/st/stm32cubeide_1.8.0/stm32cubeide/plugins/com.st.stm32cube.ide.mcu.externaltools.gnu-tools-for-stm32.9-2020-q2-update.win32_2.0.0.202105311346/tools/bin/../lib/gcc/arm-none-eabi/9.3.1/thumb/v7e-m+fp/hard/crtn.o
                0x0000000008004cdc                . = ALIGN (0x4)
                0x0000000008004cdc                _etext = .

.vfp11_veneer   0x0000000008004cdc        0x0
 .vfp11_veneer  0x0000000008004cdc        0x0 linker stubs

.v4_bx          0x0000000008004cdc        0x0
 .v4_bx         0x0000000008004cdc        0x0 linker stubs

.iplt           0x0000000008004cdc        0x0
 .iplt          0x0000000008004cdc        0x0 c:/st/stm32cubeide_1.8.0/stm32cubeide/plugins/com.st.stm32cube.ide.mcu.externaltools.gnu-tools-for-stm32.9-2020-q2-update.win32_2.0.0.202105311346/tools/bin/../lib/gcc/arm-none-eabi/9.3.1/thumb/v7e-m+fp/hard/crtbegin.o

.rodata         0x0000000008004cdc      0x17c
                0x0000000008004cdc                . = ALIGN (0x4)
 *(.rodata)
 .rodata        0x0000000008004cdc        0xd ./BlueNRG-2/Target/hci_tl_interface.o
 *fill*         0x0000000008004ce9        0x3 
 .rodata        0x0000000008004cec       0x99 ./Core/Src/app_bluenrg.o
 *fill*         0x0000000008004d85        0x3 
 .rodata        0x0000000008004d88       0x1f ./Core/Src/main.o
 *(.rodata*)
 *fill*         0x0000000008004da7        0x1 
 .rodata.AHBPrescTable
                0x0000000008004da8       0x10 ./Core/Src/system_stm32f4xx.o
                0x0000000008004da8                AHBPrescTable
 .rodata.APBPrescTable
                0x0000000008004db8        0x8 ./Core/Src/system_stm32f4xx.o
                0x0000000008004db8                APBPrescTable
 .rodata._global_impure_ptr
                0x0000000008004dc0        0x4 c:/st/stm32cubeide_1.8.0/stm32cubeide/plugins/com.st.stm32cube.ide.mcu.externaltools.gnu-tools-for-stm32.9-2020-q2-update.win32_2.0.0.202105311346/tools/bin/../lib/gcc/arm-none-eabi/9.3.1/../../../../arm-none-eabi/lib/thumb/v7e-m+fp/hard\libc_nano.a(lib_a-impure.o)
                0x0000000008004dc0                _global_impure_ptr
 .rodata.__sf_fake_stderr
                0x0000000008004dc4       0x20 c:/st/stm32cubeide_1.8.0/stm32cubeide/plugins/com.st.stm32cube.ide.mcu.externaltools.gnu-tools-for-stm32.9-2020-q2-update.win32_2.0.0.202105311346/tools/bin/../lib/gcc/arm-none-eabi/9.3.1/../../../../arm-none-eabi/lib/thumb/v7e-m+fp/hard\libc_nano.a(lib_a-findfp.o)
                0x0000000008004dc4                __sf_fake_stderr
 .rodata.__sf_fake_stdin
                0x0000000008004de4       0x20 c:/st/stm32cubeide_1.8.0/stm32cubeide/plugins/com.st.stm32cube.ide.mcu.externaltools.gnu-tools-for-stm32.9-2020-q2-update.win32_2.0.0.202105311346/tools/bin/../lib/gcc/arm-none-eabi/9.3.1/../../../../arm-none-eabi/lib/thumb/v7e-m+fp/hard\libc_nano.a(lib_a-findfp.o)
                0x0000000008004de4                __sf_fake_stdin
 .rodata.__sf_fake_stdout
                0x0000000008004e04       0x20 c:/st/stm32cubeide_1.8.0/stm32cubeide/plugins/com.st.stm32cube.ide.mcu.externaltools.gnu-tools-for-stm32.9-2020-q2-update.win32_2.0.0.202105311346/tools/bin/../lib/gcc/arm-none-eabi/9.3.1/../../../../arm-none-eabi/lib/thumb/v7e-m+fp/hard\libc_nano.a(lib_a-findfp.o)
                0x0000000008004e04                __sf_fake_stdout
 .rodata._vfprintf_r.str1.1
                0x0000000008004e24       0x11 c:/st/stm32cubeide_1.8.0/stm32cubeide/plugins/com.st.stm32cube.ide.mcu.externaltools.gnu-tools-for-stm32.9-2020-q2-update.win32_2.0.0.202105311346/tools/bin/../lib/gcc/arm-none-eabi/9.3.1/../../../../arm-none-eabi/lib/thumb/v7e-m+fp/hard\libc_nano.a(lib_a-nano-vfprintf.o)
 .rodata._printf_i.str1.1
                0x0000000008004e35       0x22 c:/st/stm32cubeide_1.8.0/stm32cubeide/plugins/com.st.stm32cube.ide.mcu.externaltools.gnu-tools-for-stm32.9-2020-q2-update.win32_2.0.0.202105311346/tools/bin/../lib/gcc/arm-none-eabi/9.3.1/../../../../arm-none-eabi/lib/thumb/v7e-m+fp/hard\libc_nano.a(lib_a-nano-vfprintf_i.o)
                0x0000000008004e58                . = ALIGN (0x4)
 *fill*         0x0000000008004e57        0x1 

.ARM.extab      0x0000000008004e58        0x0
                0x0000000008004e58                . = ALIGN (0x4)
 *(.ARM.extab* .gnu.linkonce.armextab.*)
                0x0000000008004e58                . = ALIGN (0x4)

.ARM            0x0000000008004e58        0x8
                0x0000000008004e58                . = ALIGN (0x4)
                0x0000000008004e58                __exidx_start = .
 *(.ARM.exidx*)
 .ARM.exidx     0x0000000008004e58        0x8 c:/st/stm32cubeide_1.8.0/stm32cubeide/plugins/com.st.stm32cube.ide.mcu.externaltools.gnu-tools-for-stm32.9-2020-q2-update.win32_2.0.0.202105311346/tools/bin/../lib/gcc/arm-none-eabi/9.3.1/thumb/v7e-m+fp/hard\libgcc.a(_udivmoddi4.o)
                0x0000000008004e60                __exidx_end = .
                0x0000000008004e60                . = ALIGN (0x4)

.rel.dyn        0x0000000008004e60        0x0
 .rel.iplt      0x0000000008004e60        0x0 c:/st/stm32cubeide_1.8.0/stm32cubeide/plugins/com.st.stm32cube.ide.mcu.externaltools.gnu-tools-for-stm32.9-2020-q2-update.win32_2.0.0.202105311346/tools/bin/../lib/gcc/arm-none-eabi/9.3.1/thumb/v7e-m+fp/hard/crtbegin.o

.preinit_array  0x0000000008004e60        0x0
                0x0000000008004e60                . = ALIGN (0x4)
                0x0000000008004e60                PROVIDE (__preinit_array_start = .)
 *(.preinit_array*)
                0x0000000008004e60                PROVIDE (__preinit_array_end = .)
                0x0000000008004e60                . = ALIGN (0x4)

.init_array     0x0000000008004e60        0x4
                0x0000000008004e60                . = ALIGN (0x4)
                0x0000000008004e60                PROVIDE (__init_array_start = .)
 *(SORT_BY_NAME(.init_array.*))
 *(.init_array*)
 .init_array    0x0000000008004e60        0x4 c:/st/stm32cubeide_1.8.0/stm32cubeide/plugins/com.st.stm32cube.ide.mcu.externaltools.gnu-tools-for-stm32.9-2020-q2-update.win32_2.0.0.202105311346/tools/bin/../lib/gcc/arm-none-eabi/9.3.1/thumb/v7e-m+fp/hard/crtbegin.o
                0x0000000008004e64                PROVIDE (__init_array_end = .)
                0x0000000008004e64                . = ALIGN (0x4)

.fini_array     0x0000000008004e64        0x4
                0x0000000008004e64                . = ALIGN (0x4)
                [!provide]                        PROVIDE (__fini_array_start = .)
 *(SORT_BY_NAME(.fini_array.*))
 *(.fini_array*)
 .fini_array    0x0000000008004e64        0x4 c:/st/stm32cubeide_1.8.0/stm32cubeide/plugins/com.st.stm32cube.ide.mcu.externaltools.gnu-tools-for-stm32.9-2020-q2-update.win32_2.0.0.202105311346/tools/bin/../lib/gcc/arm-none-eabi/9.3.1/thumb/v7e-m+fp/hard/crtbegin.o
                [!provide]                        PROVIDE (__fini_array_end = .)
                0x0000000008004e68                . = ALIGN (0x4)
                0x0000000008004e68                _sidata = LOADADDR (.data)

.data           0x0000000020000000       0x78 load address 0x0000000008004e68
                0x0000000020000000                . = ALIGN (0x4)
                0x0000000020000000                _sdata = .
 *(.data)
 *(.data*)
 .data.SERVER_BDARR
                0x0000000020000000        0x6 ./Core/Src/app_bluenrg.o
                0x0000000020000000                SERVER_BDARR
 *fill*         0x0000000020000006        0x2 
 .data.SystemCoreClock
                0x0000000020000008        0x4 ./Core/Src/system_stm32f4xx.o
                0x0000000020000008                SystemCoreClock
 .data.uwTickPrio
                0x000000002000000c        0x4 ./Drivers/STM32F4xx_HAL_Driver/Src/stm32f4xx_hal.o
                0x000000002000000c                uwTickPrio
 .data.uwTickFreq
                0x0000000020000010        0x1 ./Drivers/STM32F4xx_HAL_Driver/Src/stm32f4xx_hal.o
                0x0000000020000010                uwTickFreq
 *fill*         0x0000000020000011        0x3 
 .data._impure_ptr
                0x0000000020000014        0x4 c:/st/stm32cubeide_1.8.0/stm32cubeide/plugins/com.st.stm32cube.ide.mcu.externaltools.gnu-tools-for-stm32.9-2020-q2-update.win32_2.0.0.202105311346/tools/bin/../lib/gcc/arm-none-eabi/9.3.1/../../../../arm-none-eabi/lib/thumb/v7e-m+fp/hard\libc_nano.a(lib_a-impure.o)
                0x0000000020000014                _impure_ptr
 .data.impure_data
                0x0000000020000018       0x60 c:/st/stm32cubeide_1.8.0/stm32cubeide/plugins/com.st.stm32cube.ide.mcu.externaltools.gnu-tools-for-stm32.9-2020-q2-update.win32_2.0.0.202105311346/tools/bin/../lib/gcc/arm-none-eabi/9.3.1/../../../../arm-none-eabi/lib/thumb/v7e-m+fp/hard\libc_nano.a(lib_a-impure.o)
 *(.RamFunc)
 *(.RamFunc*)
                0x0000000020000078                . = ALIGN (0x4)
                0x0000000020000078                _edata = .

.igot.plt       0x0000000020000078        0x0 load address 0x0000000008004ee0
 .igot.plt      0x0000000020000078        0x0 c:/st/stm32cubeide_1.8.0/stm32cubeide/plugins/com.st.stm32cube.ide.mcu.externaltools.gnu-tools-for-stm32.9-2020-q2-update.win32_2.0.0.202105311346/tools/bin/../lib/gcc/arm-none-eabi/9.3.1/thumb/v7e-m+fp/hard/crtbegin.o
                0x0000000020000078                . = ALIGN (0x4)

.bss            0x0000000020000078      0x78c load address 0x0000000008004ee0
                0x0000000020000078                _sbss = .
                0x0000000020000078                __bss_start__ = _sbss
 *(.bss)
 .bss           0x0000000020000078       0x1c c:/st/stm32cubeide_1.8.0/stm32cubeide/plugins/com.st.stm32cube.ide.mcu.externaltools.gnu-tools-for-stm32.9-2020-q2-update.win32_2.0.0.202105311346/tools/bin/../lib/gcc/arm-none-eabi/9.3.1/thumb/v7e-m+fp/hard/crtbegin.o
 *(.bss*)
 .bss.read_char_buf.8222
                0x0000000020000094       0xff ./BlueNRG-2/Target/hci_tl_interface.o
 *fill*         0x0000000020000193        0x1 
 .bss.SPI1InitCounter
                0x0000000020000194        0x4 ./Core/Src/custom_bus.o
 .bss.__sbrk_heap_end
                0x0000000020000198        0x4 ./Core/Src/sysmem.o
 .bss.hciReadPacketBuffer
                0x000000002000019c      0x578 ./Middlewares/ST/BlueNRG-2/hci/hci_tl_patterns/Basic/hci_tl.o
 .bss.hciContext
                0x0000000020000714       0x20 ./Middlewares/ST/BlueNRG-2/hci/hci_tl_patterns/Basic/hci_tl.o
 .bss.__malloc_free_list
                0x0000000020000734        0x4 c:/st/stm32cubeide_1.8.0/stm32cubeide/plugins/com.st.stm32cube.ide.mcu.externaltools.gnu-tools-for-stm32.9-2020-q2-update.win32_2.0.0.202105311346/tools/bin/../lib/gcc/arm-none-eabi/9.3.1/../../../../arm-none-eabi/lib/thumb/v7e-m+fp/hard\libc_nano.a(lib_a-nano-mallocr.o)
                0x0000000020000734                __malloc_free_list
 .bss.__malloc_sbrk_start
                0x0000000020000738        0x4 c:/st/stm32cubeide_1.8.0/stm32cubeide/plugins/com.st.stm32cube.ide.mcu.externaltools.gnu-tools-for-stm32.9-2020-q2-update.win32_2.0.0.202105311346/tools/bin/../lib/gcc/arm-none-eabi/9.3.1/../../../../arm-none-eabi/lib/thumb/v7e-m+fp/hard\libc_nano.a(lib_a-nano-mallocr.o)
                0x0000000020000738                __malloc_sbrk_start
 *(COMMON)
 COMMON         0x000000002000073c        0x8 ./BlueNRG-2/Target/hci_tl_interface.o
                0x000000002000073c                hexti0
 COMMON         0x0000000020000744       0x58 ./Core/Src/custom_bus.o
                0x0000000020000744                hspi1
 COMMON         0x000000002000079c       0x44 ./Core/Src/main.o
                0x000000002000079c                huart2
 COMMON         0x00000000200007e0        0x4 ./Drivers/STM32F4xx_HAL_Driver/Src/stm32f4xx_hal.o
                0x00000000200007e0                uwTick
 COMMON         0x00000000200007e4       0x10 ./Middlewares/ST/BlueNRG-2/hci/hci_tl_patterns/Basic/hci_tl.o
                0x00000000200007e4                hciReadPktPool
                0x00000000200007ec                hciReadPktRxQueue
 COMMON         0x00000000200007f4        0x9 c:/st/stm32cubeide_1.8.0/stm32cubeide/plugins/com.st.stm32cube.ide.mcu.externaltools.gnu-tools-for-stm32.9-2020-q2-update.win32_2.0.0.202105311346/tools/bin/../lib/gcc/arm-none-eabi/9.3.1/../../../../arm-none-eabi/lib/thumb/v7e-m+fp/hard\libc_nano.a(lib_a-lock.o)
                0x00000000200007f4                __lock___atexit_recursive_mutex
                0x00000000200007f5                __lock___arc4random_mutex
                0x00000000200007f6                __lock___env_recursive_mutex
                0x00000000200007f7                __lock___sinit_recursive_mutex
                0x00000000200007f8                __lock___malloc_recursive_mutex
                0x00000000200007f9                __lock___at_quick_exit_mutex
                0x00000000200007fa                __lock___dd_hash_mutex
                0x00000000200007fb                __lock___tz_mutex
                0x00000000200007fc                __lock___sfp_recursive_mutex
 *fill*         0x00000000200007fd        0x3 
 COMMON         0x0000000020000800        0x4 c:/st/stm32cubeide_1.8.0/stm32cubeide/plugins/com.st.stm32cube.ide.mcu.externaltools.gnu-tools-for-stm32.9-2020-q2-update.win32_2.0.0.202105311346/tools/bin/../lib/gcc/arm-none-eabi/9.3.1/../../../../arm-none-eabi/lib/thumb/v7e-m+fp/hard\libc_nano.a(lib_a-reent.o)
                0x0000000020000800                errno
                0x0000000020000804                . = ALIGN (0x4)
                0x0000000020000804                _ebss = .
                0x0000000020000804                __bss_end__ = _ebss

._user_heap_stack
                0x0000000020000804      0x604 load address 0x0000000008004ee0
                0x0000000020000808                . = ALIGN (0x8)
 *fill*         0x0000000020000804        0x4 
                [!provide]                        PROVIDE (end = .)
                0x0000000020000808                PROVIDE (_end = .)
                0x0000000020000a08                . = (. + _Min_Heap_Size)
 *fill*         0x0000000020000808      0x200 
                0x0000000020000e08                . = (. + _Min_Stack_Size)
 *fill*         0x0000000020000a08      0x400 
                0x0000000020000e08                . = ALIGN (0x8)

/DISCARD/
 libc.a(*)
 libm.a(*)
 libgcc.a(*)

.ARM.attributes
                0x0000000000000000       0x30
 *(.ARM.attributes)
 .ARM.attributes
                0x0000000000000000       0x1e c:/st/stm32cubeide_1.8.0/stm32cubeide/plugins/com.st.stm32cube.ide.mcu.externaltools.gnu-tools-for-stm32.9-2020-q2-update.win32_2.0.0.202105311346/tools/bin/../lib/gcc/arm-none-eabi/9.3.1/thumb/v7e-m+fp/hard/crti.o
 .ARM.attributes
                0x000000000000001e       0x34 c:/st/stm32cubeide_1.8.0/stm32cubeide/plugins/com.st.stm32cube.ide.mcu.externaltools.gnu-tools-for-stm32.9-2020-q2-update.win32_2.0.0.202105311346/tools/bin/../lib/gcc/arm-none-eabi/9.3.1/thumb/v7e-m+fp/hard/crtbegin.o
 .ARM.attributes
                0x0000000000000052       0x34 ./BlueNRG-2/Target/hci_tl_interface.o
 .ARM.attributes
                0x0000000000000086       0x34 ./Core/Src/app_bluenrg.o
 .ARM.attributes
                0x00000000000000ba       0x34 ./Core/Src/custom_bus.o
 .ARM.attributes
                0x00000000000000ee       0x34 ./Core/Src/main.o
 .ARM.attributes
                0x0000000000000122       0x34 ./Core/Src/stm32f4xx_hal_msp.o
 .ARM.attributes
                0x0000000000000156       0x34 ./Core/Src/stm32f4xx_it.o
 .ARM.attributes
                0x000000000000018a       0x34 ./Core/Src/syscalls.o
 .ARM.attributes
                0x00000000000001be       0x34 ./Core/Src/sysmem.o
 .ARM.attributes
                0x00000000000001f2       0x34 ./Core/Src/system_stm32f4xx.o
 .ARM.attributes
                0x0000000000000226       0x21 ./Core/Startup/startup_stm32f411retx.o
 .ARM.attributes
                0x0000000000000247       0x34 ./Drivers/STM32F4xx_HAL_Driver/Src/stm32f4xx_hal.o
 .ARM.attributes
                0x000000000000027b       0x34 ./Drivers/STM32F4xx_HAL_Driver/Src/stm32f4xx_hal_cortex.o
 .ARM.attributes
                0x00000000000002af       0x34 ./Drivers/STM32F4xx_HAL_Driver/Src/stm32f4xx_hal_exti.o
 .ARM.attributes
                0x00000000000002e3       0x34 ./Drivers/STM32F4xx_HAL_Driver/Src/stm32f4xx_hal_gpio.o
 .ARM.attributes
                0x0000000000000317       0x34 ./Drivers/STM32F4xx_HAL_Driver/Src/stm32f4xx_hal_rcc.o
 .ARM.attributes
                0x000000000000034b       0x34 ./Drivers/STM32F4xx_HAL_Driver/Src/stm32f4xx_hal_spi.o
 .ARM.attributes
                0x000000000000037f       0x34 ./Drivers/STM32F4xx_HAL_Driver/Src/stm32f4xx_hal_uart.o
 .ARM.attributes
                0x00000000000003b3       0x34 ./Middlewares/ST/BlueNRG-2/hci/bluenrg1_hci_le.o
 .ARM.attributes
                0x00000000000003e7       0x34 ./Middlewares/ST/BlueNRG-2/hci/controller/bluenrg1_gap_aci.o
 .ARM.attributes
                0x000000000000041b       0x34 ./Middlewares/ST/BlueNRG-2/hci/controller/bluenrg1_gatt_aci.o
 .ARM.attributes
                0x000000000000044f       0x34 ./Middlewares/ST/BlueNRG-2/hci/controller/bluenrg1_hal_aci.o
 .ARM.attributes
                0x0000000000000483       0x34 ./Middlewares/ST/BlueNRG-2/hci/hci_tl_patterns/Basic/hci_tl.o
 .ARM.attributes
                0x00000000000004b7       0x34 ./Middlewares/ST/BlueNRG-2/utils/ble_list.o
 .ARM.attributes
                0x00000000000004eb       0x34 c:/st/stm32cubeide_1.8.0/stm32cubeide/plugins/com.st.stm32cube.ide.mcu.externaltools.gnu-tools-for-stm32.9-2020-q2-update.win32_2.0.0.202105311346/tools/bin/../lib/gcc/arm-none-eabi/9.3.1/../../../../arm-none-eabi/lib/thumb/v7e-m+fp/hard\libc_nano.a(lib_a-errno.o)
 .ARM.attributes
                0x000000000000051f       0x32 c:/st/stm32cubeide_1.8.0/stm32cubeide/plugins/com.st.stm32cube.ide.mcu.externaltools.gnu-tools-for-stm32.9-2020-q2-update.win32_2.0.0.202105311346/tools/bin/../lib/gcc/arm-none-eabi/9.3.1/../../../../arm-none-eabi/lib/thumb/v7e-m+fp/hard\libc_nano.a(lib_a-impure.o)
 .ARM.attributes
                0x0000000000000551       0x34 c:/st/stm32cubeide_1.8.0/stm32cubeide/plugins/com.st.stm32cube.ide.mcu.externaltools.gnu-tools-for-stm32.9-2020-q2-update.win32_2.0.0.202105311346/tools/bin/../lib/gcc/arm-none-eabi/9.3.1/../../../../arm-none-eabi/lib/thumb/v7e-m+fp/hard\libc_nano.a(lib_a-init.o)
 .ARM.attributes
                0x0000000000000585       0x34 c:/st/stm32cubeide_1.8.0/stm32cubeide/plugins/com.st.stm32cube.ide.mcu.externaltools.gnu-tools-for-stm32.9-2020-q2-update.win32_2.0.0.202105311346/tools/bin/../lib/gcc/arm-none-eabi/9.3.1/../../../../arm-none-eabi/lib/thumb/v7e-m+fp/hard\libc_nano.a(lib_a-memcpy-stub.o)
 .ARM.attributes
                0x00000000000005b9       0x34 c:/st/stm32cubeide_1.8.0/stm32cubeide/plugins/com.st.stm32cube.ide.mcu.externaltools.gnu-tools-for-stm32.9-2020-q2-update.win32_2.0.0.202105311346/tools/bin/../lib/gcc/arm-none-eabi/9.3.1/../../../../arm-none-eabi/lib/thumb/v7e-m+fp/hard\libc_nano.a(lib_a-memset.o)
 .ARM.attributes
                0x00000000000005ed       0x34 c:/st/stm32cubeide_1.8.0/stm32cubeide/plugins/com.st.stm32cube.ide.mcu.externaltools.gnu-tools-for-stm32.9-2020-q2-update.win32_2.0.0.202105311346/tools/bin/../lib/gcc/arm-none-eabi/9.3.1/../../../../arm-none-eabi/lib/thumb/v7e-m+fp/hard\libc_nano.a(lib_a-printf.o)
 .ARM.attributes
                0x0000000000000621       0x17 c:/st/stm32cubeide_1.8.0/stm32cubeide/plugins/com.st.stm32cube.ide.mcu.externaltools.gnu-tools-for-stm32.9-2020-q2-update.win32_2.0.0.202105311346/tools/bin/../lib/gcc/arm-none-eabi/9.3.1/../../../../arm-none-eabi/lib/thumb/v7e-m+fp/hard\libc_nano.a(lib_a-strlen.o)
 .ARM.attributes
                0x0000000000000638       0x34 c:/st/stm32cubeide_1.8.0/stm32cubeide/plugins/com.st.stm32cube.ide.mcu.externaltools.gnu-tools-for-stm32.9-2020-q2-update.win32_2.0.0.202105311346/tools/bin/../lib/gcc/arm-none-eabi/9.3.1/../../../../arm-none-eabi/lib/thumb/v7e-m+fp/hard\libc_nano.a(lib_a-findfp.o)
 .ARM.attributes
                0x000000000000066c       0x34 c:/st/stm32cubeide_1.8.0/stm32cubeide/plugins/com.st.stm32cube.ide.mcu.externaltools.gnu-tools-for-stm32.9-2020-q2-update.win32_2.0.0.202105311346/tools/bin/../lib/gcc/arm-none-eabi/9.3.1/../../../../arm-none-eabi/lib/thumb/v7e-m+fp/hard\libc_nano.a(lib_a-fwalk.o)
 .ARM.attributes
                0x00000000000006a0       0x34 c:/st/stm32cubeide_1.8.0/stm32cubeide/plugins/com.st.stm32cube.ide.mcu.externaltools.gnu-tools-for-stm32.9-2020-q2-update.win32_2.0.0.202105311346/tools/bin/../lib/gcc/arm-none-eabi/9.3.1/../../../../arm-none-eabi/lib/thumb/v7e-m+fp/hard\libc_nano.a(lib_a-lock.o)
 .ARM.attributes
                0x00000000000006d4       0x34 c:/st/stm32cubeide_1.8.0/stm32cubeide/plugins/com.st.stm32cube.ide.mcu.externaltools.gnu-tools-for-stm32.9-2020-q2-update.win32_2.0.0.202105311346/tools/bin/../lib/gcc/arm-none-eabi/9.3.1/../../../../arm-none-eabi/lib/thumb/v7e-m+fp/hard\libc_nano.a(lib_a-nano-mallocr.o)
 .ARM.attributes
                0x0000000000000708       0x34 c:/st/stm32cubeide_1.8.0/stm32cubeide/plugins/com.st.stm32cube.ide.mcu.externaltools.gnu-tools-for-stm32.9-2020-q2-update.win32_2.0.0.202105311346/tools/bin/../lib/gcc/arm-none-eabi/9.3.1/../../../../arm-none-eabi/lib/thumb/v7e-m+fp/hard\libc_nano.a(lib_a-nano-vfprintf.o)
 .ARM.attributes
                0x000000000000073c       0x34 c:/st/stm32cubeide_1.8.0/stm32cubeide/plugins/com.st.stm32cube.ide.mcu.externaltools.gnu-tools-for-stm32.9-2020-q2-update.win32_2.0.0.202105311346/tools/bin/../lib/gcc/arm-none-eabi/9.3.1/../../../../arm-none-eabi/lib/thumb/v7e-m+fp/hard\libc_nano.a(lib_a-nano-vfprintf_i.o)
 .ARM.attributes
                0x0000000000000770       0x34 c:/st/stm32cubeide_1.8.0/stm32cubeide/plugins/com.st.stm32cube.ide.mcu.externaltools.gnu-tools-for-stm32.9-2020-q2-update.win32_2.0.0.202105311346/tools/bin/../lib/gcc/arm-none-eabi/9.3.1/../../../../arm-none-eabi/lib/thumb/v7e-m+fp/hard\libc_nano.a(lib_a-sbrkr.o)
 .ARM.attributes
                0x00000000000007a4       0x34 c:/st/stm32cubeide_1.8.0/stm32cubeide/plugins/com.st.stm32cube.ide.mcu.externaltools.gnu-tools-for-stm32.9-2020-q2-update.win32_2.0.0.202105311346/tools/bin/../lib/gcc/arm-none-eabi/9.3.1/../../../../arm-none-eabi/lib/thumb/v7e-m+fp/hard\libc_nano.a(lib_a-stdio.o)
 .ARM.attributes
                0x00000000000007d8       0x34 c:/st/stm32cubeide_1.8.0/stm32cubeide/plugins/com.st.stm32cube.ide.mcu.externaltools.gnu-tools-for-stm32.9-2020-q2-update.win32_2.0.0.202105311346/tools/bin/../lib/gcc/arm-none-eabi/9.3.1/../../../../arm-none-eabi/lib/thumb/v7e-m+fp/hard\libc_nano.a(lib_a-wbuf.o)
 .ARM.attributes
                0x000000000000080c       0x34 c:/st/stm32cubeide_1.8.0/stm32cubeide/plugins/com.st.stm32cube.ide.mcu.externaltools.gnu-tools-for-stm32.9-2020-q2-update.win32_2.0.0.202105311346/tools/bin/../lib/gcc/arm-none-eabi/9.3.1/../../../../arm-none-eabi/lib/thumb/v7e-m+fp/hard\libc_nano.a(lib_a-writer.o)
 .ARM.attributes
                0x0000000000000840       0x34 c:/st/stm32cubeide_1.8.0/stm32cubeide/plugins/com.st.stm32cube.ide.mcu.externaltools.gnu-tools-for-stm32.9-2020-q2-update.win32_2.0.0.202105311346/tools/bin/../lib/gcc/arm-none-eabi/9.3.1/../../../../arm-none-eabi/lib/thumb/v7e-m+fp/hard\libc_nano.a(lib_a-wsetup.o)
 .ARM.attributes
                0x0000000000000874       0x34 c:/st/stm32cubeide_1.8.0/stm32cubeide/plugins/com.st.stm32cube.ide.mcu.externaltools.gnu-tools-for-stm32.9-2020-q2-update.win32_2.0.0.202105311346/tools/bin/../lib/gcc/arm-none-eabi/9.3.1/../../../../arm-none-eabi/lib/thumb/v7e-m+fp/hard\libc_nano.a(lib_a-closer.o)
 .ARM.attributes
                0x00000000000008a8       0x34 c:/st/stm32cubeide_1.8.0/stm32cubeide/plugins/com.st.stm32cube.ide.mcu.externaltools.gnu-tools-for-stm32.9-2020-q2-update.win32_2.0.0.202105311346/tools/bin/../lib/gcc/arm-none-eabi/9.3.1/../../../../arm-none-eabi/lib/thumb/v7e-m+fp/hard\libc_nano.a(lib_a-fflush.o)
 .ARM.attributes
                0x00000000000008dc       0x34 c:/st/stm32cubeide_1.8.0/stm32cubeide/plugins/com.st.stm32cube.ide.mcu.externaltools.gnu-tools-for-stm32.9-2020-q2-update.win32_2.0.0.202105311346/tools/bin/../lib/gcc/arm-none-eabi/9.3.1/../../../../arm-none-eabi/lib/thumb/v7e-m+fp/hard\libc_nano.a(lib_a-lseekr.o)
 .ARM.attributes
                0x0000000000000910       0x34 c:/st/stm32cubeide_1.8.0/stm32cubeide/plugins/com.st.stm32cube.ide.mcu.externaltools.gnu-tools-for-stm32.9-2020-q2-update.win32_2.0.0.202105311346/tools/bin/../lib/gcc/arm-none-eabi/9.3.1/../../../../arm-none-eabi/lib/thumb/v7e-m+fp/hard\libc_nano.a(lib_a-makebuf.o)
 .ARM.attributes
                0x0000000000000944       0x1c c:/st/stm32cubeide_1.8.0/stm32cubeide/plugins/com.st.stm32cube.ide.mcu.externaltools.gnu-tools-for-stm32.9-2020-q2-update.win32_2.0.0.202105311346/tools/bin/../lib/gcc/arm-none-eabi/9.3.1/../../../../arm-none-eabi/lib/thumb/v7e-m+fp/hard\libc_nano.a(lib_a-memchr.o)
 .ARM.attributes
                0x0000000000000960       0x34 c:/st/stm32cubeide_1.8.0/stm32cubeide/plugins/com.st.stm32cube.ide.mcu.externaltools.gnu-tools-for-stm32.9-2020-q2-update.win32_2.0.0.202105311346/tools/bin/../lib/gcc/arm-none-eabi/9.3.1/../../../../arm-none-eabi/lib/thumb/v7e-m+fp/hard\libc_nano.a(lib_a-mlock.o)
 .ARM.attributes
                0x0000000000000994       0x34 c:/st/stm32cubeide_1.8.0/stm32cubeide/plugins/com.st.stm32cube.ide.mcu.externaltools.gnu-tools-for-stm32.9-2020-q2-update.win32_2.0.0.202105311346/tools/bin/../lib/gcc/arm-none-eabi/9.3.1/../../../../arm-none-eabi/lib/thumb/v7e-m+fp/hard\libc_nano.a(lib_a-nano-freer.o)
 .ARM.attributes
                0x00000000000009c8       0x34 c:/st/stm32cubeide_1.8.0/stm32cubeide/plugins/com.st.stm32cube.ide.mcu.externaltools.gnu-tools-for-stm32.9-2020-q2-update.win32_2.0.0.202105311346/tools/bin/../lib/gcc/arm-none-eabi/9.3.1/../../../../arm-none-eabi/lib/thumb/v7e-m+fp/hard\libc_nano.a(lib_a-readr.o)
 .ARM.attributes
                0x00000000000009fc       0x34 c:/st/stm32cubeide_1.8.0/stm32cubeide/plugins/com.st.stm32cube.ide.mcu.externaltools.gnu-tools-for-stm32.9-2020-q2-update.win32_2.0.0.202105311346/tools/bin/../lib/gcc/arm-none-eabi/9.3.1/../../../../arm-none-eabi/lib/thumb/v7e-m+fp/hard\libc_nano.a(lib_a-reent.o)
 .ARM.attributes
                0x0000000000000a30       0x34 c:/st/stm32cubeide_1.8.0/stm32cubeide/plugins/com.st.stm32cube.ide.mcu.externaltools.gnu-tools-for-stm32.9-2020-q2-update.win32_2.0.0.202105311346/tools/bin/../lib/gcc/arm-none-eabi/9.3.1/../../../../arm-none-eabi/lib/thumb/v7e-m+fp/hard\libc_nano.a(lib_a-fstatr.o)
 .ARM.attributes
                0x0000000000000a64       0x34 c:/st/stm32cubeide_1.8.0/stm32cubeide/plugins/com.st.stm32cube.ide.mcu.externaltools.gnu-tools-for-stm32.9-2020-q2-update.win32_2.0.0.202105311346/tools/bin/../lib/gcc/arm-none-eabi/9.3.1/../../../../arm-none-eabi/lib/thumb/v7e-m+fp/hard\libc_nano.a(lib_a-isattyr.o)
 .ARM.attributes
                0x0000000000000a98       0x1e c:/st/stm32cubeide_1.8.0/stm32cubeide/plugins/com.st.stm32cube.ide.mcu.externaltools.gnu-tools-for-stm32.9-2020-q2-update.win32_2.0.0.202105311346/tools/bin/../lib/gcc/arm-none-eabi/9.3.1/thumb/v7e-m+fp/hard\libgcc.a(_aeabi_uldivmod.o)
 .ARM.attributes
                0x0000000000000ab6       0x34 c:/st/stm32cubeide_1.8.0/stm32cubeide/plugins/com.st.stm32cube.ide.mcu.externaltools.gnu-tools-for-stm32.9-2020-q2-update.win32_2.0.0.202105311346/tools/bin/../lib/gcc/arm-none-eabi/9.3.1/thumb/v7e-m+fp/hard\libgcc.a(_udivmoddi4.o)
 .ARM.attributes
                0x0000000000000aea       0x1e c:/st/stm32cubeide_1.8.0/stm32cubeide/plugins/com.st.stm32cube.ide.mcu.externaltools.gnu-tools-for-stm32.9-2020-q2-update.win32_2.0.0.202105311346/tools/bin/../lib/gcc/arm-none-eabi/9.3.1/thumb/v7e-m+fp/hard\libgcc.a(_dvmd_tls.o)
 .ARM.attributes
                0x0000000000000b08       0x1e c:/st/stm32cubeide_1.8.0/stm32cubeide/plugins/com.st.stm32cube.ide.mcu.externaltools.gnu-tools-for-stm32.9-2020-q2-update.win32_2.0.0.202105311346/tools/bin/../lib/gcc/arm-none-eabi/9.3.1/thumb/v7e-m+fp/hard/crtn.o
OUTPUT(first-project.elf elf32-littlearm)
LOAD linker stubs
LOAD c:/st/stm32cubeide_1.8.0/stm32cubeide/plugins/com.st.stm32cube.ide.mcu.externaltools.gnu-tools-for-stm32.9-2020-q2-update.win32_2.0.0.202105311346/tools/bin/../lib/gcc/arm-none-eabi/9.3.1/../../../../arm-none-eabi/lib/thumb/v7e-m+fp/hard\libc.a
LOAD c:/st/stm32cubeide_1.8.0/stm32cubeide/plugins/com.st.stm32cube.ide.mcu.externaltools.gnu-tools-for-stm32.9-2020-q2-update.win32_2.0.0.202105311346/tools/bin/../lib/gcc/arm-none-eabi/9.3.1/../../../../arm-none-eabi/lib/thumb/v7e-m+fp/hard\libm.a
LOAD c:/st/stm32cubeide_1.8.0/stm32cubeide/plugins/com.st.stm32cube.ide.mcu.externaltools.gnu-tools-for-stm32.9-2020-q2-update.win32_2.0.0.202105311346/tools/bin/../lib/gcc/arm-none-eabi/9.3.1/thumb/v7e-m+fp/hard\libgcc.a

.debug_info     0x0000000000000000    0x204f0
 .debug_info    0x0000000000000000     0x1784 ./BlueNRG-2/Target/hci_tl_interface.o
 .debug_info    0x0000000000001784     0x1142 ./Core/Src/app_bluenrg.o
 .debug_info    0x00000000000028c6      0xc39 ./Core/Src/custom_bus.o
 .debug_info    0x00000000000034ff     0x197c ./Core/Src/main.o
 .debug_info    0x0000000000004e7b      0xcf6 ./Core/Src/stm32f4xx_hal_msp.o
 .debug_info    0x0000000000005b71      0x7b0 ./Core/Src/stm32f4xx_it.o
 .debug_info    0x0000000000006321      0xfa8 ./Core/Src/syscalls.o
 .debug_info    0x00000000000072c9      0xa25 ./Core/Src/sysmem.o
 .debug_info    0x0000000000007cee      0x5d0 ./Core/Src/system_stm32f4xx.o
 .debug_info    0x00000000000082be       0x22 ./Core/Startup/startup_stm32f411retx.o
 .debug_info    0x00000000000082e0      0x943 ./Drivers/STM32F4xx_HAL_Driver/Src/stm32f4xx_hal.o
 .debug_info    0x0000000000008c23      0xe47 ./Drivers/STM32F4xx_HAL_Driver/Src/stm32f4xx_hal_cortex.o
 .debug_info    0x0000000000009a6a      0x637 ./Drivers/STM32F4xx_HAL_Driver/Src/stm32f4xx_hal_exti.o
 .debug_info    0x000000000000a0a1      0x862 ./Drivers/STM32F4xx_HAL_Driver/Src/stm32f4xx_hal_gpio.o
 .debug_info    0x000000000000a903      0x9bd ./Drivers/STM32F4xx_HAL_Driver/Src/stm32f4xx_hal_rcc.o
 .debug_info    0x000000000000b2c0     0x17b8 ./Drivers/STM32F4xx_HAL_Driver/Src/stm32f4xx_hal_spi.o
 .debug_info    0x000000000000ca78     0x31f2 ./Drivers/STM32F4xx_HAL_Driver/Src/stm32f4xx_hal_uart.o
 .debug_info    0x000000000000fc6a     0x3aed ./Middlewares/ST/BlueNRG-2/hci/bluenrg1_hci_le.o
 .debug_info    0x0000000000013757     0x3fb2 ./Middlewares/ST/BlueNRG-2/hci/controller/bluenrg1_gap_aci.o
 .debug_info    0x0000000000017709     0x4400 ./Middlewares/ST/BlueNRG-2/hci/controller/bluenrg1_gatt_aci.o
 .debug_info    0x000000000001bb09     0x216b ./Middlewares/ST/BlueNRG-2/hci/controller/bluenrg1_hal_aci.o
 .debug_info    0x000000000001dc74     0x17b3 ./Middlewares/ST/BlueNRG-2/hci/hci_tl_patterns/Basic/hci_tl.o
 .debug_info    0x000000000001f427     0x10c9 ./Middlewares/ST/BlueNRG-2/utils/ble_list.o

.debug_abbrev   0x0000000000000000     0x33a1
 .debug_abbrev  0x0000000000000000      0x2bc ./BlueNRG-2/Target/hci_tl_interface.o
 .debug_abbrev  0x00000000000002bc      0x217 ./Core/Src/app_bluenrg.o
 .debug_abbrev  0x00000000000004d3      0x257 ./Core/Src/custom_bus.o
 .debug_abbrev  0x000000000000072a      0x2c4 ./Core/Src/main.o
 .debug_abbrev  0x00000000000009ee      0x1b3 ./Core/Src/stm32f4xx_hal_msp.o
 .debug_abbrev  0x0000000000000ba1      0x17b ./Core/Src/stm32f4xx_it.o
 .debug_abbrev  0x0000000000000d1c      0x286 ./Core/Src/syscalls.o
 .debug_abbrev  0x0000000000000fa2      0x1bf ./Core/Src/sysmem.o
 .debug_abbrev  0x0000000000001161      0x145 ./Core/Src/system_stm32f4xx.o
 .debug_abbrev  0x00000000000012a6       0x12 ./Core/Startup/startup_stm32f411retx.o
 .debug_abbrev  0x00000000000012b8      0x21e ./Drivers/STM32F4xx_HAL_Driver/Src/stm32f4xx_hal.o
 .debug_abbrev  0x00000000000014d6      0x33c ./Drivers/STM32F4xx_HAL_Driver/Src/stm32f4xx_hal_cortex.o
 .debug_abbrev  0x0000000000001812      0x1f3 ./Drivers/STM32F4xx_HAL_Driver/Src/stm32f4xx_hal_exti.o
 .debug_abbrev  0x0000000000001a05      0x1f1 ./Drivers/STM32F4xx_HAL_Driver/Src/stm32f4xx_hal_gpio.o
 .debug_abbrev  0x0000000000001bf6      0x275 ./Drivers/STM32F4xx_HAL_Driver/Src/stm32f4xx_hal_rcc.o
 .debug_abbrev  0x0000000000001e6b      0x26e ./Drivers/STM32F4xx_HAL_Driver/Src/stm32f4xx_hal_spi.o
 .debug_abbrev  0x00000000000020d9      0x2fc ./Drivers/STM32F4xx_HAL_Driver/Src/stm32f4xx_hal_uart.o
 .debug_abbrev  0x00000000000023d5      0x268 ./Middlewares/ST/BlueNRG-2/hci/bluenrg1_hci_le.o
 .debug_abbrev  0x000000000000263d      0x27c ./Middlewares/ST/BlueNRG-2/hci/controller/bluenrg1_gap_aci.o
 .debug_abbrev  0x00000000000028b9      0x28d ./Middlewares/ST/BlueNRG-2/hci/controller/bluenrg1_gatt_aci.o
 .debug_abbrev  0x0000000000002b46      0x284 ./Middlewares/ST/BlueNRG-2/hci/controller/bluenrg1_hal_aci.o
 .debug_abbrev  0x0000000000002dca      0x324 ./Middlewares/ST/BlueNRG-2/hci/hci_tl_patterns/Basic/hci_tl.o
 .debug_abbrev  0x00000000000030ee      0x2b3 ./Middlewares/ST/BlueNRG-2/utils/ble_list.o

.debug_aranges  0x0000000000000000     0x1068
 .debug_aranges
                0x0000000000000000       0x68 ./BlueNRG-2/Target/hci_tl_interface.o
 .debug_aranges
                0x0000000000000068       0x28 ./Core/Src/app_bluenrg.o
 .debug_aranges
                0x0000000000000090       0x60 ./Core/Src/custom_bus.o
 .debug_aranges
                0x00000000000000f0       0x48 ./Core/Src/main.o
 .debug_aranges
                0x0000000000000138       0x30 ./Core/Src/stm32f4xx_hal_msp.o
 .debug_aranges
                0x0000000000000168       0x70 ./Core/Src/stm32f4xx_it.o
 .debug_aranges
                0x00000000000001d8       0xa8 ./Core/Src/syscalls.o
 .debug_aranges
                0x0000000000000280       0x20 ./Core/Src/sysmem.o
 .debug_aranges
                0x00000000000002a0       0x28 ./Core/Src/system_stm32f4xx.o
 .debug_aranges
                0x00000000000002c8       0x28 ./Core/Startup/startup_stm32f411retx.o
 .debug_aranges
                0x00000000000002f0       0xf0 ./Drivers/STM32F4xx_HAL_Driver/Src/stm32f4xx_hal.o
 .debug_aranges
                0x00000000000003e0      0x118 ./Drivers/STM32F4xx_HAL_Driver/Src/stm32f4xx_hal_cortex.o
 .debug_aranges
                0x00000000000004f8       0x60 ./Drivers/STM32F4xx_HAL_Driver/Src/stm32f4xx_hal_exti.o
 .debug_aranges
                0x0000000000000558       0x58 ./Drivers/STM32F4xx_HAL_Driver/Src/stm32f4xx_hal_gpio.o
 .debug_aranges
                0x00000000000005b0       0x88 ./Drivers/STM32F4xx_HAL_Driver/Src/stm32f4xx_hal_rcc.o
 .debug_aranges
                0x0000000000000638      0x1d0 ./Drivers/STM32F4xx_HAL_Driver/Src/stm32f4xx_hal_spi.o
 .debug_aranges
                0x0000000000000808      0x200 ./Drivers/STM32F4xx_HAL_Driver/Src/stm32f4xx_hal_uart.o
 .debug_aranges
                0x0000000000000a08      0x1c8 ./Middlewares/ST/BlueNRG-2/hci/bluenrg1_hci_le.o
 .debug_aranges
                0x0000000000000bd0      0x168 ./Middlewares/ST/BlueNRG-2/hci/controller/bluenrg1_gap_aci.o
 .debug_aranges
                0x0000000000000d38      0x180 ./Middlewares/ST/BlueNRG-2/hci/controller/bluenrg1_gatt_aci.o
 .debug_aranges
                0x0000000000000eb8       0xd8 ./Middlewares/ST/BlueNRG-2/hci/controller/bluenrg1_hal_aci.o
 .debug_aranges
                0x0000000000000f90       0x60 ./Middlewares/ST/BlueNRG-2/hci/hci_tl_patterns/Basic/hci_tl.o
 .debug_aranges
                0x0000000000000ff0       0x78 ./Middlewares/ST/BlueNRG-2/utils/ble_list.o

.debug_ranges   0x0000000000000000      0xf48
 .debug_ranges  0x0000000000000000       0x58 ./BlueNRG-2/Target/hci_tl_interface.o
 .debug_ranges  0x0000000000000058       0x18 ./Core/Src/app_bluenrg.o
 .debug_ranges  0x0000000000000070       0x50 ./Core/Src/custom_bus.o
 .debug_ranges  0x00000000000000c0       0x38 ./Core/Src/main.o
 .debug_ranges  0x00000000000000f8       0x20 ./Core/Src/stm32f4xx_hal_msp.o
 .debug_ranges  0x0000000000000118       0x60 ./Core/Src/stm32f4xx_it.o
 .debug_ranges  0x0000000000000178       0x98 ./Core/Src/syscalls.o
 .debug_ranges  0x0000000000000210       0x10 ./Core/Src/sysmem.o
 .debug_ranges  0x0000000000000220       0x18 ./Core/Src/system_stm32f4xx.o
 .debug_ranges  0x0000000000000238       0x20 ./Core/Startup/startup_stm32f411retx.o
 .debug_ranges  0x0000000000000258       0xe0 ./Drivers/STM32F4xx_HAL_Driver/Src/stm32f4xx_hal.o
 .debug_ranges  0x0000000000000338      0x108 ./Drivers/STM32F4xx_HAL_Driver/Src/stm32f4xx_hal_cortex.o
 .debug_ranges  0x0000000000000440       0x50 ./Drivers/STM32F4xx_HAL_Driver/Src/stm32f4xx_hal_exti.o
 .debug_ranges  0x0000000000000490       0x48 ./Drivers/STM32F4xx_HAL_Driver/Src/stm32f4xx_hal_gpio.o
 .debug_ranges  0x00000000000004d8       0x78 ./Drivers/STM32F4xx_HAL_Driver/Src/stm32f4xx_hal_rcc.o
 .debug_ranges  0x0000000000000550      0x1c0 ./Drivers/STM32F4xx_HAL_Driver/Src/stm32f4xx_hal_spi.o
 .debug_ranges  0x0000000000000710      0x220 ./Drivers/STM32F4xx_HAL_Driver/Src/stm32f4xx_hal_uart.o
 .debug_ranges  0x0000000000000930      0x1b8 ./Middlewares/ST/BlueNRG-2/hci/bluenrg1_hci_le.o
 .debug_ranges  0x0000000000000ae8      0x158 ./Middlewares/ST/BlueNRG-2/hci/controller/bluenrg1_gap_aci.o
 .debug_ranges  0x0000000000000c40      0x170 ./Middlewares/ST/BlueNRG-2/hci/controller/bluenrg1_gatt_aci.o
 .debug_ranges  0x0000000000000db0       0xc8 ./Middlewares/ST/BlueNRG-2/hci/controller/bluenrg1_hal_aci.o
 .debug_ranges  0x0000000000000e78       0x68 ./Middlewares/ST/BlueNRG-2/hci/hci_tl_patterns/Basic/hci_tl.o
 .debug_ranges  0x0000000000000ee0       0x68 ./Middlewares/ST/BlueNRG-2/utils/ble_list.o

.debug_macro    0x0000000000000000    0x19992
 .debug_macro   0x0000000000000000      0x315 ./BlueNRG-2/Target/hci_tl_interface.o
 .debug_macro   0x0000000000000315      0xaa8 ./BlueNRG-2/Target/hci_tl_interface.o
 .debug_macro   0x0000000000000dbd       0x16 ./BlueNRG-2/Target/hci_tl_interface.o
 .debug_macro   0x0000000000000dd3      0x29b ./BlueNRG-2/Target/hci_tl_interface.o
 .debug_macro   0x000000000000106e       0x2e ./BlueNRG-2/Target/hci_tl_interface.o
 .debug_macro   0x000000000000109c       0x28 ./BlueNRG-2/Target/hci_tl_interface.o
 .debug_macro   0x00000000000010c4       0x22 ./BlueNRG-2/Target/hci_tl_interface.o
 .debug_macro   0x00000000000010e6       0x8e ./BlueNRG-2/Target/hci_tl_interface.o
 .debug_macro   0x0000000000001174       0x51 ./BlueNRG-2/Target/hci_tl_interface.o
 .debug_macro   0x00000000000011c5      0x103 ./BlueNRG-2/Target/hci_tl_interface.o
 .debug_macro   0x00000000000012c8       0x6a ./BlueNRG-2/Target/hci_tl_interface.o
 .debug_macro   0x0000000000001332      0x1df ./BlueNRG-2/Target/hci_tl_interface.o
 .debug_macro   0x0000000000001511       0x1c ./BlueNRG-2/Target/hci_tl_interface.o
 .debug_macro   0x000000000000152d       0x22 ./BlueNRG-2/Target/hci_tl_interface.o
 .debug_macro   0x000000000000154f       0xdf ./BlueNRG-2/Target/hci_tl_interface.o
 .debug_macro   0x000000000000162e     0x102d ./BlueNRG-2/Target/hci_tl_interface.o
 .debug_macro   0x000000000000265b      0x11f ./BlueNRG-2/Target/hci_tl_interface.o
 .debug_macro   0x000000000000277a     0xb953 ./BlueNRG-2/Target/hci_tl_interface.o
 .debug_macro   0x000000000000e0cd       0x6d ./BlueNRG-2/Target/hci_tl_interface.o
 .debug_macro   0x000000000000e13a     0x367e ./BlueNRG-2/Target/hci_tl_interface.o
 .debug_macro   0x00000000000117b8      0x174 ./BlueNRG-2/Target/hci_tl_interface.o
 .debug_macro   0x000000000001192c       0x5c ./BlueNRG-2/Target/hci_tl_interface.o
 .debug_macro   0x0000000000011988      0x447 ./BlueNRG-2/Target/hci_tl_interface.o
 .debug_macro   0x0000000000011dcf      0x9fe ./BlueNRG-2/Target/hci_tl_interface.o
 .debug_macro   0x00000000000127cd      0x115 ./BlueNRG-2/Target/hci_tl_interface.o
 .debug_macro   0x00000000000128e2      0x11b ./BlueNRG-2/Target/hci_tl_interface.o
 .debug_macro   0x00000000000129fd       0xa5 ./BlueNRG-2/Target/hci_tl_interface.o
 .debug_macro   0x0000000000012aa2      0x15f ./BlueNRG-2/Target/hci_tl_interface.o
 .debug_macro   0x0000000000012c01      0x287 ./BlueNRG-2/Target/hci_tl_interface.o
 .debug_macro   0x0000000000012e88       0x5f ./BlueNRG-2/Target/hci_tl_interface.o
 .debug_macro   0x0000000000012ee7      0x236 ./BlueNRG-2/Target/hci_tl_interface.o
 .debug_macro   0x000000000001311d      0x132 ./BlueNRG-2/Target/hci_tl_interface.o
 .debug_macro   0x000000000001324f      0x264 ./BlueNRG-2/Target/hci_tl_interface.o
 .debug_macro   0x00000000000134b3       0x2e ./BlueNRG-2/Target/hci_tl_interface.o
 .debug_macro   0x00000000000134e1      0x11a ./BlueNRG-2/Target/hci_tl_interface.o
 .debug_macro   0x00000000000135fb       0x85 ./BlueNRG-2/Target/hci_tl_interface.o
 .debug_macro   0x0000000000013680       0x89 ./BlueNRG-2/Target/hci_tl_interface.o
 .debug_macro   0x0000000000013709      0x225 ./BlueNRG-2/Target/hci_tl_interface.o
 .debug_macro   0x000000000001392e      0x295 ./BlueNRG-2/Target/hci_tl_interface.o
 .debug_macro   0x0000000000013bc3      0x126 ./BlueNRG-2/Target/hci_tl_interface.o
 .debug_macro   0x0000000000013ce9       0x28 ./BlueNRG-2/Target/hci_tl_interface.o
 .debug_macro   0x0000000000013d11       0x82 ./BlueNRG-2/Target/hci_tl_interface.o
 .debug_macro   0x0000000000013d93       0x6a ./BlueNRG-2/Target/hci_tl_interface.o
 .debug_macro   0x0000000000013dfd       0x40 ./BlueNRG-2/Target/hci_tl_interface.o
 .debug_macro   0x0000000000013e3d       0x46 ./BlueNRG-2/Target/hci_tl_interface.o
 .debug_macro   0x0000000000013e83       0x52 ./BlueNRG-2/Target/hci_tl_interface.o
 .debug_macro   0x0000000000013ed5       0x18 ./BlueNRG-2/Target/hci_tl_interface.o
 .debug_macro   0x0000000000013eed       0x3c ./BlueNRG-2/Target/hci_tl_interface.o
 .debug_macro   0x0000000000013f29       0x34 ./BlueNRG-2/Target/hci_tl_interface.o
 .debug_macro   0x0000000000013f5d       0x16 ./BlueNRG-2/Target/hci_tl_interface.o
 .debug_macro   0x0000000000013f73       0x43 ./BlueNRG-2/Target/hci_tl_interface.o
 .debug_macro   0x0000000000013fb6       0x34 ./BlueNRG-2/Target/hci_tl_interface.o
 .debug_macro   0x0000000000013fea       0x10 ./BlueNRG-2/Target/hci_tl_interface.o
 .debug_macro   0x0000000000013ffa       0x58 ./BlueNRG-2/Target/hci_tl_interface.o
 .debug_macro   0x0000000000014052       0x71 ./BlueNRG-2/Target/hci_tl_interface.o
 .debug_macro   0x00000000000140c3       0x1c ./BlueNRG-2/Target/hci_tl_interface.o
 .debug_macro   0x00000000000140df      0x12a ./BlueNRG-2/Target/hci_tl_interface.o
 .debug_macro   0x0000000000014209      0x333 ./BlueNRG-2/Target/hci_tl_interface.o
 .debug_macro   0x000000000001453c       0x10 ./BlueNRG-2/Target/hci_tl_interface.o
 .debug_macro   0x000000000001454c       0x35 ./BlueNRG-2/Target/hci_tl_interface.o
 .debug_macro   0x0000000000014581       0x20 ./BlueNRG-2/Target/hci_tl_interface.o
 .debug_macro   0x00000000000145a1       0xa0 ./BlueNRG-2/Target/hci_tl_interface.o
 .debug_macro   0x0000000000014641      0x481 ./Core/Src/app_bluenrg.o
 .debug_macro   0x0000000000014ac2       0x4c ./Core/Src/app_bluenrg.o
 .debug_macro   0x0000000000014b0e       0x94 ./Core/Src/app_bluenrg.o
 .debug_macro   0x0000000000014ba2       0x16 ./Core/Src/app_bluenrg.o
 .debug_macro   0x0000000000014bb8       0x57 ./Core/Src/app_bluenrg.o
 .debug_macro   0x0000000000014c0f       0x97 ./Core/Src/app_bluenrg.o
 .debug_macro   0x0000000000014ca6      0x339 ./Core/Src/app_bluenrg.o
 .debug_macro   0x0000000000014fdf       0xfd ./Core/Src/app_bluenrg.o
 .debug_macro   0x00000000000150dc       0x10 ./Core/Src/app_bluenrg.o
 .debug_macro   0x00000000000150ec       0x10 ./Core/Src/app_bluenrg.o
 .debug_macro   0x00000000000150fc       0x1c ./Core/Src/app_bluenrg.o
 .debug_macro   0x0000000000015118       0x52 ./Core/Src/app_bluenrg.o
 .debug_macro   0x000000000001516a       0x22 ./Core/Src/app_bluenrg.o
 .debug_macro   0x000000000001518c       0x10 ./Core/Src/app_bluenrg.o
 .debug_macro   0x000000000001519c       0x40 ./Core/Src/app_bluenrg.o
 .debug_macro   0x00000000000151dc       0xd5 ./Core/Src/app_bluenrg.o
 .debug_macro   0x00000000000152b1       0x1c ./Core/Src/app_bluenrg.o
 .debug_macro   0x00000000000152cd       0x3d ./Core/Src/app_bluenrg.o
 .debug_macro   0x000000000001530a       0x16 ./Core/Src/app_bluenrg.o
 .debug_macro   0x0000000000015320      0x145 ./Core/Src/app_bluenrg.o
 .debug_macro   0x0000000000015465       0xd9 ./Core/Src/app_bluenrg.o
 .debug_macro   0x000000000001553e       0x56 ./Core/Src/app_bluenrg.o
 .debug_macro   0x0000000000015594       0x16 ./Core/Src/app_bluenrg.o
 .debug_macro   0x00000000000155aa       0x56 ./Core/Src/app_bluenrg.o
 .debug_macro   0x0000000000015600      0x17e ./Core/Src/app_bluenrg.o